#
# There is insufficient memory for the Java Runtime Environment to continue.
# Native memory allocation (malloc) failed to allocate 335536 bytes for Chunk::new
# Possible reasons:
#   The system is out of physical RAM or swap space
#   The process is running with CompressedOops enabled, and the Java Heap may be blocking the growth of the native heap
# Possible solutions:
#   Reduce memory load on the system
#   Increase physical memory or swap space
#   Check if swap backing store is full
#   Decrease Java heap size (-Xmx/-Xms)
#   Decrease number of Java threads
#   Decrease Java thread stack sizes (-Xss)
#   Set larger code cache with -XX:ReservedCodeCacheSize=
#   JVM is running with Unscaled Compressed Oops mode in which the Java heap is
#     placed in the first 4GB address space. The Java Heap base address is the
#     maximum limit for the native heap growth. Please use -XX:HeapBaseMinAddress
#     to set the Java Heap base and to place the Java Heap above 4GB virtual address.
# This output file may be truncated or incomplete.
#
#  Out of Memory Error (arena.cpp:189), pid=6100, tid=13004
#
# JRE version: Java(TM) SE Runtime Environment (17.0.12+8) (build 17.0.12+8-LTS-286)
# Java VM: Java HotSpot(TM) 64-Bit Server VM (17.0.12+8-LTS-286, mixed mode, sharing, tiered, compressed oops, compressed class ptrs, g1 gc, windows-amd64)
# No core dump will be written. Minidumps are not enabled by default on client versions of Windows
#

---------------  S U M M A R Y ------------

Command Line: -agentlib:jdwp=transport=dt_socket,server=n,suspend=y,address=localhost:53202 -XX:+ShowCodeDetailsInExceptionMessages com.arabsoft.discovery.DiscoveryApplication

Host: Intel(R) Core(TM) i3-14100, 8 cores, 7G,  Windows 10 , 64 bit Build 19041 (10.0.19041.5915)
Time: Tue Nov 18 09:52:03 2025 Paris, Madrid elapsed time: 1759.541662 seconds (0d 0h 29m 19s)

---------------  T H R E A D  ---------------

Current thread (0x0000013902916da0):  JavaThread "C2 CompilerThread0" daemon [_thread_in_native, id=13004, stack(0x0000001d6c700000,0x0000001d6c800000)]


Current CompileTask:
C2:1759542 8919       4       org.glassfish.jersey.server.internal.routing.PathMatchingRouter::apply (291 bytes)

Stack: [0x0000001d6c700000,0x0000001d6c800000]
Native frames: (J=compiled Java code, j=interpreted, Vv=VM code, C=native code)
V  [jvm.dll+0x67a04a]
V  [jvm.dll+0x7da4ed]
V  [jvm.dll+0x7dbe33]
V  [jvm.dll+0x7dc4a3]
V  [jvm.dll+0x24508f]
V  [jvm.dll+0xab773]
V  [jvm.dll+0xabd3c]
V  [jvm.dll+0x2aa52f]
V  [jvm.dll+0x581eb9]
V  [jvm.dll+0x21f422]
V  [jvm.dll+0x21f81f]
V  [jvm.dll+0x218aa0]
V  [jvm.dll+0x215b65]
V  [jvm.dll+0x1a2960]
V  [jvm.dll+0x22610b]
V  [jvm.dll+0x2242ab]
V  [jvm.dll+0x79075c]
V  [jvm.dll+0x78abea]
V  [jvm.dll+0x678f35]
C  [ucrtbase.dll+0x21bb2]
C  [KERNEL32.DLL+0x17374]
C  [ntdll.dll+0x4cc91]


---------------  P R O C E S S  ---------------

Threads class SMR info:
_java_thread_list=0x000001394d2352f0, length=39, elements={
0x00000139028fac90, 0x00000139028fb820, 0x0000013902913c60, 0x0000013902914530,
0x0000013902915410, 0x0000013902915ce0, 0x0000013902916da0, 0x0000013902919f10,
0x000001390291c830, 0x0000013902bd1d60, 0x0000013902bef8b0, 0x0000013902bf40c0,
0x0000013902bf53d0, 0x0000013902c00ac0, 0x000001394a0315e0, 0x000001394a0306b0,
0x000001394a032f30, 0x000001394a031af0, 0x000001394a033440, 0x000001394a032000,
0x000001394a032a20, 0x000001394a0310d0, 0x000001394a030bc0, 0x000001394a032510,
0x000001394a033950, 0x000001395054fff0, 0x000001395054f5d0, 0x000001395054cd50,
0x0000013950549090, 0x000001395054a9e0, 0x000001395054e6a0, 0x0000013950549ab0,
0x000001395054b400, 0x000001395054c330, 0x000001395054b910, 0x00000139505495a0,
0x000001395054aef0, 0x000001395054ebb0, 0x000001395054d770
}

Java Threads: ( => current thread )
  0x00000139028fac90 JavaThread "Reference Handler" daemon [_thread_blocked, id=17040, stack(0x0000001d6c100000,0x0000001d6c200000)]
  0x00000139028fb820 JavaThread "Finalizer" daemon [_thread_blocked, id=10352, stack(0x0000001d6c200000,0x0000001d6c300000)]
  0x0000013902913c60 JavaThread "Signal Dispatcher" daemon [_thread_blocked, id=7908, stack(0x0000001d6c300000,0x0000001d6c400000)]
  0x0000013902914530 JavaThread "Attach Listener" daemon [_thread_blocked, id=16144, stack(0x0000001d6c400000,0x0000001d6c500000)]
  0x0000013902915410 JavaThread "Service Thread" daemon [_thread_blocked, id=5260, stack(0x0000001d6c500000,0x0000001d6c600000)]
  0x0000013902915ce0 JavaThread "Monitor Deflation Thread" daemon [_thread_blocked, id=6656, stack(0x0000001d6c600000,0x0000001d6c700000)]
=>0x0000013902916da0 JavaThread "C2 CompilerThread0" daemon [_thread_in_native, id=13004, stack(0x0000001d6c700000,0x0000001d6c800000)]
  0x0000013902919f10 JavaThread "C1 CompilerThread0" daemon [_thread_blocked, id=14236, stack(0x0000001d6c800000,0x0000001d6c900000)]
  0x000001390291c830 JavaThread "Sweeper thread" daemon [_thread_blocked, id=17116, stack(0x0000001d6c900000,0x0000001d6ca00000)]
  0x0000013902bd1d60 JavaThread "JDWP Transport Listener: dt_socket" daemon [_thread_blocked, id=2752, stack(0x0000001d6ca00000,0x0000001d6cb00000)]
  0x0000013902bef8b0 JavaThread "JDWP Event Helper Thread" daemon [_thread_blocked, id=14864, stack(0x0000001d6cb00000,0x0000001d6cc00000)]
  0x0000013902bf40c0 JavaThread "JDWP Command Reader" daemon [_thread_in_native, id=16708, stack(0x0000001d6cc00000,0x0000001d6cd00000)]
  0x0000013902bf53d0 JavaThread "Notification Thread" daemon [_thread_blocked, id=17028, stack(0x0000001d6cd00000,0x0000001d6ce00000)]
  0x0000013902c00ac0 JavaThread "Common-Cleaner" daemon [_thread_blocked, id=9436, stack(0x0000001d6cf00000,0x0000001d6d000000)]
  0x000001394a0315e0 JavaThread "Catalina-utility-1" [_thread_blocked, id=12120, stack(0x0000001d6dc00000,0x0000001d6dd00000)]
  0x000001394a0306b0 JavaThread "Catalina-utility-2" [_thread_blocked, id=5132, stack(0x0000001d6de00000,0x0000001d6df00000)]
  0x000001394a032f30 JavaThread "container-0" [_thread_blocked, id=2260, stack(0x0000001d6df00000,0x0000001d6e000000)]
  0x000001394a031af0 JavaThread "spring.cloud.inetutils" daemon [_thread_blocked, id=2148, stack(0x0000001d6e000000,0x0000001d6e100000)]
  0x000001394a033440 JavaThread "spectator-gauge-polling-0" daemon [_thread_blocked, id=8352, stack(0x0000001d6e100000,0x0000001d6e200000)]
  0x000001394a032000 JavaThread "Eureka-DeltaRetentionTimer" daemon [_thread_blocked, id=16892, stack(0x0000001d6e200000,0x0000001d6e300000)]
  0x000001394a032a20 JavaThread "Eureka-EvictionTimer" daemon [_thread_blocked, id=17080, stack(0x0000001d6e300000,0x0000001d6e400000)]
  0x000001394a0310d0 JavaThread "Eureka-MeasureRateTimer" daemon [_thread_blocked, id=16256, stack(0x0000001d6e400000,0x0000001d6e500000)]
  0x000001394a030bc0 JavaThread "ReplicaAwareInstanceRegistry - RenewalThresholdUpdater" daemon [_thread_blocked, id=4260, stack(0x0000001d6e500000,0x0000001d6e600000)]
  0x000001394a032510 JavaThread "Eureka-MeasureRateTimer" daemon [_thread_blocked, id=10752, stack(0x0000001d6e600000,0x0000001d6e700000)]
  0x000001394a033950 JavaThread "Eureka-PeerNodesUpdater" daemon [_thread_blocked, id=5460, stack(0x0000001d6e700000,0x0000001d6e800000)]
  0x000001395054fff0 JavaThread "Eureka-CacheFillTimer" daemon [_thread_blocked, id=2480, stack(0x0000001d6e800000,0x0000001d6e900000)]
  0x000001395054f5d0 JavaThread "http-nio-8761-exec-1" daemon [_thread_blocked, id=13632, stack(0x0000001d6ea00000,0x0000001d6eb00000)]
  0x000001395054cd50 JavaThread "http-nio-8761-exec-2" daemon [_thread_blocked, id=9364, stack(0x0000001d6eb00000,0x0000001d6ec00000)]
  0x0000013950549090 JavaThread "http-nio-8761-exec-3" daemon [_thread_blocked, id=10744, stack(0x0000001d6ec00000,0x0000001d6ed00000)]
  0x000001395054a9e0 JavaThread "http-nio-8761-exec-4" daemon [_thread_blocked, id=7940, stack(0x0000001d6ed00000,0x0000001d6ee00000)]
  0x000001395054e6a0 JavaThread "http-nio-8761-exec-5" daemon [_thread_blocked, id=17112, stack(0x0000001d6ee00000,0x0000001d6ef00000)]
  0x0000013950549ab0 JavaThread "http-nio-8761-exec-6" daemon [_thread_blocked, id=5852, stack(0x0000001d6ef00000,0x0000001d6f000000)]
  0x000001395054b400 JavaThread "http-nio-8761-exec-7" daemon [_thread_blocked, id=8468, stack(0x0000001d6f000000,0x0000001d6f100000)]
  0x000001395054c330 JavaThread "http-nio-8761-exec-8" daemon [_thread_blocked, id=16824, stack(0x0000001d6f100000,0x0000001d6f200000)]
  0x000001395054b910 JavaThread "http-nio-8761-exec-9" daemon [_thread_blocked, id=17244, stack(0x0000001d6f200000,0x0000001d6f300000)]
  0x00000139505495a0 JavaThread "http-nio-8761-exec-10" daemon [_thread_blocked, id=17260, stack(0x0000001d6f300000,0x0000001d6f400000)]
  0x000001395054aef0 JavaThread "http-nio-8761-Poller" daemon [_thread_in_native, id=4604, stack(0x0000001d6e900000,0x0000001d6ea00000)]
  0x000001395054ebb0 JavaThread "http-nio-8761-Acceptor" daemon [_thread_in_native, id=17044, stack(0x0000001d6f400000,0x0000001d6f500000)]
  0x000001395054d770 JavaThread "DestroyJavaVM" [_thread_blocked, id=4176, stack(0x0000001d6ba00000,0x0000001d6bb00000)]

Other Threads:
  0x00000139028f5210 VMThread "VM Thread" [stack: 0x0000001d6c000000,0x0000001d6c100000] [id=1852]
  0x0000013902bfe880 WatcherThread [stack: 0x0000001d6ce00000,0x0000001d6cf00000] [id=17064]
  0x0000013964af00f0 GCTaskThread "GC Thread#0" [stack: 0x0000001d6bb00000,0x0000001d6bc00000] [id=16500]
  0x0000013948cc6930 GCTaskThread "GC Thread#1" [stack: 0x0000001d6d100000,0x0000001d6d200000] [id=996]
  0x0000013948e8d4b0 GCTaskThread "GC Thread#2" [stack: 0x0000001d6d200000,0x0000001d6d300000] [id=5736]
  0x0000013948995650 GCTaskThread "GC Thread#3" [stack: 0x0000001d6d300000,0x0000001d6d400000] [id=1416]
  0x0000013948995910 GCTaskThread "GC Thread#4" [stack: 0x0000001d6d400000,0x0000001d6d500000] [id=4768]
  0x0000013948995bd0 GCTaskThread "GC Thread#5" [stack: 0x0000001d6d500000,0x0000001d6d600000] [id=8076]
  0x0000013948995e90 GCTaskThread "GC Thread#6" [stack: 0x0000001d6d600000,0x0000001d6d700000] [id=9328]
  0x0000013948f9d230 GCTaskThread "GC Thread#7" [stack: 0x0000001d6d900000,0x0000001d6da00000] [id=12268]
  0x0000013964b01360 ConcurrentGCThread "G1 Main Marker" [stack: 0x0000001d6bc00000,0x0000001d6bd00000] [id=9916]
  0x0000013964b03b90 ConcurrentGCThread "G1 Conc#0" [stack: 0x0000001d6bd00000,0x0000001d6be00000] [id=2952]
  0x000001394a0adde0 ConcurrentGCThread "G1 Conc#1" [stack: 0x0000001d6dd00000,0x0000001d6de00000] [id=17216]
  0x0000013964b48ba0 ConcurrentGCThread "G1 Refine#0" [stack: 0x0000001d6be00000,0x0000001d6bf00000] [id=7048]
  0x00000139489eae20 ConcurrentGCThread "G1 Refine#1" [stack: 0x0000001d6d700000,0x0000001d6d800000] [id=10128]
  0x00000139027b2610 ConcurrentGCThread "G1 Service" [stack: 0x0000001d6bf00000,0x0000001d6c000000] [id=2400]

Threads with active compile tasks:
C2 CompilerThread0  1759591 8919       4       org.glassfish.jersey.server.internal.routing.PathMatchingRouter::apply (291 bytes)

VM state: not at safepoint (normal execution)

VM Mutex/Monitor currently owned by a thread: None

Heap address: 0x0000000086000000, size: 1952 MB, Compressed Oops mode: 32-bit

CDS archive(s) mapped at: [0x0000013903000000-0x0000013903bd0000-0x0000013903bd0000), size 12386304, SharedBaseAddress: 0x0000013903000000, ArchiveRelocationMode: 1.
Compressed class space mapped at: 0x0000013904000000-0x0000013944000000, reserved size: 1073741824
Narrow klass base: 0x0000013903000000, Narrow klass shift: 0, Narrow klass range: 0x100000000

GC Precious Log:
 CPUs: 8 total, 8 available
 Memory: 7806M
 Large Page Support: Disabled
 NUMA Support: Disabled
 Compressed Oops: Enabled (32-bit)
 Heap Region Size: 1M
 Heap Min Capacity: 8M
 Heap Initial Capacity: 122M
 Heap Max Capacity: 1952M
 Pre-touch: Disabled
 Parallel Workers: 8
 Concurrent Workers: 2
 Concurrent Refinement Workers: 8
 Periodic GC: Disabled

Heap:
 garbage-first heap   total 81920K, used 58725K [0x0000000086000000, 0x0000000100000000)
  region size 1024K, 25 young (25600K), 2 survivors (2048K)
 Metaspace       used 57309K, committed 57856K, reserved 1114112K
  class space    used 7373K, committed 7680K, reserved 1048576K

Heap Regions: E=young(eden), S=young(survivor), O=old, HS=humongous(starts), HC=humongous(continues), CS=collection set, F=free, OA=open archive, CA=closed archive, TAMS=top-at-mark-start (previous, next)
|   0|0x0000000086000000, 0x0000000086100000, 0x0000000086100000|100%|HS|  |TAMS 0x0000000086100000, 0x0000000086000000| Complete 
|   1|0x0000000086100000, 0x0000000086200000, 0x0000000086200000|100%| O|  |TAMS 0x0000000086200000, 0x0000000086100000| Untracked 
|   2|0x0000000086200000, 0x0000000086300000, 0x0000000086300000|100%| O|  |TAMS 0x0000000086300000, 0x0000000086200000| Untracked 
|   3|0x0000000086300000, 0x0000000086400000, 0x0000000086400000|100%| O|  |TAMS 0x0000000086400000, 0x0000000086300000| Untracked 
|   4|0x0000000086400000, 0x0000000086500000, 0x0000000086500000|100%| O|  |TAMS 0x0000000086500000, 0x0000000086400000| Untracked 
|   5|0x0000000086500000, 0x0000000086600000, 0x0000000086600000|100%| O|  |TAMS 0x0000000086600000, 0x0000000086500000| Untracked 
|   6|0x0000000086600000, 0x0000000086700000, 0x0000000086700000|100%| O|  |TAMS 0x0000000086700000, 0x0000000086600000| Untracked 
|   7|0x0000000086700000, 0x0000000086800000, 0x0000000086800000|100%| O|  |TAMS 0x0000000086700000, 0x0000000086700000| Untracked 
|   8|0x0000000086800000, 0x0000000086900000, 0x0000000086900000|100%| O|  |TAMS 0x0000000086900000, 0x0000000086800000| Untracked 
|   9|0x0000000086900000, 0x0000000086a00000, 0x0000000086a00000|100%| O|  |TAMS 0x0000000086a00000, 0x0000000086900000| Untracked 
|  10|0x0000000086a00000, 0x0000000086b00000, 0x0000000086b00000|100%| O|  |TAMS 0x0000000086b00000, 0x0000000086a00000| Untracked 
|  11|0x0000000086b00000, 0x0000000086c00000, 0x0000000086c00000|100%| O|  |TAMS 0x0000000086c00000, 0x0000000086b00000| Untracked 
|  12|0x0000000086c00000, 0x0000000086d00000, 0x0000000086d00000|100%| O|  |TAMS 0x0000000086d00000, 0x0000000086c00000| Untracked 
|  13|0x0000000086d00000, 0x0000000086e00000, 0x0000000086e00000|100%| O|  |TAMS 0x0000000086d00000, 0x0000000086d00000| Untracked 
|  14|0x0000000086e00000, 0x0000000086e2ac00, 0x0000000086f00000| 16%| O|  |TAMS 0x0000000086e00000, 0x0000000086e00000| Untracked 
|  15|0x0000000086f00000, 0x0000000087000000, 0x0000000087000000|100%| O|  |TAMS 0x0000000086f00000, 0x0000000086f00000| Untracked 
|  16|0x0000000087000000, 0x0000000087100000, 0x0000000087100000|100%| O|  |TAMS 0x0000000087000000, 0x0000000087000000| Untracked 
|  17|0x0000000087100000, 0x0000000087200000, 0x0000000087200000|100%| O|  |TAMS 0x0000000087100000, 0x0000000087100000| Untracked 
|  18|0x0000000087200000, 0x0000000087300000, 0x0000000087300000|100%| O|  |TAMS 0x0000000087200000, 0x0000000087200000| Untracked 
|  19|0x0000000087300000, 0x0000000087400000, 0x0000000087400000|100%| O|  |TAMS 0x0000000087400000, 0x0000000087300000| Untracked 
|  20|0x0000000087400000, 0x0000000087500000, 0x0000000087500000|100%| O|  |TAMS 0x0000000087500000, 0x0000000087400000| Untracked 
|  21|0x0000000087500000, 0x0000000087600000, 0x0000000087600000|100%| O|  |TAMS 0x0000000087600000, 0x0000000087500000| Untracked 
|  22|0x0000000087600000, 0x0000000087700000, 0x0000000087700000|100%| O|  |TAMS 0x000000008764e000, 0x0000000087600000| Untracked 
|  23|0x0000000087700000, 0x0000000087800000, 0x0000000087800000|100%| O|  |TAMS 0x0000000087700000, 0x0000000087700000| Untracked 
|  24|0x0000000087800000, 0x0000000087900000, 0x0000000087900000|100%| O|  |TAMS 0x0000000087800000, 0x0000000087800000| Untracked 
|  25|0x0000000087900000, 0x0000000087a00000, 0x0000000087a00000|100%| O|  |TAMS 0x0000000087900000, 0x0000000087900000| Untracked 
|  26|0x0000000087a00000, 0x0000000087b00000, 0x0000000087b00000|100%| O|  |TAMS 0x0000000087a00000, 0x0000000087a00000| Untracked 
|  27|0x0000000087b00000, 0x0000000087c00000, 0x0000000087c00000|100%| O|  |TAMS 0x0000000087b00000, 0x0000000087b00000| Untracked 
|  28|0x0000000087c00000, 0x0000000087d00000, 0x0000000087d00000|100%| O|  |TAMS 0x0000000087c00000, 0x0000000087c00000| Untracked 
|  29|0x0000000087d00000, 0x0000000087e00000, 0x0000000087e00000|100%| O|  |TAMS 0x0000000087d00000, 0x0000000087d00000| Untracked 
|  30|0x0000000087e00000, 0x0000000087f00000, 0x0000000087f00000|100%| O|  |TAMS 0x0000000087e00000, 0x0000000087e00000| Untracked 
|  31|0x0000000087f00000, 0x0000000087f8c800, 0x0000000088000000| 54%| O|  |TAMS 0x0000000087f00000, 0x0000000087f00000| Untracked 
|  32|0x0000000088000000, 0x0000000088100000, 0x0000000088100000|100%| O|  |TAMS 0x0000000088000000, 0x0000000088000000| Untracked 
|  33|0x0000000088100000, 0x0000000088200000, 0x0000000088200000|100%| O|  |TAMS 0x0000000088100000, 0x0000000088100000| Untracked 
|  34|0x0000000088200000, 0x0000000088300000, 0x0000000088300000|100%| O|  |TAMS 0x0000000088200000, 0x0000000088200000| Untracked 
|  35|0x0000000088300000, 0x0000000088300000, 0x0000000088400000|  0%| F|  |TAMS 0x0000000088300000, 0x0000000088300000| Untracked 
|  36|0x0000000088400000, 0x0000000088400000, 0x0000000088500000|  0%| F|  |TAMS 0x0000000088400000, 0x0000000088400000| Untracked 
|  37|0x0000000088500000, 0x0000000088500000, 0x0000000088600000|  0%| F|  |TAMS 0x0000000088500000, 0x0000000088500000| Untracked 
|  38|0x0000000088600000, 0x0000000088600000, 0x0000000088700000|  0%| F|  |TAMS 0x0000000088600000, 0x0000000088600000| Untracked 
|  39|0x0000000088700000, 0x0000000088700000, 0x0000000088800000|  0%| F|  |TAMS 0x0000000088700000, 0x0000000088700000| Untracked 
|  40|0x0000000088800000, 0x0000000088800000, 0x0000000088900000|  0%| F|  |TAMS 0x0000000088800000, 0x0000000088800000| Untracked 
|  41|0x0000000088900000, 0x0000000088900000, 0x0000000088a00000|  0%| F|  |TAMS 0x0000000088900000, 0x0000000088900000| Untracked 
|  42|0x0000000088a00000, 0x0000000088a00000, 0x0000000088b00000|  0%| F|  |TAMS 0x0000000088a00000, 0x0000000088a00000| Untracked 
|  43|0x0000000088b00000, 0x0000000088b00000, 0x0000000088c00000|  0%| F|  |TAMS 0x0000000088b00000, 0x0000000088b00000| Untracked 
|  44|0x0000000088c00000, 0x0000000088c00000, 0x0000000088d00000|  0%| F|  |TAMS 0x0000000088c00000, 0x0000000088c00000| Untracked 
|  45|0x0000000088d00000, 0x0000000088d00000, 0x0000000088e00000|  0%| F|  |TAMS 0x0000000088d00000, 0x0000000088d00000| Untracked 
|  46|0x0000000088e00000, 0x0000000088e00000, 0x0000000088f00000|  0%| F|  |TAMS 0x0000000088e00000, 0x0000000088e00000| Untracked 
|  47|0x0000000088f00000, 0x0000000088f00000, 0x0000000089000000|  0%| F|  |TAMS 0x0000000088f00000, 0x0000000088f00000| Untracked 
|  48|0x0000000089000000, 0x0000000089000000, 0x0000000089100000|  0%| F|  |TAMS 0x0000000089000000, 0x0000000089000000| Untracked 
|  49|0x0000000089100000, 0x0000000089100000, 0x0000000089200000|  0%| F|  |TAMS 0x0000000089100000, 0x0000000089100000| Untracked 
|  50|0x0000000089200000, 0x00000000892a22a8, 0x0000000089300000| 63%| S|CS|TAMS 0x0000000089200000, 0x0000000089200000| Complete 
|  51|0x0000000089300000, 0x0000000089300000, 0x0000000089400000|  0%| F|  |TAMS 0x0000000089300000, 0x0000000089300000| Untracked 
|  52|0x0000000089400000, 0x0000000089500000, 0x0000000089500000|100%| S|CS|TAMS 0x0000000089400000, 0x0000000089400000| Complete 
|  53|0x0000000089500000, 0x0000000089500000, 0x0000000089600000|  0%| F|  |TAMS 0x0000000089500000, 0x0000000089500000| Untracked 
|  54|0x0000000089600000, 0x0000000089600000, 0x0000000089700000|  0%| F|  |TAMS 0x0000000089600000, 0x0000000089600000| Untracked 
|  55|0x0000000089700000, 0x0000000089700000, 0x0000000089800000|  0%| F|  |TAMS 0x0000000089700000, 0x0000000089700000| Untracked 
|  56|0x0000000089800000, 0x0000000089800000, 0x0000000089900000|  0%| F|  |TAMS 0x0000000089800000, 0x0000000089800000| Untracked 
|  57|0x0000000089900000, 0x000000008998c808, 0x0000000089a00000| 54%| E|  |TAMS 0x0000000089900000, 0x0000000089900000| Complete 
|  58|0x0000000089a00000, 0x0000000089b00000, 0x0000000089b00000|100%| E|CS|TAMS 0x0000000089a00000, 0x0000000089a00000| Complete 
|  59|0x0000000089b00000, 0x0000000089c00000, 0x0000000089c00000|100%| E|CS|TAMS 0x0000000089b00000, 0x0000000089b00000| Complete 
|  60|0x0000000089c00000, 0x0000000089d00000, 0x0000000089d00000|100%| E|CS|TAMS 0x0000000089c00000, 0x0000000089c00000| Complete 
|  61|0x0000000089d00000, 0x0000000089e00000, 0x0000000089e00000|100%| E|CS|TAMS 0x0000000089d00000, 0x0000000089d00000| Complete 
|  62|0x0000000089e00000, 0x0000000089f00000, 0x0000000089f00000|100%| E|CS|TAMS 0x0000000089e00000, 0x0000000089e00000| Complete 
|  63|0x0000000089f00000, 0x000000008a000000, 0x000000008a000000|100%| E|CS|TAMS 0x0000000089f00000, 0x0000000089f00000| Complete 
|  64|0x000000008a000000, 0x000000008a100000, 0x000000008a100000|100%| E|CS|TAMS 0x000000008a000000, 0x000000008a000000| Complete 
|  65|0x000000008a100000, 0x000000008a200000, 0x000000008a200000|100%| E|CS|TAMS 0x000000008a100000, 0x000000008a100000| Complete 
|  66|0x000000008a200000, 0x000000008a300000, 0x000000008a300000|100%| E|CS|TAMS 0x000000008a200000, 0x000000008a200000| Complete 
|  67|0x000000008a300000, 0x000000008a400000, 0x000000008a400000|100%| E|CS|TAMS 0x000000008a300000, 0x000000008a300000| Complete 
|  68|0x000000008a400000, 0x000000008a500000, 0x000000008a500000|100%| E|CS|TAMS 0x000000008a400000, 0x000000008a400000| Complete 
|  69|0x000000008a500000, 0x000000008a600000, 0x000000008a600000|100%| E|CS|TAMS 0x000000008a500000, 0x000000008a500000| Complete 
|  70|0x000000008a600000, 0x000000008a700000, 0x000000008a700000|100%| E|CS|TAMS 0x000000008a600000, 0x000000008a600000| Complete 
|  71|0x000000008a700000, 0x000000008a800000, 0x000000008a800000|100%| E|CS|TAMS 0x000000008a700000, 0x000000008a700000| Complete 
|  72|0x000000008a800000, 0x000000008a900000, 0x000000008a900000|100%| E|CS|TAMS 0x000000008a800000, 0x000000008a800000| Complete 
|  73|0x000000008a900000, 0x000000008aa00000, 0x000000008aa00000|100%| E|CS|TAMS 0x000000008a900000, 0x000000008a900000| Complete 
|  74|0x000000008aa00000, 0x000000008ab00000, 0x000000008ab00000|100%| E|CS|TAMS 0x000000008aa00000, 0x000000008aa00000| Complete 
|  87|0x000000008b700000, 0x000000008b800000, 0x000000008b800000|100%| E|CS|TAMS 0x000000008b700000, 0x000000008b700000| Complete 
|  88|0x000000008b800000, 0x000000008b900000, 0x000000008b900000|100%| E|CS|TAMS 0x000000008b800000, 0x000000008b800000| Complete 
|  89|0x000000008b900000, 0x000000008ba00000, 0x000000008ba00000|100%| E|CS|TAMS 0x000000008b900000, 0x000000008b900000| Complete 
|  90|0x000000008ba00000, 0x000000008bb00000, 0x000000008bb00000|100%| E|CS|TAMS 0x000000008ba00000, 0x000000008ba00000| Complete 
| 121|0x000000008d900000, 0x000000008da00000, 0x000000008da00000|100%| E|CS|TAMS 0x000000008d900000, 0x000000008d900000| Complete 

Card table byte_map: [0x000001397ba40000,0x000001397be10000] _byte_map_base: 0x000001397b610000

Marking Bits (Prev, Next): (CMBitMap*) 0x0000013964af1630, (CMBitMap*) 0x0000013964af1670
 Prev Bits: [0x000001397c1e0000, 0x000001397e060000)
 Next Bits: [0x000001397e060000, 0x000001397fee0000)

Polling page: 0x0000013962960000

Metaspace:

Usage:
  Non-class:     48.77 MB used.
      Class:      7.20 MB used.
       Both:     55.97 MB used.

Virtual space:
  Non-class space:       64.00 MB reserved,      49.00 MB ( 77%) committed,  1 nodes.
      Class space:        1.00 GB reserved,       7.50 MB ( <1%) committed,  1 nodes.
             Both:        1.06 GB reserved,      56.50 MB (  5%) committed. 

Chunk freelists:
   Non-Class:  14.63 MB
       Class:  8.54 MB
        Both:  23.17 MB

MaxMetaspaceSize: unlimited
CompressedClassSpaceSize: 1.00 GB
Initial GC threshold: 21.00 MB
Current GC threshold: 58.88 MB
CDS: on
MetaspaceReclaimPolicy: balanced
 - commit_granule_bytes: 65536.
 - commit_granule_words: 8192.
 - virtual_space_node_default_size: 8388608.
 - enlarge_chunks_in_place: 1.
 - new_chunks_are_fully_committed: 0.
 - uncommit_free_chunks: 1.
 - use_allocation_guard: 0.
 - handle_deallocations: 1.


Internal statistics:

num_allocs_failed_limit: 6.
num_arena_births: 806.
num_arena_deaths: 0.
num_vsnodes_births: 2.
num_vsnodes_deaths: 0.
num_space_committed: 904.
num_space_uncommitted: 0.
num_chunks_returned_to_freelist: 6.
num_chunks_taken_from_freelist: 2966.
num_chunk_merges: 6.
num_chunk_splits: 2032.
num_chunks_enlarged: 1524.
num_inconsistent_stats: 0.

CodeHeap 'non-profiled nmethods': size=120000Kb used=7017Kb max_used=7017Kb free=112982Kb
 bounds [0x0000013973e10000, 0x00000139744f0000, 0x000001397b340000]
CodeHeap 'profiled nmethods': size=120000Kb used=17596Kb max_used=17596Kb free=102404Kb
 bounds [0x000001396c340000, 0x000001396d470000, 0x0000013973870000]
CodeHeap 'non-nmethods': size=5760Kb used=1364Kb max_used=1433Kb free=4395Kb
 bounds [0x0000013973870000, 0x0000013973ae0000, 0x0000013973e10000]
 total_blobs=8720 nmethods=8096 adapters=536
 compilation: enabled
              stopped_count=0, restarted_count=0
 full_count=0

Compilation events (20 events):
Event: 1756.276 Thread 0x0000013902919f10 8887       3       com.fasterxml.jackson.core.io.NumberOutput::_outputUptoMillion (106 bytes)
Event: 1756.278 Thread 0x0000013902919f10 nmethod 8887 0x000001396d467a90 code [0x000001396d467c40, 0x000001396d467f38]
Event: 1756.278 Thread 0x0000013902919f10 8888       3       com.fasterxml.jackson.core.JsonStreamContext::inArray (14 bytes)
Event: 1756.278 Thread 0x0000013902919f10 nmethod 8888 0x000001396d468190 code [0x000001396d468320, 0x000001396d468498]
Event: 1756.283 Thread 0x0000013902916da0 nmethod 8885 0x00000139744ea110 code [0x00000139744ea2a0, 0x00000139744ea498]
Event: 1756.405 Thread 0x0000013902919f10 8889       3       org.glassfish.jersey.server.model.internal.ResourceMethodInvocationHandlerFactory$$Lambda$930/0x00000139045ac638::invoke (7 bytes)
Event: 1756.414 Thread 0x0000013902919f10 nmethod 8889 0x000001396d468510 code [0x000001396d468700, 0x000001396d468c78]
Event: 1756.414 Thread 0x0000013902919f10 8898       3       org.glassfish.jersey.internal.util.collection.GuardianStringKeyMultivaluedMap::putAll (50 bytes)
Event: 1756.419 Thread 0x0000013902919f10 nmethod 8898 0x000001396d468f90 code [0x000001396d4691a0, 0x000001396d469898]
Event: 1756.419 Thread 0x0000013902919f10 8902       3       org.glassfish.jersey.internal.util.collection.KeyComparatorHashMap::putAll (133 bytes)
Event: 1756.426 Thread 0x0000013902919f10 nmethod 8902 0x000001396d469a90 code [0x000001396d469d20, 0x000001396d46a8e8]
Event: 1756.426 Thread 0x0000013902919f10 8890       3       org.glassfish.jersey.server.model.internal.ResourceMethodInvocationHandlerFactory::lambda$static$0 (7 bytes)
Event: 1756.427 Thread 0x0000013902919f10 nmethod 8890 0x000001396d46ac10 code [0x000001396d46ae00, 0x000001396d46b2b8]
Event: 1756.427 Thread 0x0000013902919f10 8891       3       org.glassfish.jersey.internal.AbstractRuntimeDelegate::createResponseBuilder (19 bytes)
Event: 1756.430 Thread 0x0000013902919f10 nmethod 8891 0x000001396d46b510 code [0x000001396d46b6e0, 0x000001396d46ba88]
Event: 1756.430 Thread 0x0000013902919f10 8892       3       org.glassfish.jersey.message.internal.OutboundMessageContext::<init> (68 bytes)
Event: 1756.463 Thread 0x0000013902919f10 nmethod 8892 0x000001396d46bc10 code [0x000001396d46bfe0, 0x000001396d46dd18]
Event: 1757.258 Thread 0x0000013902919f10 8918       3       java.util.ArrayDeque$DescendingIterator::next (62 bytes)
Event: 1757.263 Thread 0x0000013902919f10 nmethod 8918 0x000001396d46e710 code [0x000001396d46e900, 0x000001396d46edb8]
Event: 1759.435 Thread 0x0000013902916da0 8919       4       org.glassfish.jersey.server.internal.routing.PathMatchingRouter::apply (291 bytes)

GC Heap History (20 events):
Event: 1.695 GC heap before
{Heap before GC invocations=5 (full 0):
 garbage-first heap   total 51200K, used 16889K [0x0000000086000000, 0x0000000100000000)
  region size 1024K, 7 young (7168K), 6 survivors (6144K)
 Metaspace       used 23191K, committed 23552K, reserved 1114112K
  class space    used 2832K, committed 3008K, reserved 1048576K
}
Event: 1.699 GC heap after
{Heap after GC invocations=6 (full 0):
 garbage-first heap   total 51200K, used 16696K [0x0000000086000000, 0x0000000100000000)
  region size 1024K, 1 young (1024K), 1 survivors (1024K)
 Metaspace       used 23191K, committed 23552K, reserved 1114112K
  class space    used 2832K, committed 3008K, reserved 1048576K
}
Event: 1.930 GC heap before
{Heap before GC invocations=6 (full 0):
 garbage-first heap   total 51200K, used 35128K [0x0000000086000000, 0x0000000100000000)
  region size 1024K, 19 young (19456K), 1 survivors (1024K)
 Metaspace       used 25361K, committed 25600K, reserved 1114112K
  class space    used 3127K, committed 3264K, reserved 1048576K
}
Event: 1.932 GC heap after
{Heap after GC invocations=7 (full 0):
 garbage-first heap   total 51200K, used 17258K [0x0000000086000000, 0x0000000100000000)
  region size 1024K, 2 young (2048K), 2 survivors (2048K)
 Metaspace       used 25361K, committed 25600K, reserved 1114112K
  class space    used 3127K, committed 3264K, reserved 1048576K
}
Event: 2.204 GC heap before
{Heap before GC invocations=7 (full 0):
 garbage-first heap   total 51200K, used 35690K [0x0000000086000000, 0x0000000100000000)
  region size 1024K, 20 young (20480K), 2 survivors (2048K)
 Metaspace       used 28422K, committed 28864K, reserved 1114112K
  class space    used 3542K, committed 3776K, reserved 1048576K
}
Event: 2.208 GC heap after
{Heap after GC invocations=8 (full 0):
 garbage-first heap   total 97280K, used 18730K [0x0000000086000000, 0x0000000100000000)
  region size 1024K, 3 young (3072K), 3 survivors (3072K)
 Metaspace       used 28422K, committed 28864K, reserved 1114112K
  class space    used 3542K, committed 3776K, reserved 1048576K
}
Event: 2.814 GC heap before
{Heap before GC invocations=8 (full 0):
 garbage-first heap   total 97280K, used 73002K [0x0000000086000000, 0x0000000100000000)
  region size 1024K, 55 young (56320K), 3 survivors (3072K)
 Metaspace       used 34863K, committed 35264K, reserved 1114112K
  class space    used 4417K, committed 4608K, reserved 1048576K
}
Event: 2.821 GC heap after
{Heap after GC invocations=9 (full 0):
 garbage-first heap   total 97280K, used 21816K [0x0000000086000000, 0x0000000100000000)
  region size 1024K, 6 young (6144K), 6 survivors (6144K)
 Metaspace       used 34863K, committed 35264K, reserved 1114112K
  class space    used 4417K, committed 4608K, reserved 1048576K
}
Event: 2.867 GC heap before
{Heap before GC invocations=9 (full 0):
 garbage-first heap   total 97280K, used 24888K [0x0000000086000000, 0x0000000100000000)
  region size 1024K, 10 young (10240K), 6 survivors (6144K)
 Metaspace       used 35579K, committed 35968K, reserved 1114112K
  class space    used 4524K, committed 4736K, reserved 1048576K
}
Event: 2.873 GC heap after
{Heap after GC invocations=10 (full 0):
 garbage-first heap   total 97280K, used 22184K [0x0000000086000000, 0x0000000100000000)
  region size 1024K, 4 young (4096K), 4 survivors (4096K)
 Metaspace       used 35579K, committed 35968K, reserved 1114112K
  class space    used 4524K, committed 4736K, reserved 1048576K
}
Event: 3.371 GC heap before
{Heap before GC invocations=11 (full 0):
 garbage-first heap   total 81920K, used 66216K [0x0000000086000000, 0x0000000100000000)
  region size 1024K, 48 young (49152K), 4 survivors (4096K)
 Metaspace       used 42017K, committed 42496K, reserved 1114112K
  class space    used 5452K, committed 5696K, reserved 1048576K
}
Event: 3.379 GC heap after
{Heap after GC invocations=12 (full 0):
 garbage-first heap   total 81920K, used 28251K [0x0000000086000000, 0x0000000100000000)
  region size 1024K, 6 young (6144K), 6 survivors (6144K)
 Metaspace       used 42017K, committed 42496K, reserved 1114112K
  class space    used 5452K, committed 5696K, reserved 1048576K
}
Event: 3.900 GC heap before
{Heap before GC invocations=12 (full 0):
 garbage-first heap   total 81920K, used 61019K [0x0000000086000000, 0x0000000100000000)
  region size 1024K, 38 young (38912K), 6 survivors (6144K)
 Metaspace       used 46601K, committed 47104K, reserved 1114112K
  class space    used 6215K, committed 6464K, reserved 1048576K
}
Event: 3.904 GC heap after
{Heap after GC invocations=13 (full 0):
 garbage-first heap   total 81920K, used 31910K [0x0000000086000000, 0x0000000100000000)
  region size 1024K, 4 young (4096K), 4 survivors (4096K)
 Metaspace       used 46601K, committed 47104K, reserved 1114112K
  class space    used 6215K, committed 6464K, reserved 1048576K
}
Event: 8.804 GC heap before
{Heap before GC invocations=13 (full 0):
 garbage-first heap   total 81920K, used 61606K [0x0000000086000000, 0x0000000100000000)
  region size 1024K, 33 young (33792K), 4 survivors (4096K)
 Metaspace       used 52431K, committed 52992K, reserved 1114112K
  class space    used 6986K, committed 7296K, reserved 1048576K
}
Event: 8.807 GC heap after
{Heap after GC invocations=14 (full 0):
 garbage-first heap   total 81920K, used 34642K [0x0000000086000000, 0x0000000100000000)
  region size 1024K, 3 young (3072K), 3 survivors (3072K)
 Metaspace       used 52431K, committed 52992K, reserved 1114112K
  class space    used 6986K, committed 7296K, reserved 1048576K
}
Event: 436.478 GC heap before
{Heap before GC invocations=14 (full 0):
 garbage-first heap   total 81920K, used 63314K [0x0000000086000000, 0x0000000100000000)
  region size 1024K, 31 young (31744K), 3 survivors (3072K)
 Metaspace       used 56404K, committed 56960K, reserved 1114112K
  class space    used 7373K, committed 7680K, reserved 1048576K
}
Event: 436.514 GC heap after
{Heap after GC invocations=15 (full 0):
 garbage-first heap   total 81920K, used 36304K [0x0000000086000000, 0x0000000100000000)
  region size 1024K, 2 young (2048K), 2 survivors (2048K)
 Metaspace       used 56404K, committed 56960K, reserved 1114112K
  class space    used 7373K, committed 7680K, reserved 1048576K
}
Event: 1152.554 GC heap before
{Heap before GC invocations=15 (full 0):
 garbage-first heap   total 81920K, used 63952K [0x0000000086000000, 0x0000000100000000)
  region size 1024K, 29 young (29696K), 2 survivors (2048K)
 Metaspace       used 57227K, committed 57792K, reserved 1114112K
  class space    used 7373K, committed 7680K, reserved 1048576K
}
Event: 1152.576 GC heap after
{Heap after GC invocations=16 (full 0):
 garbage-first heap   total 81920K, used 36197K [0x0000000086000000, 0x0000000100000000)
  region size 1024K, 2 young (2048K), 2 survivors (2048K)
 Metaspace       used 57227K, committed 57792K, reserved 1114112K
  class space    used 7373K, committed 7680K, reserved 1048576K
}

Deoptimization events (20 events):
Event: 1362.101 Thread 0x000001395054a9e0 Uncommon trap: trap_request=0xffffffbe fr.pc=0x00000139744bbdd4 relative=0x00000000000001b4
Event: 1362.102 Thread 0x000001395054a9e0 Uncommon trap: reason=profile_predicate action=maybe_recompile pc=0x00000139744bbdd4 method=java.util.LinkedHashMap.valuesToArray([Ljava/lang/Object;)[Ljava/lang/Object; @ 12 c2
Event: 1362.102 Thread 0x000001395054a9e0 DEOPT PACKING pc=0x00000139744bbdd4 sp=0x0000001d6edfd1d0
Event: 1362.102 Thread 0x000001395054a9e0 DEOPT UNPACKING pc=0x00000139738c23a3 sp=0x0000001d6edfd188 mode 2
Event: 1433.578 Thread 0x000001395054c330 Uncommon trap: trap_request=0xffffffd6 fr.pc=0x00000139744be904 relative=0x0000000000000364
Event: 1433.578 Thread 0x000001395054c330 Uncommon trap: reason=array_check action=maybe_recompile pc=0x00000139744be904 method=java.util.LinkedHashMap.valuesToArray([Ljava/lang/Object;)[Ljava/lang/Object; @ 25 c2
Event: 1433.578 Thread 0x000001395054c330 DEOPT PACKING pc=0x00000139744be904 sp=0x0000001d6f1fcea0
Event: 1433.580 Thread 0x000001395054c330 DEOPT UNPACKING pc=0x00000139738c23a3 sp=0x0000001d6f1fce48 mode 2
Event: 1433.863 Thread 0x000001395054b910 Uncommon trap: trap_request=0xffffffd6 fr.pc=0x00000139744be904 relative=0x0000000000000364
Event: 1433.863 Thread 0x000001395054b910 Uncommon trap: reason=array_check action=maybe_recompile pc=0x00000139744be904 method=java.util.LinkedHashMap.valuesToArray([Ljava/lang/Object;)[Ljava/lang/Object; @ 25 c2
Event: 1433.863 Thread 0x000001395054b910 DEOPT PACKING pc=0x00000139744be904 sp=0x0000001d6f2fcdc0
Event: 1433.863 Thread 0x000001395054b910 DEOPT UNPACKING pc=0x00000139738c23a3 sp=0x0000001d6f2fcd68 mode 2
Event: 1433.865 Thread 0x000001395054b910 Uncommon trap: trap_request=0xffffffd6 fr.pc=0x00000139744be904 relative=0x0000000000000364
Event: 1433.865 Thread 0x000001395054b910 Uncommon trap: reason=array_check action=maybe_recompile pc=0x00000139744be904 method=java.util.LinkedHashMap.valuesToArray([Ljava/lang/Object;)[Ljava/lang/Object; @ 25 c2
Event: 1433.865 Thread 0x000001395054b910 DEOPT PACKING pc=0x00000139744be904 sp=0x0000001d6f2fcd90
Event: 1433.866 Thread 0x000001395054b910 DEOPT UNPACKING pc=0x00000139738c23a3 sp=0x0000001d6f2fcd38 mode 2
Event: 1437.739 Thread 0x000001395054b400 Uncommon trap: trap_request=0xffffffd6 fr.pc=0x00000139744be904 relative=0x0000000000000364
Event: 1437.739 Thread 0x000001395054b400 Uncommon trap: reason=array_check action=maybe_recompile pc=0x00000139744be904 method=java.util.LinkedHashMap.valuesToArray([Ljava/lang/Object;)[Ljava/lang/Object; @ 25 c2
Event: 1437.739 Thread 0x000001395054b400 DEOPT PACKING pc=0x00000139744be904 sp=0x0000001d6f0fcda0
Event: 1437.739 Thread 0x000001395054b400 DEOPT UNPACKING pc=0x00000139738c23a3 sp=0x0000001d6f0fcd48 mode 2

Classes unloaded (0 events):
No events

Classes redefined (0 events):
No events

Internal exceptions (20 events):
Event: 3.751 Thread 0x0000013964a8dfa0 Exception <a 'java/lang/NoSuchMethodError'{0x0000000089754bc8}: 'java.lang.Object java.lang.invoke.DirectMethodHandle$Holder.newInvokeSpecial(java.lang.Object, java.lang.Object, java.lang.Object, java.lang.Object, java.lang.Object, java.lang.Object, java.lang.Object, java.lang.Object, java.lang.Object)'> (0x0000000089754bc8) 
thrown [s\open\src\hotspot\share\interpreter\linkResolver.cpp, line 759]
Event: 3.751 Thread 0x0000013964a8dfa0 Exception <a 'java/lang/NoSuchMethodError'{0x00000000897598c0}: 'java.lang.Object java.lang.invoke.Invokers$Holder.linkToTargetMethod(java.lang.Object, java.lang.Object, java.lang.Object, java.lang.Object, java.lang.Object, java.lang.Object, java.lang.Object, java.lang.Object, java.lang.Object)'> (0x00000000897598c0) 
thrown [s\open\src\hotspot\share\interpreter\linkResolver.cpp, line 759]
Event: 3.911 Thread 0x0000013902bf53d0 Exception <a 'java/lang/NoSuchMethodError'{0x000000008d99f8c8}: 'long java.lang.invoke.DirectMethodHandle$Holder.invokeStatic(java.lang.Object, java.lang.Object, java.lang.Object)'> (0x000000008d99f8c8) 
thrown [s\open\src\hotspot\share\interpreter\linkResolver.cpp, line 759]
Event: 3.915 Thread 0x0000013964a8dfa0 Exception <a 'java/lang/NoSuchMethodError'{0x000000008d973748}: 'double java.lang.invoke.DirectMethodHandle$Holder.invokeStatic(java.lang.Object, java.lang.Object)'> (0x000000008d973748) 
thrown [s\open\src\hotspot\share\interpreter\linkResolver.cpp, line 759]
Event: 4.176 Thread 0x0000013964a8dfa0 Exception <a 'java/lang/NoSuchMethodError'{0x000000008a0023f0}: 'double java.lang.invoke.DirectMethodHandle$Holder.invokeVirtual(java.lang.Object, java.lang.Object)'> (0x000000008a0023f0) 
thrown [s\open\src\hotspot\share\interpreter\linkResolver.cpp, line 759]
Event: 4.280 Thread 0x0000013964a8dfa0 Exception <a 'java/lang/NoSuchMethodError'{0x0000000089bf8b48}: 'void java.lang.invoke.DirectMethodHandle$Holder.invokeStatic(java.lang.Object, java.lang.Object, double)'> (0x0000000089bf8b48) 
thrown [s\open\src\hotspot\share\interpreter\linkResolver.cpp, line 759]
Event: 4.289 Thread 0x0000013964a8dfa0 Exception <a 'java/lang/NoSuchMethodError'{0x0000000089a53a48}: 'double java.lang.invoke.DirectMethodHandle$Holder.invokeStatic(java.lang.Object, java.lang.Object, java.lang.Object)'> (0x0000000089a53a48) 
thrown [s\open\src\hotspot\share\interpreter\linkResolver.cpp, line 759]
Event: 4.301 Thread 0x0000013964a8dfa0 Exception <a 'java/lang/NoSuchMethodError'{0x0000000089ac8c68}: 'java.lang.Object java.lang.invoke.DirectMethodHandle$Holder.newInvokeSpecial(java.lang.Object, java.lang.Object, int, java.lang.Object, java.lang.Object)'> (0x0000000089ac8c68) 
thrown [s\open\src\hotspot\share\interpreter\linkResolver.cpp, line 759]
Event: 4.409 Thread 0x0000013964a8dfa0 Exception <a 'java/lang/IncompatibleClassChangeError'{0x0000000089691bd8}: Found class java.lang.Object, but interface was expected> (0x0000000089691bd8) 
thrown [s\open\src\hotspot\share\interpreter\linkResolver.cpp, line 826]
Event: 4.428 Thread 0x0000013964a8dfa0 Implicit null exception at 0x0000013973fcc2ff to 0x0000013973fccaf4
Event: 8.796 Thread 0x000001395054f5d0 Exception <a 'java/lang/NoSuchMethodError'{0x00000000893a3040}: 'java.lang.Object java.lang.invoke.DirectMethodHandle$Holder.invokeSpecial(java.lang.Object, java.lang.Object, java.lang.Object, java.lang.Object, java.lang.Object, long)'> (0x00000000893a3040) 
thrown [s\open\src\hotspot\share\interpreter\linkResolver.cpp, line 759]
Event: 8.796 Thread 0x000001395054f5d0 Exception <a 'java/lang/NoSuchMethodError'{0x00000000893a6a80}: 'java.lang.Object java.lang.invoke.Invokers$Holder.linkToTargetMethod(java.lang.Object, java.lang.Object, java.lang.Object, long, java.lang.Object)'> (0x00000000893a6a80) 
thrown [s\open\src\hotspot\share\interpreter\linkResolver.cpp, line 759]
Event: 8.910 Thread 0x000001395054f5d0 Exception <a 'java/lang/NoSuchMethodError'{0x000000008b7f4788}: 'java.lang.Object java.lang.invoke.DirectMethodHandle$Holder.invokeStaticInit(java.lang.Object, int)'> (0x000000008b7f4788) 
thrown [s\open\src\hotspot\share\interpreter\linkResolver.cpp, line 759]
Event: 23.013 Thread 0x0000013950549ab0 Exception <a 'sun/net/ConnectionResetException'{0x000000008a3307f8}: Connection reset> (0x000000008a3307f8) 
thrown [s\open\src\hotspot\share\prims\jni.cpp, line 535]
Event: 31.905 Thread 0x0000013950549090 Exception <a 'sun/net/ConnectionResetException'{0x000000008a9c32a0}: Connection reset> (0x000000008a9c32a0) 
thrown [s\open\src\hotspot\share\prims\jni.cpp, line 535]
Event: 31.905 Thread 0x000001395054b400 Exception <a 'sun/net/ConnectionResetException'{0x000000008a9fe808}: Connection reset> (0x000000008a9fe808) 
thrown [s\open\src\hotspot\share\prims\jni.cpp, line 535]
Event: 45.099 Thread 0x0000013950549ab0 Exception <a 'sun/net/ConnectionResetException'{0x000000008a3317c0}: Connection reset> (0x000000008a3317c0) 
thrown [s\open\src\hotspot\share\prims\jni.cpp, line 535]
Event: 45.099 Thread 0x000001395054e6a0 Exception <a 'sun/net/ConnectionResetException'{0x000000008a3552c0}: Connection reset> (0x000000008a3552c0) 
thrown [s\open\src\hotspot\share\prims\jni.cpp, line 535]
Event: 185.323 Thread 0x000001395054b400 Exception <a 'sun/net/ConnectionResetException'{0x0000000089ed34a8}: Connection reset> (0x0000000089ed34a8) 
thrown [s\open\src\hotspot\share\prims\jni.cpp, line 535]
Event: 185.323 Thread 0x000001395054c330 Exception <a 'sun/net/ConnectionResetException'{0x0000000089eec448}: Connection reset> (0x0000000089eec448) 
thrown [s\open\src\hotspot\share\prims\jni.cpp, line 535]

VM Operations (20 events):
Event: 1588.601 Executing VM operation: Cleanup
Event: 1588.602 Executing VM operation: Cleanup done
Event: 1593.604 Executing VM operation: Cleanup
Event: 1593.604 Executing VM operation: Cleanup done
Event: 1608.611 Executing VM operation: Cleanup
Event: 1608.612 Executing VM operation: Cleanup done
Event: 1623.597 Executing VM operation: HandshakeAllThreads
Event: 1623.597 Executing VM operation: HandshakeAllThreads done
Event: 1662.617 Executing VM operation: Cleanup
Event: 1662.618 Executing VM operation: Cleanup done
Event: 1674.622 Executing VM operation: Cleanup
Event: 1674.623 Executing VM operation: Cleanup done
Event: 1683.818 Executing VM operation: HandshakeAllThreads
Event: 1683.818 Executing VM operation: HandshakeAllThreads done
Event: 1699.825 Executing VM operation: Cleanup
Event: 1699.825 Executing VM operation: Cleanup done
Event: 1743.986 Executing VM operation: HandshakeAllThreads
Event: 1743.990 Executing VM operation: HandshakeAllThreads done
Event: 1757.997 Executing VM operation: Cleanup
Event: 1757.997 Executing VM operation: Cleanup done

Events (20 events):
Event: 21.495 loading class java/util/stream/ReduceOps$6ReducingSink
Event: 21.495 loading class java/util/stream/ReduceOps$6ReducingSink done
Event: 21.543 loading class java/util/PrimitiveIterator$OfInt
Event: 21.544 loading class java/util/PrimitiveIterator
Event: 21.544 loading class java/util/PrimitiveIterator done
Event: 21.544 loading class java/util/PrimitiveIterator$OfInt done
Event: 23.013 loading class sun/net/ConnectionResetException
Event: 23.013 loading class sun/net/ConnectionResetException done
Event: 23.334 Thread 0x0000013948f99a60 Thread exited: 0x0000013948f99a60
Event: 23.448 Thread 0x0000013949dccdc0 Thread exited: 0x0000013949dccdc0
Event: 28.608 loading class jdk/internal/access/foreign/MemorySegmentProxy
Event: 28.608 loading class jdk/internal/access/foreign/MemorySegmentProxy done
Event: 54.057 Thread 0x000001390291c830 flushing nmethod 0x000001396c393990
Event: 54.058 Thread 0x000001390291c830 flushing nmethod 0x000001396c4ed610
Event: 54.058 Thread 0x000001390291c830 flushing nmethod 0x000001396c4fc690
Event: 61.074 Thread 0x000001394a9b8690 Thread exited: 0x000001394a9b8690
Event: 71.266 loading class java/util/concurrent/locks/ReentrantReadWriteLock$Sync$HoldCounter
Event: 71.266 loading class java/util/concurrent/locks/ReentrantReadWriteLock$Sync$HoldCounter done
Event: 284.438 loading class java/util/concurrent/atomic/Striped64$Cell
Event: 284.446 loading class java/util/concurrent/atomic/Striped64$Cell done


Dynamic libraries:
0x00007ff645c70000 - 0x00007ff645c80000 	C:\Program Files\Java\jdk-17\bin\java.exe
0x00007ffb40ad0000 - 0x00007ffb40cc8000 	C:\Windows\SYSTEM32\ntdll.dll
0x00007ffb40270000 - 0x00007ffb40332000 	C:\Windows\System32\KERNEL32.DLL
0x00007ffb3e640000 - 0x00007ffb3e936000 	C:\Windows\System32\KERNELBASE.dll
0x00007ffb3e160000 - 0x00007ffb3e260000 	C:\Windows\System32\ucrtbase.dll
0x00007ffb25b90000 - 0x00007ffb25ba9000 	C:\Program Files\Java\jdk-17\bin\jli.dll
0x00007ffb3f010000 - 0x00007ffb3f0c1000 	C:\Windows\System32\ADVAPI32.dll
0x00007ffb25e40000 - 0x00007ffb25e5b000 	C:\Program Files\Java\jdk-17\bin\VCRUNTIME140.dll
0x00007ffb3f940000 - 0x00007ffb3f9de000 	C:\Windows\System32\msvcrt.dll
0x00007ffb3ee90000 - 0x00007ffb3ef2f000 	C:\Windows\System32\sechost.dll
0x00007ffb406b0000 - 0x00007ffb407d0000 	C:\Windows\System32\RPCRT4.dll
0x00007ffb3ea30000 - 0x00007ffb3ea57000 	C:\Windows\System32\bcrypt.dll
0x00007ffb407d0000 - 0x00007ffb40971000 	C:\Windows\System32\USER32.dll
0x00007ffb3e4e0000 - 0x00007ffb3e502000 	C:\Windows\System32\win32u.dll
0x00007ffb2d150000 - 0x00007ffb2d3eb000 	C:\Windows\WinSxS\amd64_microsoft.windows.common-controls_6595b64144ccf1df_6.0.19041.6456_none_60b8a6cb71f64256\COMCTL32.dll
0x00007ffb3eaf0000 - 0x00007ffb3eb1b000 	C:\Windows\System32\GDI32.dll
0x00007ffb3e3c0000 - 0x00007ffb3e4d9000 	C:\Windows\System32\gdi32full.dll
0x00007ffb3e990000 - 0x00007ffb3ea2d000 	C:\Windows\System32\msvcp_win.dll
0x00007ffb2d4c0000 - 0x00007ffb2d4ca000 	C:\Windows\SYSTEM32\VERSION.dll
0x00007ffb3fa40000 - 0x00007ffb3fa6f000 	C:\Windows\System32\IMM32.DLL
0x00007ffb2e960000 - 0x00007ffb2e96c000 	C:\Program Files\Java\jdk-17\bin\vcruntime140_1.dll
0x00007ffb076b0000 - 0x00007ffb0773e000 	C:\Program Files\Java\jdk-17\bin\msvcp140.dll
0x00007ffaad370000 - 0x00007ffaadf50000 	C:\Program Files\Java\jdk-17\bin\server\jvm.dll
0x00007ffb40340000 - 0x00007ffb40348000 	C:\Windows\System32\PSAPI.DLL
0x00007ffb33520000 - 0x00007ffb33547000 	C:\Windows\SYSTEM32\WINMM.dll
0x00007ffb2f870000 - 0x00007ffb2f879000 	C:\Windows\SYSTEM32\WSOCK32.dll
0x00007ffb40640000 - 0x00007ffb406ab000 	C:\Windows\System32\WS2_32.dll
0x00007ffb3c950000 - 0x00007ffb3c962000 	C:\Windows\SYSTEM32\kernel.appcore.dll
0x00007ffb25b80000 - 0x00007ffb25b8a000 	C:\Program Files\Java\jdk-17\bin\jimage.dll
0x00007ffb3bcc0000 - 0x00007ffb3bec1000 	C:\Windows\SYSTEM32\DBGHELP.DLL
0x00007ffb1ccd0000 - 0x00007ffb1cd04000 	C:\Windows\SYSTEM32\dbgcore.DLL
0x00007ffb3ea60000 - 0x00007ffb3eae2000 	C:\Windows\System32\bcryptPrimitives.dll
0x00007ffb25b40000 - 0x00007ffb25b7b000 	C:\Program Files\Java\jdk-17\bin\jdwp.dll
0x00007ffb25b10000 - 0x00007ffb25b35000 	C:\Program Files\Java\jdk-17\bin\java.dll
0x00007ffade090000 - 0x00007ffade167000 	C:\Program Files\Java\jdk-17\bin\jsvml.dll
0x00007ffb3fa70000 - 0x00007ffb401e0000 	C:\Windows\System32\SHELL32.dll
0x00007ffb3c190000 - 0x00007ffb3c935000 	C:\Windows\SYSTEM32\windows.storage.dll
0x00007ffb3eb20000 - 0x00007ffb3ee74000 	C:\Windows\System32\combase.dll
0x00007ffb3dab0000 - 0x00007ffb3dadb000 	C:\Windows\SYSTEM32\Wldp.dll
0x00007ffb3f210000 - 0x00007ffb3f2dd000 	C:\Windows\System32\OLEAUT32.dll
0x00007ffb409e0000 - 0x00007ffb40a8d000 	C:\Windows\System32\SHCORE.dll
0x00007ffb3efb0000 - 0x00007ffb3f00b000 	C:\Windows\System32\shlwapi.dll
0x00007ffb3e090000 - 0x00007ffb3e0b4000 	C:\Windows\SYSTEM32\profapi.dll
0x00007ffb258d0000 - 0x00007ffb258dc000 	C:\Program Files\Java\jdk-17\bin\dt_socket.dll
0x00007ffb3d540000 - 0x00007ffb3d57b000 	C:\Windows\SYSTEM32\IPHLPAPI.DLL
0x00007ffb3d890000 - 0x00007ffb3d8fa000 	C:\Windows\system32\mswsock.dll
0x00007ffb3d590000 - 0x00007ffb3d65a000 	C:\Windows\SYSTEM32\DNSAPI.dll
0x00007ffb3f0d0000 - 0x00007ffb3f0d8000 	C:\Windows\System32\NSI.dll
0x00007ffb36ca0000 - 0x00007ffb36caa000 	C:\Windows\System32\rasadhlp.dll
0x00007ffb36010000 - 0x00007ffb36090000 	C:\Windows\System32\fwpuclnt.dll
0x00007ffb13a30000 - 0x00007ffb13a49000 	C:\Program Files\Java\jdk-17\bin\net.dll
0x00007ffb37260000 - 0x00007ffb3736a000 	C:\Windows\SYSTEM32\WINHTTP.dll
0x00007ffb13a10000 - 0x00007ffb13a26000 	C:\Program Files\Java\jdk-17\bin\nio.dll
0x00007ffb0ede0000 - 0x00007ffb0edf8000 	C:\Program Files\Java\jdk-17\bin\zip.dll
0x00007ffb37bc0000 - 0x00007ffb37bd7000 	C:\Windows\SYSTEM32\dhcpcsvc6.DLL
0x00007ffb37e60000 - 0x00007ffb37e7d000 	C:\Windows\SYSTEM32\dhcpcsvc.DLL
0x00007ffb24f00000 - 0x00007ffb24f0e000 	C:\Program Files\Java\jdk-17\bin\sunmscapi.dll
0x00007ffb3e260000 - 0x00007ffb3e3bd000 	C:\Windows\System32\CRYPT32.dll
0x00007ffb3dc00000 - 0x00007ffb3dc27000 	C:\Windows\SYSTEM32\ncrypt.dll
0x00007ffb3dbc0000 - 0x00007ffb3dbfb000 	C:\Windows\SYSTEM32\NTASN1.dll
0x00007ffb3daf0000 - 0x00007ffb3db08000 	C:\Windows\SYSTEM32\CRYPTSP.dll
0x00007ffb3d160000 - 0x00007ffb3d198000 	C:\Windows\system32\rsaenh.dll
0x00007ffb3e010000 - 0x00007ffb3e03e000 	C:\Windows\SYSTEM32\USERENV.dll
0x00007ffb3da20000 - 0x00007ffb3da2c000 	C:\Windows\SYSTEM32\CRYPTBASE.dll
0x00007ffb20480000 - 0x00007ffb2048a000 	C:\Program Files\Java\jdk-17\bin\management.dll
0x00007ffb1af20000 - 0x00007ffb1af2b000 	C:\Program Files\Java\jdk-17\bin\management_ext.dll
0x00007ffb258c0000 - 0x00007ffb258d0000 	C:\Program Files\Java\jdk-17\bin\verify.dll
0x00007ffb2e450000 - 0x00007ffb2e457000 	C:\Windows\system32\wshunix.dll

dbghelp: loaded successfully - version: 4.0.5 - missing functions: none
symbol engine: initialized successfully - sym options: 0x614 - pdb path: .;C:\Program Files\Java\jdk-17\bin;C:\Windows\SYSTEM32;C:\Windows\WinSxS\amd64_microsoft.windows.common-controls_6595b64144ccf1df_6.0.19041.6456_none_60b8a6cb71f64256;C:\Program Files\Java\jdk-17\bin\server

VM Arguments:
jvm_args: -agentlib:jdwp=transport=dt_socket,server=n,suspend=y,address=localhost:53202 -XX:+ShowCodeDetailsInExceptionMessages 
java_command: com.arabsoft.discovery.DiscoveryApplication
java_class_path (initial): C:\Users\Lenovo\Desktop\Mutuelle_Presidence\backend-mutuelle\discovery\target\classes;C:\Users\Lenovo\.m2\repository\org\springframework\boot\spring-boot-starter-actuator\3.3.4\spring-boot-starter-actuator-3.3.4.jar;C:\Users\Lenovo\.m2\repository\org\springframework\boot\spring-boot-starter\3.3.4\spring-boot-starter-3.3.4.jar;C:\Users\Lenovo\.m2\repository\org\springframework\boot\spring-boot\3.3.4\spring-boot-3.3.4.jar;C:\Users\Lenovo\.m2\repository\org\springframework\spring-context\6.1.13\spring-context-6.1.13.jar;C:\Users\Lenovo\.m2\repository\org\springframework\spring-aop\6.1.13\spring-aop-6.1.13.jar;C:\Users\Lenovo\.m2\repository\org\springframework\spring-expression\6.1.13\spring-expression-6.1.13.jar;C:\Users\Lenovo\.m2\repository\org\springframework\boot\spring-boot-autoconfigure\3.3.4\spring-boot-autoconfigure-3.3.4.jar;C:\Users\Lenovo\.m2\repository\org\springframework\boot\spring-boot-starter-logging\3.3.4\spring-boot-starter-logging-3.3.4.jar;C:\Users\Lenovo\.m2\repository\ch\qos\logback\logback-classic\1.5.8\logback-classic-1.5.8.jar;C:\Users\Lenovo\.m2\repository\ch\qos\logback\logback-core\1.5.8\logback-core-1.5.8.jar;C:\Users\Lenovo\.m2\repository\org\apache\logging\log4j\log4j-to-slf4j\2.23.1\log4j-to-slf4j-2.23.1.jar;C:\Users\Lenovo\.m2\repository\org\apache\logging\log4j\log4j-api\2.23.1\log4j-api-2.23.1.jar;C:\Users\Lenovo\.m2\repository\org\slf4j\jul-to-slf4j\2.0.16\jul-to-slf4j-2.0.16.jar;C:\Users\Lenovo\.m2\repository\jakarta\annotation\jakarta.annotation-api\2.1.1\jakarta.annotation-api-2.1.1.jar;C:\Users\Lenovo\.m2\repository\org\yaml\snakeyaml\2.2\snakeyaml-2.2.jar;C:\Users\Lenovo\.m2\repository\org\springframework\boot\spring-boot-actuator-autoconfigure\3.3.4\spring-boot-actuator-autoconfigure-3.3.4.jar;C:\Users\Lenovo\.m2\repository\org\springframework\boot\spring-boot-actuator\3.3.4\spring-boot-actuator-3.3.4.jar;C:\Users\Lenovo\.m2\repository\com\fasterxml\jackson\datatype\jackson-datatype-jsr310\2.17.2\ja
Launcher Type: SUN_STANDARD

[Global flags]
     intx CICompilerCount                          = 4                                         {product} {ergonomic}
     uint ConcGCThreads                            = 2                                         {product} {ergonomic}
     uint G1ConcRefinementThreads                  = 8                                         {product} {ergonomic}
   size_t G1HeapRegionSize                         = 1048576                                   {product} {ergonomic}
    uintx GCDrainStackTargetSize                   = 64                                        {product} {ergonomic}
   size_t InitialHeapSize                          = 127926272                                 {product} {ergonomic}
   size_t MarkStackSize                            = 4194304                                   {product} {ergonomic}
   size_t MaxHeapSize                              = 2046820352                                {product} {ergonomic}
   size_t MaxNewSize                               = 1227882496                                {product} {ergonomic}
   size_t MinHeapDeltaBytes                        = 1048576                                   {product} {ergonomic}
   size_t MinHeapSize                              = 8388608                                   {product} {ergonomic}
    uintx NonNMethodCodeHeapSize                   = 5839372                                {pd product} {ergonomic}
    uintx NonProfiledCodeHeapSize                  = 122909434                              {pd product} {ergonomic}
    uintx ProfiledCodeHeapSize                     = 122909434                              {pd product} {ergonomic}
    uintx ReservedCodeCacheSize                    = 251658240                              {pd product} {ergonomic}
     bool SegmentedCodeCache                       = true                                      {product} {ergonomic}
     bool ShowCodeDetailsInExceptionMessages       = true                                   {manageable} {command line}
   size_t SoftMaxHeapSize                          = 2046820352                             {manageable} {ergonomic}
     bool UseCompressedClassPointers               = true                           {product lp64_product} {ergonomic}
     bool UseCompressedOops                        = true                           {product lp64_product} {ergonomic}
     bool UseG1GC                                  = true                                      {product} {ergonomic}
     bool UseLargePagesIndividualAllocation        = false                                  {pd product} {ergonomic}

Logging:
Log output configuration:
 #0: stdout all=warning uptime,level,tags
 #1: stderr all=off uptime,level,tags

Environment Variables:
JAVA_HOME=C:\Program Files\Java\jdk-17
PATH=C:\Program Files\Java\jdk-17\bin;D:\ORACLE\ORACLE11G\bin;C:\Program Files\Common Files\Oracle\Java\javapath;C:\Windows\system32;C:\Windows;C:\Windows\System32\Wbem;C:\Windows\System32\WindowsPowerShell\v1.0\;C:\Windows\System32\OpenSSH\;C:\Program Files\nodejs\;C:\Program Files\Git\cmd;C:\Program Files\Docker\Docker\resources\bin;C:\Users\Lenovo\AppData\Local\Programs\Python\Python314\Scripts\;C:\Users\Lenovo\AppData\Local\Programs\Python\Python314\;C:\Users\Lenovo\AppData\Local\Programs\Python\Launcher\;c:\Users\Lenovo\AppData\Local\Programs\Trae\bin;C:\Users\Lenovo\AppData\Local\Microsoft\WindowsApps;C:\Users\Lenovo\AppData\Roaming\npm;C:\Users\Lenovo\AppData\Local\Programs\Microsoft VS Code\bin;C:\Users\Lenovo\AppData\Local\GitHubDesktop\bin;C:\Program Files\apache-maven-3.9.11\bin;C:\Users\Lenovo\AppData\Local\Programs\Windsurf\bin;c:\Users\Lenovo\.windsurf\extensions\vscjava.vscode-java-debug-0.58.3-universal\bundled\scripts\noConfigScripts
USERNAME=Lenovo
LANG=en_US.UTF-8
OS=Windows_NT
PROCESSOR_IDENTIFIER=Intel64 Family 6 Model 191 Stepping 5, GenuineIntel



---------------  S Y S T E M  ---------------

OS:
 Windows 10 , 64 bit Build 19041 (10.0.19041.5915)
OS uptime: 0 days 1:45 hours
Hyper-V role detected

CPU: total 8 (initial active 8) (4 cores per cpu, 2 threads per core) family 6 model 191 stepping 5 microcode 0x35, cx8, cmov, fxsr, ht, mmx, 3dnowpref, sse, sse2, sse3, ssse3, sse4.1, sse4.2, popcnt, lzcnt, tsc, tscinvbit, avx, avx2, aes, erms, clmul, bmi1, bmi2, adx, sha, fma, vzeroupper, clflush, clflushopt, clwb, hv

Memory: 4k page, system-wide physical 7806M (142M free)
TotalPageFile size 31358M (AvailPageFile size 3M)
current process WorkingSet (physical memory assigned to process): 45M, peak: 343M
current process commit charge ("private bytes"): 282M, peak: 381M

vm_info: Java HotSpot(TM) 64-Bit Server VM (17.0.12+8-LTS-286) for windows-amd64 JRE (17.0.12+8-LTS-286), built on Jun  5 2024 06:46:59 by "mach5one" with MS VC++ 17.6 (VS2022)

END.
