#
# There is insufficient memory for the Java Runtime Environment to continue.
# Native memory allocation (mmap) failed to map 387973120 bytes. Error detail: G1 virtual space
# Possible reasons:
#   The system is out of physical RAM or swap space
#   This process is running with CompressedOops enabled, and the Java Heap may be blocking the growth of the native heap
# Possible solutions:
#   Reduce memory load on the system
#   Increase physical memory or swap space
#   Check if swap backing store is full
#   Decrease Java heap size (-Xmx/-Xms)
#   Decrease number of Java threads
#   Decrease Java thread stack sizes (-Xss)
#   Set larger code cache with -XX:ReservedCodeCacheSize=
#   JVM is running with Zero Based Compressed Oops mode in which the Java heap is
#     placed in the first 32GB address space. The Java Heap base address is the
#     maximum limit for the native heap growth. Please use -XX:HeapBaseMinAddress
#     to set the Java Heap base and to place the Java Heap above 32GB virtual address.
# This output file may be truncated or incomplete.
#
#  Out of Memory Error (os_windows.cpp:3618), pid=4260, tid=19088
#
# JRE version: OpenJDK Runtime Environment Corretto-17.0.16.8.1 (17.0.16+8) (build 17.0.16+8-LTS)
# Java VM: OpenJDK 64-Bit Server VM Corretto-17.0.16.8.1 (17.0.16+8-LTS, mixed mode, emulated-client, sharing, tiered, compressed oops, compressed class ptrs, g1 gc, windows-amd64)
# No core dump will be written. Minidumps are not enabled by default on client versions of Windows
#

---------------  S U M M A R Y ------------

Command Line: -XX:TieredStopAtLevel=1 -Dspring.output.ansi.enabled=always -Dcom.sun.management.jmxremote -Dspring.jmx.enabled=true -Dspring.liveBeansView.mbeanDomain -Dspring.application.admin.enabled=true -javaagent:C:\Program Files\JetBrains\IntelliJ IDEA 2022.2\lib\idea_rt.jar=50186:C:\Program Files\JetBrains\IntelliJ IDEA 2022.2\bin -Dfile.encoding=UTF-8 com.tn.arabsoft.RemboursementFraisMedicaux.RemboursementFraisMedicauxApplication

Host: Intel(R) Core(TM) 5 210H, 12 cores, 15G,  Windows 10 , 64 bit Build 19041 (10.0.19041.5915)
Time: Sat Dec 27 07:01:43 2025 Paris, Madrid elapsed time: 48077.469415 seconds (0d 13h 21m 17s)

---------------  T H R E A D  ---------------

Current thread (0x000001f92d7953a0):  VMThread "VM Thread" [stack: 0x0000003c14a00000,0x0000003c14b00000] [id=19088]

Stack: [0x0000003c14a00000,0x0000003c14b00000]
Native frames: (J=compiled Java code, j=interpreted, Vv=VM code, C=native code)
V  [jvm.dll+0x681329]
V  [jvm.dll+0x838dda]
V  [jvm.dll+0x83a89e]
V  [jvm.dll+0x83af03]
V  [jvm.dll+0x2484af]
V  [jvm.dll+0x67e059]
V  [jvm.dll+0x672b2a]
V  [jvm.dll+0x30849b]
V  [jvm.dll+0x30f986]
V  [jvm.dll+0x35fcfe]
V  [jvm.dll+0x35ff3f]
V  [jvm.dll+0x2df44c]
V  [jvm.dll+0x2dd80f]
V  [jvm.dll+0x2dcf3c]
V  [jvm.dll+0x3206db]
V  [jvm.dll+0x83f3fd]
V  [jvm.dll+0x840142]
V  [jvm.dll+0x84066f]
V  [jvm.dll+0x840a54]
V  [jvm.dll+0x840b20]
V  [jvm.dll+0x7e826c]
V  [jvm.dll+0x6801f7]
C  [ucrtbase.dll+0x21bb2]
C  [KERNEL32.DLL+0x17374]
C  [ntdll.dll+0x4cc91]

VM_Operation (0x0000003c17cfa360): G1CollectForAllocation, mode: safepoint, requested by thread 0x000001f975ae1500


---------------  P R O C E S S  ---------------

Threads class SMR info:
_java_thread_list=0x000001f97637cf40, length=41, elements={
0x000001f92d79aa40, 0x000001f92d79b8c0, 0x000001f92d7ae790, 0x000001f92d7b0360,
0x000001f92d7b3d40, 0x000001f92d7b4700, 0x000001f92d7bd0e0, 0x000001f92d7bdae0,
0x000001f96f0809c0, 0x000001f96f745060, 0x000001f96f745540, 0x000001f96f889990,
0x000001f9745f33d0, 0x000001f9745f1f90, 0x000001f9745f24a0, 0x000001f9745f3df0,
0x000001f9745f38e0, 0x000001f9745f4810, 0x000001f9745f29b0, 0x000001f975ae8460,
0x000001f975ae60f0, 0x000001f975ae2e50, 0x000001f975ae6600, 0x000001f975ae7a40,
0x000001f975ae7020, 0x000001f975ae7530, 0x000001f975ae4290, 0x000001f975ae3360,
0x000001f975ae1500, 0x000001f975ae7f50, 0x000001f975ae0ff0, 0x000001f975ae4cb0,
0x000001f975ae8970, 0x000001f975ae3870, 0x000001f975ae1a10, 0x000001f975ae1f20,
0x000001f975ae47a0, 0x000001f975ae51c0, 0x000001f975ae2430, 0x000001f975ae56d0,
0x000001f9745f1060
}

Java Threads: ( => current thread )
  0x000001f92d79aa40 JavaThread "Reference Handler" daemon [_thread_blocked, id=22244, stack(0x0000003c14b00000,0x0000003c14c00000)]
  0x000001f92d79b8c0 JavaThread "Finalizer" daemon [_thread_blocked, id=27848, stack(0x0000003c14c00000,0x0000003c14d00000)]
  0x000001f92d7ae790 JavaThread "Signal Dispatcher" daemon [_thread_blocked, id=4148, stack(0x0000003c14d00000,0x0000003c14e00000)]
  0x000001f92d7b0360 JavaThread "Attach Listener" daemon [_thread_blocked, id=20748, stack(0x0000003c14e00000,0x0000003c14f00000)]
  0x000001f92d7b3d40 JavaThread "Service Thread" daemon [_thread_blocked, id=22692, stack(0x0000003c14f00000,0x0000003c15000000)]
  0x000001f92d7b4700 JavaThread "Monitor Deflation Thread" daemon [_thread_blocked, id=18868, stack(0x0000003c15000000,0x0000003c15100000)]
  0x000001f92d7bd0e0 JavaThread "C1 CompilerThread0" daemon [_thread_blocked, id=3756, stack(0x0000003c15100000,0x0000003c15200000)]
  0x000001f92d7bdae0 JavaThread "Sweeper thread" daemon [_thread_blocked, id=11024, stack(0x0000003c15200000,0x0000003c15300000)]
  0x000001f96f0809c0 JavaThread "Common-Cleaner" daemon [_thread_blocked, id=13580, stack(0x0000003c15300000,0x0000003c15400000)]
  0x000001f96f745060 JavaThread "Monitor Ctrl-Break" daemon [_thread_in_native, id=24352, stack(0x0000003c15700000,0x0000003c15800000)]
  0x000001f96f745540 JavaThread "Notification Thread" daemon [_thread_blocked, id=17100, stack(0x0000003c15800000,0x0000003c15900000)]
  0x000001f96f889990 JavaThread "RMI TCP Accept-0" daemon [_thread_in_native, id=24232, stack(0x0000003c15900000,0x0000003c15a00000)]
  0x000001f9745f33d0 JavaThread "RMI Scheduler(0)" daemon [_thread_blocked, id=22620, stack(0x0000003c16a00000,0x0000003c16b00000)]
  0x000001f9745f1f90 JavaThread "Catalina-utility-1" [_thread_blocked, id=16420, stack(0x0000003c16b00000,0x0000003c16c00000)]
  0x000001f9745f24a0 JavaThread "Catalina-utility-2" [_thread_blocked, id=10684, stack(0x0000003c16c00000,0x0000003c16d00000)]
  0x000001f9745f3df0 JavaThread "container-0" [_thread_blocked, id=19380, stack(0x0000003c16d00000,0x0000003c16e00000)]
  0x000001f9745f38e0 JavaThread "oracle.jdbc.driver.BlockSource.ThreadedCachingBlockSource.BlockReleaser" daemon [_thread_blocked, id=26188, stack(0x0000003c16e00000,0x0000003c16f00000)]
  0x000001f9745f4810 JavaThread "InterruptTimer" daemon [_thread_blocked, id=21064, stack(0x0000003c16f00000,0x0000003c17000000)]
  0x000001f9745f29b0 JavaThread "HikariPool-1 housekeeper" daemon [_thread_blocked, id=26276, stack(0x0000003c17100000,0x0000003c17200000)]
  0x000001f975ae8460 JavaThread "spring.cloud.inetutils" daemon [_thread_blocked, id=25520, stack(0x0000003c17300000,0x0000003c17400000)]
  0x000001f975ae60f0 JavaThread "spectator-gauge-polling-0" daemon [_thread_blocked, id=16044, stack(0x0000003c17400000,0x0000003c17500000)]
  0x000001f975ae2e50 JavaThread "AsyncResolver-bootstrap-%d" daemon [_thread_blocked, id=26540, stack(0x0000003c17500000,0x0000003c17600000)]
  0x000001f975ae6600 JavaThread "DiscoveryClient-%d" daemon [_thread_blocked, id=26664, stack(0x0000003c17600000,0x0000003c17700000)]
  0x000001f975ae7a40 JavaThread "DiscoveryClient-%d" daemon [_thread_blocked, id=12208, stack(0x0000003c17700000,0x0000003c17800000)]
  0x000001f975ae7020 JavaThread "DiscoveryClient-InstanceInfoReplicator-%d" daemon [_thread_blocked, id=18732, stack(0x0000003c17800000,0x0000003c17900000)]
  0x000001f975ae7530 JavaThread "http-nio-8008-exec-1" daemon [_thread_blocked, id=22792, stack(0x0000003c17900000,0x0000003c17a00000)]
  0x000001f975ae4290 JavaThread "http-nio-8008-exec-2" daemon [_thread_blocked, id=23356, stack(0x0000003c17a00000,0x0000003c17b00000)]
  0x000001f975ae3360 JavaThread "http-nio-8008-exec-3" daemon [_thread_blocked, id=7204, stack(0x0000003c17b00000,0x0000003c17c00000)]
  0x000001f975ae1500 JavaThread "http-nio-8008-exec-4" daemon [_thread_blocked, id=15104, stack(0x0000003c17c00000,0x0000003c17d00000)]
  0x000001f975ae7f50 JavaThread "http-nio-8008-exec-5" daemon [_thread_blocked, id=22900, stack(0x0000003c17d00000,0x0000003c17e00000)]
  0x000001f975ae0ff0 JavaThread "http-nio-8008-exec-6" daemon [_thread_blocked, id=14136, stack(0x0000003c17e00000,0x0000003c17f00000)]
  0x000001f975ae4cb0 JavaThread "http-nio-8008-exec-7" daemon [_thread_blocked, id=26400, stack(0x0000003c17f00000,0x0000003c18000000)]
  0x000001f975ae8970 JavaThread "http-nio-8008-exec-8" daemon [_thread_blocked, id=3840, stack(0x0000003c18000000,0x0000003c18100000)]
  0x000001f975ae3870 JavaThread "http-nio-8008-exec-9" daemon [_thread_blocked, id=14456, stack(0x0000003c18100000,0x0000003c18200000)]
  0x000001f975ae1a10 JavaThread "http-nio-8008-exec-10" daemon [_thread_blocked, id=25540, stack(0x0000003c18200000,0x0000003c18300000)]
  0x000001f975ae1f20 JavaThread "http-nio-8008-Poller" daemon [_thread_in_native, id=9740, stack(0x0000003c18300000,0x0000003c18400000)]
  0x000001f975ae47a0 JavaThread "http-nio-8008-Acceptor" daemon [_thread_in_native, id=25744, stack(0x0000003c18400000,0x0000003c18500000)]
  0x000001f975ae51c0 JavaThread "DestroyJavaVM" [_thread_blocked, id=20936, stack(0x0000003c14400000,0x0000003c14500000)]
  0x000001f975ae2430 JavaThread "DiscoveryClient-CacheRefreshExecutor-%d" daemon [_thread_blocked, id=27808, stack(0x0000003c17200000,0x0000003c17300000)]
  0x000001f975ae56d0 JavaThread "DiscoveryClient-HeartbeatExecutor-%d" daemon [_thread_blocked, id=12392, stack(0x0000003c18500000,0x0000003c18600000)]
  0x000001f9745f1060 JavaThread "AsyncResolver-bootstrap-executor-%d" daemon [_thread_blocked, id=19244, stack(0x0000003c14300000,0x0000003c14400000)]

Other Threads:
=>0x000001f92d7953a0 VMThread "VM Thread" [stack: 0x0000003c14a00000,0x0000003c14b00000] [id=19088]
  0x000001f96f8abc90 WatcherThread [stack: 0x0000003c15a00000,0x0000003c15b00000] [id=28404]
  0x000001f916ceb140 GCTaskThread "GC Thread#0" [stack: 0x0000003c14500000,0x0000003c14600000] [id=23704]
  0x000001f96f8c39d0 GCTaskThread "GC Thread#1" [stack: 0x0000003c15b00000,0x0000003c15c00000] [id=26072]
  0x000001f96f8c3c90 GCTaskThread "GC Thread#2" [stack: 0x0000003c15c00000,0x0000003c15d00000] [id=8648]
  0x000001f96fb26c30 GCTaskThread "GC Thread#3" [stack: 0x0000003c15d00000,0x0000003c15e00000] [id=13624]
  0x000001f96fb26ef0 GCTaskThread "GC Thread#4" [stack: 0x0000003c15e00000,0x0000003c15f00000] [id=21720]
  0x000001f96fb291c0 GCTaskThread "GC Thread#5" [stack: 0x0000003c15f00000,0x0000003c16000000] [id=23900]
  0x000001f974191010 GCTaskThread "GC Thread#6" [stack: 0x0000003c16100000,0x0000003c16200000] [id=24204]
  0x000001f9741912d0 GCTaskThread "GC Thread#7" [stack: 0x0000003c16200000,0x0000003c16300000] [id=2344]
  0x000001f974611fd0 GCTaskThread "GC Thread#8" [stack: 0x0000003c16500000,0x0000003c16600000] [id=28552]
  0x000001f974612ea0 GCTaskThread "GC Thread#9" [stack: 0x0000003c16600000,0x0000003c16700000] [id=10468]
  0x000001f916cfb960 ConcurrentGCThread "G1 Main Marker" [stack: 0x0000003c14600000,0x0000003c14700000] [id=28316]
  0x000001f916cfc380 ConcurrentGCThread "G1 Conc#0" [stack: 0x0000003c14700000,0x0000003c14800000] [id=21612]
  0x000001f974656510 ConcurrentGCThread "G1 Conc#1" [stack: 0x0000003c16700000,0x0000003c16800000] [id=26764]
  0x000001f9746567d0 ConcurrentGCThread "G1 Conc#2" [stack: 0x0000003c16800000,0x0000003c16900000] [id=24480]
  0x000001f916d2e160 ConcurrentGCThread "G1 Refine#0" [stack: 0x0000003c14800000,0x0000003c14900000] [id=9540]
  0x000001f96fb37690 ConcurrentGCThread "G1 Refine#1" [stack: 0x0000003c16000000,0x0000003c16100000] [id=9472]
  0x000001f916d2eb90 ConcurrentGCThread "G1 Service" [stack: 0x0000003c14900000,0x0000003c14a00000] [id=12760]

Threads with active compile tasks:

VM state: at safepoint (normal execution)

VM Mutex/Monitor currently owned by a thread:  ([mutex/lock_event])
[0x000001f916c7c870] Threads_lock - owner thread: 0x000001f92d7953a0
[0x000001f916c7cc60] Heap_lock - owner thread: 0x000001f975ae1500

Heap address: 0x0000000707200000, size: 3982 MB, Compressed Oops mode: Zero based, Oop shift amount: 3

CDS archive(s) mapped at: [0x000001f92e000000-0x000001f92ebb0000-0x000001f92ebb0000), size 12255232, SharedBaseAddress: 0x000001f92e000000, ArchiveRelocationMode: 1.
Compressed class space mapped at: 0x000001f92f000000-0x000001f96f000000, reserved size: 1073741824
Narrow klass base: 0x000001f92e000000, Narrow klass shift: 0, Narrow klass range: 0x100000000

GC Precious Log:
 CPUs: 12 total, 12 available
 Memory: 15926M
 Large Page Support: Disabled
 NUMA Support: Disabled
 Compressed Oops: Enabled (Zero based)
 Heap Region Size: 2M
 Heap Min Capacity: 8M
 Heap Initial Capacity: 250M
 Heap Max Capacity: 3982M
 Pre-touch: Disabled
 Parallel Workers: 10
 Concurrent Workers: 3
 Concurrent Refinement Workers: 10
 Periodic GC: Disabled

Heap:
 garbage-first heap   total 342016K, used 112229K [0x0000000707200000, 0x0000000800000000)
  region size 2048K, 11 young (22528K), 11 survivors (22528K)
 Metaspace       used 89789K, committed 90944K, reserved 1179648K
  class space    used 13056K, committed 13504K, reserved 1048576K

Heap Regions: E=young(eden), S=young(survivor), O=old, HS=humongous(starts), HC=humongous(continues), CS=collection set, F=free, OA=open archive, CA=closed archive, TAMS=top-at-mark-start (previous, next)
|   0|0x0000000707200000, 0x0000000707400000, 0x0000000707400000|100%| O|  |TAMS 0x0000000707400000, 0x0000000707400000| Untracked 
|   1|0x0000000707400000, 0x0000000707600000, 0x0000000707600000|100%| O|  |TAMS 0x0000000707600000, 0x0000000707600000| Untracked 
|   2|0x0000000707600000, 0x0000000707800000, 0x0000000707800000|100%| O|  |TAMS 0x0000000707800000, 0x0000000707800000| Untracked 
|   3|0x0000000707800000, 0x0000000707a00000, 0x0000000707a00000|100%| O|  |TAMS 0x0000000707a00000, 0x0000000707a00000| Untracked 
|   4|0x0000000707a00000, 0x0000000707c00000, 0x0000000707c00000|100%| O|  |TAMS 0x0000000707c00000, 0x0000000707c00000| Untracked 
|   5|0x0000000707c00000, 0x0000000707e00000, 0x0000000707e00000|100%| O|  |TAMS 0x0000000707e00000, 0x0000000707e00000| Untracked 
|   6|0x0000000707e00000, 0x0000000708000000, 0x0000000708000000|100%| O|  |TAMS 0x0000000708000000, 0x0000000708000000| Untracked 
|   7|0x0000000708000000, 0x0000000708200000, 0x0000000708200000|100%| O|  |TAMS 0x0000000708200000, 0x0000000708200000| Untracked 
|   8|0x0000000708200000, 0x0000000708400000, 0x0000000708400000|100%| O|  |TAMS 0x0000000708400000, 0x0000000708400000| Untracked 
|   9|0x0000000708400000, 0x0000000708600000, 0x0000000708600000|100%| O|  |TAMS 0x0000000708600000, 0x0000000708600000| Untracked 
|  10|0x0000000708600000, 0x0000000708800000, 0x0000000708800000|100%| O|  |TAMS 0x0000000708800000, 0x0000000708800000| Untracked 
|  11|0x0000000708800000, 0x0000000708a00000, 0x0000000708a00000|100%| O|  |TAMS 0x0000000708a00000, 0x0000000708a00000| Untracked 
|  12|0x0000000708a00000, 0x0000000708c00000, 0x0000000708c00000|100%| O|  |TAMS 0x0000000708c00000, 0x0000000708c00000| Untracked 
|  13|0x0000000708c00000, 0x0000000708e00000, 0x0000000708e00000|100%| O|  |TAMS 0x0000000708e00000, 0x0000000708e00000| Untracked 
|  14|0x0000000708e00000, 0x0000000709000000, 0x0000000709000000|100%| O|  |TAMS 0x0000000709000000, 0x0000000709000000| Untracked 
|  15|0x0000000709000000, 0x0000000709200000, 0x0000000709200000|100%| O|  |TAMS 0x0000000709200000, 0x0000000709200000| Untracked 
|  16|0x0000000709200000, 0x0000000709400000, 0x0000000709400000|100%| O|  |TAMS 0x0000000709400000, 0x0000000709400000| Untracked 
|  17|0x0000000709400000, 0x00000007095ffff8, 0x0000000709600000| 99%| O|  |TAMS 0x00000007095ffff8, 0x00000007095ffff8| Untracked 
|  18|0x0000000709600000, 0x0000000709800000, 0x0000000709800000|100%| O|  |TAMS 0x0000000709800000, 0x0000000709800000| Untracked 
|  19|0x0000000709800000, 0x0000000709a00000, 0x0000000709a00000|100%| O|  |TAMS 0x0000000709a00000, 0x0000000709a00000| Untracked 
|  20|0x0000000709a00000, 0x0000000709c00000, 0x0000000709c00000|100%| O|  |TAMS 0x0000000709c00000, 0x0000000709c00000| Untracked 
|  21|0x0000000709c00000, 0x0000000709e00000, 0x0000000709e00000|100%| O|  |TAMS 0x0000000709e00000, 0x0000000709e00000| Untracked 
|  22|0x0000000709e00000, 0x000000070a000000, 0x000000070a000000|100%| O|  |TAMS 0x000000070a000000, 0x000000070a000000| Untracked 
|  23|0x000000070a000000, 0x000000070a200000, 0x000000070a200000|100%| O|  |TAMS 0x000000070a200000, 0x000000070a200000| Untracked 
|  24|0x000000070a200000, 0x000000070a400000, 0x000000070a400000|100%| O|  |TAMS 0x000000070a200000, 0x000000070a400000| Untracked 
|  25|0x000000070a400000, 0x000000070a600000, 0x000000070a600000|100%| O|  |TAMS 0x000000070a600000, 0x000000070a600000| Untracked 
|  26|0x000000070a600000, 0x000000070a800000, 0x000000070a800000|100%| O|  |TAMS 0x000000070a800000, 0x000000070a800000| Untracked 
|  27|0x000000070a800000, 0x000000070aa00000, 0x000000070aa00000|100%| O|  |TAMS 0x000000070aa00000, 0x000000070aa00000| Untracked 
|  28|0x000000070aa00000, 0x000000070ac00000, 0x000000070ac00000|100%| O|  |TAMS 0x000000070ac00000, 0x000000070ac00000| Untracked 
|  29|0x000000070ac00000, 0x000000070ae00000, 0x000000070ae00000|100%| O|  |TAMS 0x000000070ae00000, 0x000000070ae00000| Untracked 
|  30|0x000000070ae00000, 0x000000070b000000, 0x000000070b000000|100%| O|  |TAMS 0x000000070b000000, 0x000000070b000000| Untracked 
|  31|0x000000070b000000, 0x000000070b000000, 0x000000070b200000|  0%| F|  |TAMS 0x000000070b000000, 0x000000070b000000| Untracked 
|  32|0x000000070b200000, 0x000000070b400000, 0x000000070b400000|100%| O|  |TAMS 0x000000070b200000, 0x000000070b400000| Untracked 
|  33|0x000000070b400000, 0x000000070b600000, 0x000000070b600000|100%| O|  |TAMS 0x000000070b400000, 0x000000070b600000| Untracked 
|  34|0x000000070b600000, 0x000000070b800000, 0x000000070b800000|100%| O|  |TAMS 0x000000070b600000, 0x000000070b800000| Untracked 
|  35|0x000000070b800000, 0x000000070ba00000, 0x000000070ba00000|100%| O|  |TAMS 0x000000070ba00000, 0x000000070ba00000| Untracked 
|  36|0x000000070ba00000, 0x000000070bb99800, 0x000000070bc00000| 79%| O|  |TAMS 0x000000070ba00000, 0x000000070ba32800| Untracked 
|  37|0x000000070bc00000, 0x000000070bc00000, 0x000000070be00000|  0%| F|  |TAMS 0x000000070bc00000, 0x000000070bc00000| Untracked 
|  38|0x000000070be00000, 0x000000070c000000, 0x000000070c000000|100%| O|  |TAMS 0x000000070c000000, 0x000000070c000000| Untracked 
|  39|0x000000070c000000, 0x000000070c000000, 0x000000070c200000|  0%| F|  |TAMS 0x000000070c000000, 0x000000070c000000| Untracked 
|  40|0x000000070c200000, 0x000000070c400000, 0x000000070c400000|100%| O|  |TAMS 0x000000070c400000, 0x000000070c400000| Untracked 
|  41|0x000000070c400000, 0x000000070c600000, 0x000000070c600000|100%| O|  |TAMS 0x000000070c600000, 0x000000070c600000| Untracked 
|  42|0x000000070c600000, 0x000000070c600000, 0x000000070c800000|  0%| F|  |TAMS 0x000000070c600000, 0x000000070c600000| Untracked 
|  43|0x000000070c800000, 0x000000070ca00000, 0x000000070ca00000|100%| O|  |TAMS 0x000000070ca00000, 0x000000070ca00000| Untracked 
|  44|0x000000070ca00000, 0x000000070cc00000, 0x000000070cc00000|100%| O|  |TAMS 0x000000070cc00000, 0x000000070cc00000| Untracked 
|  45|0x000000070cc00000, 0x000000070ce00000, 0x000000070ce00000|100%| O|  |TAMS 0x000000070ce00000, 0x000000070ce00000| Untracked 
|  46|0x000000070ce00000, 0x000000070ce00000, 0x000000070d000000|  0%| F|  |TAMS 0x000000070ce00000, 0x000000070ce00000| Untracked 
|  47|0x000000070d000000, 0x000000070d200000, 0x000000070d200000|100%| O|  |TAMS 0x000000070d200000, 0x000000070d200000| Untracked 
|  48|0x000000070d200000, 0x000000070d400000, 0x000000070d400000|100%| O|  |TAMS 0x000000070d3c7800, 0x000000070d400000| Untracked 
|  49|0x000000070d400000, 0x000000070d400000, 0x000000070d600000|  0%| F|  |TAMS 0x000000070d400000, 0x000000070d400000| Untracked 
|  50|0x000000070d600000, 0x000000070d600000, 0x000000070d800000|  0%| F|  |TAMS 0x000000070d600000, 0x000000070d600000| Untracked 
|  51|0x000000070d800000, 0x000000070d800000, 0x000000070da00000|  0%| F|  |TAMS 0x000000070d800000, 0x000000070d800000| Untracked 
|  52|0x000000070da00000, 0x000000070da00000, 0x000000070dc00000|  0%| F|  |TAMS 0x000000070da00000, 0x000000070da00000| Untracked 
|  53|0x000000070dc00000, 0x000000070dc00000, 0x000000070de00000|  0%| F|  |TAMS 0x000000070dc00000, 0x000000070dc00000| Untracked 
|  54|0x000000070de00000, 0x000000070de00000, 0x000000070e000000|  0%| F|  |TAMS 0x000000070de00000, 0x000000070de00000| Untracked 
|  55|0x000000070e000000, 0x000000070e000000, 0x000000070e200000|  0%| F|  |TAMS 0x000000070e000000, 0x000000070e000000| Untracked 
|  56|0x000000070e200000, 0x000000070e200000, 0x000000070e400000|  0%| F|  |TAMS 0x000000070e200000, 0x000000070e200000| Untracked 
|  57|0x000000070e400000, 0x000000070e400000, 0x000000070e600000|  0%| F|  |TAMS 0x000000070e400000, 0x000000070e400000| Untracked 
|  58|0x000000070e600000, 0x000000070e600000, 0x000000070e800000|  0%| F|  |TAMS 0x000000070e600000, 0x000000070e600000| Untracked 
|  59|0x000000070e800000, 0x000000070e800000, 0x000000070ea00000|  0%| F|  |TAMS 0x000000070e800000, 0x000000070e800000| Untracked 
|  60|0x000000070ea00000, 0x000000070ea00000, 0x000000070ec00000|  0%| F|  |TAMS 0x000000070ea00000, 0x000000070ea00000| Untracked 
|  61|0x000000070ec00000, 0x000000070ec00000, 0x000000070ee00000|  0%| F|  |TAMS 0x000000070ec00000, 0x000000070ec00000| Untracked 
|  62|0x000000070ee00000, 0x000000070ee00000, 0x000000070f000000|  0%| F|  |TAMS 0x000000070ee00000, 0x000000070ee00000| Untracked 
|  63|0x000000070f000000, 0x000000070f000000, 0x000000070f200000|  0%| F|  |TAMS 0x000000070f000000, 0x000000070f000000| Untracked 
|  64|0x000000070f200000, 0x000000070f200000, 0x000000070f400000|  0%| F|  |TAMS 0x000000070f200000, 0x000000070f200000| Untracked 
|  65|0x000000070f400000, 0x000000070f400000, 0x000000070f600000|  0%| F|  |TAMS 0x000000070f400000, 0x000000070f400000| Untracked 
|  66|0x000000070f600000, 0x000000070f600000, 0x000000070f800000|  0%| F|  |TAMS 0x000000070f600000, 0x000000070f600000| Untracked 
|  67|0x000000070f800000, 0x000000070f800000, 0x000000070fa00000|  0%| F|  |TAMS 0x000000070f800000, 0x000000070f800000| Untracked 
|  68|0x000000070fa00000, 0x000000070fa00000, 0x000000070fc00000|  0%| F|  |TAMS 0x000000070fa00000, 0x000000070fa00000| Untracked 
|  69|0x000000070fc00000, 0x000000070fc00000, 0x000000070fe00000|  0%| F|  |TAMS 0x000000070fc00000, 0x000000070fc00000| Untracked 
|  70|0x000000070fe00000, 0x000000070fe00000, 0x0000000710000000|  0%| F|  |TAMS 0x000000070fe00000, 0x000000070fe00000| Untracked 
|  71|0x0000000710000000, 0x0000000710000000, 0x0000000710200000|  0%| F|  |TAMS 0x0000000710000000, 0x0000000710000000| Untracked 
|  72|0x0000000710200000, 0x0000000710200000, 0x0000000710400000|  0%| F|  |TAMS 0x0000000710200000, 0x0000000710200000| Untracked 
|  73|0x0000000710400000, 0x0000000710400000, 0x0000000710600000|  0%| F|  |TAMS 0x0000000710400000, 0x0000000710400000| Untracked 
|  74|0x0000000710600000, 0x0000000710800000, 0x0000000710800000|100%| S|CS|TAMS 0x0000000710600000, 0x0000000710600000| Complete 
|  75|0x0000000710800000, 0x0000000710a00000, 0x0000000710a00000|100%| S|CS|TAMS 0x0000000710800000, 0x0000000710800000| Complete 
|  76|0x0000000710a00000, 0x0000000710c00000, 0x0000000710c00000|100%| S|CS|TAMS 0x0000000710a00000, 0x0000000710a00000| Complete 
|  77|0x0000000710c00000, 0x0000000710e00000, 0x0000000710e00000|100%| S|CS|TAMS 0x0000000710c00000, 0x0000000710c00000| Complete 
|  78|0x0000000710e00000, 0x0000000711000000, 0x0000000711000000|100%| S|CS|TAMS 0x0000000710e00000, 0x0000000710e00000| Complete 
|  79|0x0000000711000000, 0x0000000711200000, 0x0000000711200000|100%| S|CS|TAMS 0x0000000711000000, 0x0000000711000000| Complete 
|  80|0x0000000711200000, 0x0000000711400000, 0x0000000711400000|100%| S|CS|TAMS 0x0000000711200000, 0x0000000711200000| Complete 
|  81|0x0000000711400000, 0x0000000711600000, 0x0000000711600000|100%| S|CS|TAMS 0x0000000711400000, 0x0000000711400000| Complete 
|  82|0x0000000711600000, 0x0000000711800000, 0x0000000711800000|100%| S|CS|TAMS 0x0000000711600000, 0x0000000711600000| Complete 
|  83|0x0000000711800000, 0x0000000711a00000, 0x0000000711a00000|100%| S|CS|TAMS 0x0000000711800000, 0x0000000711800000| Complete 
|  84|0x0000000711a00000, 0x0000000711c00000, 0x0000000711c00000|100%| S|CS|TAMS 0x0000000711a00000, 0x0000000711a00000| Complete 
|  85|0x0000000711c00000, 0x0000000711c00000, 0x0000000711e00000|  0%| F|  |TAMS 0x0000000711c00000, 0x0000000711c00000| Untracked 
|  86|0x0000000711e00000, 0x0000000711e00000, 0x0000000712000000|  0%| F|  |TAMS 0x0000000711e00000, 0x0000000711e00000| Untracked 
|  87|0x0000000712000000, 0x0000000712000000, 0x0000000712200000|  0%| F|  |TAMS 0x0000000712000000, 0x0000000712000000| Untracked 
|  88|0x0000000712200000, 0x0000000712200000, 0x0000000712400000|  0%| F|  |TAMS 0x0000000712200000, 0x0000000712200000| Untracked 
|  89|0x0000000712400000, 0x0000000712400000, 0x0000000712600000|  0%| F|  |TAMS 0x0000000712400000, 0x0000000712400000| Untracked 
|  90|0x0000000712600000, 0x0000000712600000, 0x0000000712800000|  0%| F|  |TAMS 0x0000000712600000, 0x0000000712600000| Untracked 
|  91|0x0000000712800000, 0x0000000712800000, 0x0000000712a00000|  0%| F|  |TAMS 0x0000000712800000, 0x0000000712800000| Untracked 
|  92|0x0000000712a00000, 0x0000000712a00000, 0x0000000712c00000|  0%| F|  |TAMS 0x0000000712a00000, 0x0000000712a00000| Untracked 
|  93|0x0000000712c00000, 0x0000000712c00000, 0x0000000712e00000|  0%| F|  |TAMS 0x0000000712c00000, 0x0000000712c00000| Untracked 
|  94|0x0000000712e00000, 0x0000000712e00000, 0x0000000713000000|  0%| F|  |TAMS 0x0000000712e00000, 0x0000000712e00000| Untracked 
|  95|0x0000000713000000, 0x0000000713000000, 0x0000000713200000|  0%| F|  |TAMS 0x0000000713000000, 0x0000000713000000| Untracked 
|  96|0x0000000713200000, 0x0000000713200000, 0x0000000713400000|  0%| F|  |TAMS 0x0000000713200000, 0x0000000713200000| Untracked 
|  97|0x0000000713400000, 0x0000000713400000, 0x0000000713600000|  0%| F|  |TAMS 0x0000000713400000, 0x0000000713400000| Untracked 
|  98|0x0000000713600000, 0x0000000713600000, 0x0000000713800000|  0%| F|  |TAMS 0x0000000713600000, 0x0000000713600000| Untracked 
|  99|0x0000000713800000, 0x0000000713800000, 0x0000000713a00000|  0%| F|  |TAMS 0x0000000713800000, 0x0000000713800000| Untracked 
| 100|0x0000000713a00000, 0x0000000713a00000, 0x0000000713c00000|  0%| F|  |TAMS 0x0000000713a00000, 0x0000000713a00000| Untracked 
| 101|0x0000000713c00000, 0x0000000713c00000, 0x0000000713e00000|  0%| F|  |TAMS 0x0000000713c00000, 0x0000000713c00000| Untracked 
| 102|0x0000000713e00000, 0x0000000713e00000, 0x0000000714000000|  0%| F|  |TAMS 0x0000000713e00000, 0x0000000713e00000| Untracked 
| 103|0x0000000714000000, 0x0000000714000000, 0x0000000714200000|  0%| F|  |TAMS 0x0000000714000000, 0x0000000714000000| Untracked 
| 104|0x0000000714200000, 0x0000000714200000, 0x0000000714400000|  0%| F|  |TAMS 0x0000000714200000, 0x0000000714200000| Untracked 
| 105|0x0000000714400000, 0x0000000714400000, 0x0000000714600000|  0%| F|  |TAMS 0x0000000714400000, 0x0000000714400000| Untracked 
| 106|0x0000000714600000, 0x0000000714600000, 0x0000000714800000|  0%| F|  |TAMS 0x0000000714600000, 0x0000000714600000| Untracked 
| 107|0x0000000714800000, 0x0000000714800000, 0x0000000714a00000|  0%| F|  |TAMS 0x0000000714800000, 0x0000000714800000| Untracked 
| 108|0x0000000714a00000, 0x0000000714a00000, 0x0000000714c00000|  0%| F|  |TAMS 0x0000000714a00000, 0x0000000714a00000| Untracked 
| 109|0x0000000714c00000, 0x0000000714c00000, 0x0000000714e00000|  0%| F|  |TAMS 0x0000000714c00000, 0x0000000714c00000| Untracked 
| 110|0x0000000714e00000, 0x0000000714e00000, 0x0000000715000000|  0%| F|  |TAMS 0x0000000714e00000, 0x0000000714e00000| Untracked 
| 111|0x0000000715000000, 0x0000000715000000, 0x0000000715200000|  0%| F|  |TAMS 0x0000000715000000, 0x0000000715000000| Untracked 
| 112|0x0000000715200000, 0x0000000715200000, 0x0000000715400000|  0%| F|  |TAMS 0x0000000715200000, 0x0000000715200000| Untracked 
| 113|0x0000000715400000, 0x0000000715400000, 0x0000000715600000|  0%| F|  |TAMS 0x0000000715400000, 0x0000000715400000| Untracked 
| 114|0x0000000715600000, 0x0000000715600000, 0x0000000715800000|  0%| F|  |TAMS 0x0000000715600000, 0x0000000715600000| Untracked 
| 115|0x0000000715800000, 0x0000000715800000, 0x0000000715a00000|  0%| F|  |TAMS 0x0000000715800000, 0x0000000715800000| Untracked 
| 116|0x0000000715a00000, 0x0000000715a00000, 0x0000000715c00000|  0%| F|  |TAMS 0x0000000715a00000, 0x0000000715a00000| Untracked 
| 117|0x0000000715c00000, 0x0000000715c00000, 0x0000000715e00000|  0%| F|  |TAMS 0x0000000715c00000, 0x0000000715c00000| Untracked 
| 118|0x0000000715e00000, 0x0000000715e00000, 0x0000000716000000|  0%| F|  |TAMS 0x0000000715e00000, 0x0000000715e00000| Untracked 
| 119|0x0000000716000000, 0x0000000716000000, 0x0000000716200000|  0%| F|  |TAMS 0x0000000716000000, 0x0000000716000000| Untracked 
| 120|0x0000000716200000, 0x0000000716200000, 0x0000000716400000|  0%| F|  |TAMS 0x0000000716200000, 0x0000000716200000| Untracked 
| 121|0x0000000716400000, 0x0000000716400000, 0x0000000716600000|  0%| F|  |TAMS 0x0000000716400000, 0x0000000716400000| Untracked 
| 122|0x0000000716600000, 0x0000000716600000, 0x0000000716800000|  0%| F|  |TAMS 0x0000000716600000, 0x0000000716600000| Untracked 
| 123|0x0000000716800000, 0x0000000716800000, 0x0000000716a00000|  0%| F|  |TAMS 0x0000000716800000, 0x0000000716800000| Untracked 
| 124|0x0000000716a00000, 0x0000000716a00000, 0x0000000716c00000|  0%| F|  |TAMS 0x0000000716a00000, 0x0000000716a00000| Untracked 
| 125|0x0000000716c00000, 0x0000000716c00000, 0x0000000716e00000|  0%| F|  |TAMS 0x0000000716c00000, 0x0000000716c00000| Untracked 
| 126|0x0000000716e00000, 0x0000000716e00000, 0x0000000717000000|  0%| F|  |TAMS 0x0000000716e00000, 0x0000000716e00000| Untracked 
| 127|0x0000000717000000, 0x0000000717000000, 0x0000000717200000|  0%| F|  |TAMS 0x0000000717000000, 0x0000000717000000| Untracked 
| 128|0x0000000717200000, 0x0000000717200000, 0x0000000717400000|  0%| F|  |TAMS 0x0000000717200000, 0x0000000717200000| Untracked 
| 129|0x0000000717400000, 0x0000000717400000, 0x0000000717600000|  0%| F|  |TAMS 0x0000000717400000, 0x0000000717400000| Untracked 
| 130|0x0000000717600000, 0x0000000717600000, 0x0000000717800000|  0%| F|  |TAMS 0x0000000717600000, 0x0000000717600000| Untracked 
| 131|0x0000000717800000, 0x0000000717800000, 0x0000000717a00000|  0%| F|  |TAMS 0x0000000717800000, 0x0000000717800000| Untracked 
| 132|0x0000000717a00000, 0x0000000717a00000, 0x0000000717c00000|  0%| F|  |TAMS 0x0000000717a00000, 0x0000000717a00000| Untracked 
| 133|0x0000000717c00000, 0x0000000717c00000, 0x0000000717e00000|  0%| F|  |TAMS 0x0000000717c00000, 0x0000000717c00000| Untracked 
| 134|0x0000000717e00000, 0x0000000717e00000, 0x0000000718000000|  0%| F|  |TAMS 0x0000000717e00000, 0x0000000717e00000| Untracked 
| 135|0x0000000718000000, 0x0000000718000000, 0x0000000718200000|  0%| F|  |TAMS 0x0000000718000000, 0x0000000718000000| Untracked 
| 136|0x0000000718200000, 0x0000000718200000, 0x0000000718400000|  0%| F|  |TAMS 0x0000000718200000, 0x0000000718200000| Untracked 
| 137|0x0000000718400000, 0x0000000718400000, 0x0000000718600000|  0%| F|  |TAMS 0x0000000718400000, 0x0000000718400000| Untracked 
| 138|0x0000000718600000, 0x0000000718600000, 0x0000000718800000|  0%| F|  |TAMS 0x0000000718600000, 0x0000000718600000| Untracked 
| 139|0x0000000718800000, 0x0000000718800000, 0x0000000718a00000|  0%| F|  |TAMS 0x0000000718800000, 0x0000000718800000| Untracked 
| 140|0x0000000718a00000, 0x0000000718a00000, 0x0000000718c00000|  0%| F|  |TAMS 0x0000000718a00000, 0x0000000718a00000| Untracked 
| 141|0x0000000718c00000, 0x0000000718c00000, 0x0000000718e00000|  0%| F|  |TAMS 0x0000000718c00000, 0x0000000718c00000| Untracked 
| 142|0x0000000718e00000, 0x0000000718e00000, 0x0000000719000000|  0%| F|  |TAMS 0x0000000718e00000, 0x0000000718e00000| Untracked 
| 143|0x0000000719000000, 0x0000000719000000, 0x0000000719200000|  0%| F|  |TAMS 0x0000000719000000, 0x0000000719000000| Untracked 
| 144|0x0000000719200000, 0x0000000719200000, 0x0000000719400000|  0%| F|  |TAMS 0x0000000719200000, 0x0000000719200000| Untracked 
| 145|0x0000000719400000, 0x0000000719400000, 0x0000000719600000|  0%| F|  |TAMS 0x0000000719400000, 0x0000000719400000| Untracked 
| 146|0x0000000719600000, 0x0000000719600000, 0x0000000719800000|  0%| F|  |TAMS 0x0000000719600000, 0x0000000719600000| Untracked 
| 147|0x0000000719800000, 0x0000000719800000, 0x0000000719a00000|  0%| F|  |TAMS 0x0000000719800000, 0x0000000719800000| Untracked 
| 148|0x0000000719a00000, 0x0000000719a00000, 0x0000000719c00000|  0%| F|  |TAMS 0x0000000719a00000, 0x0000000719a00000| Untracked 
| 149|0x0000000719c00000, 0x0000000719c00000, 0x0000000719e00000|  0%| F|  |TAMS 0x0000000719c00000, 0x0000000719c00000| Untracked 
| 150|0x0000000719e00000, 0x0000000719e00000, 0x000000071a000000|  0%| F|  |TAMS 0x0000000719e00000, 0x0000000719e00000| Untracked 
| 151|0x000000071a000000, 0x000000071a000000, 0x000000071a200000|  0%| F|  |TAMS 0x000000071a000000, 0x000000071a000000| Untracked 
| 152|0x000000071a200000, 0x000000071a200000, 0x000000071a400000|  0%| F|  |TAMS 0x000000071a200000, 0x000000071a200000| Untracked 
| 153|0x000000071a400000, 0x000000071a400000, 0x000000071a600000|  0%| F|  |TAMS 0x000000071a400000, 0x000000071a400000| Untracked 
| 154|0x000000071a600000, 0x000000071a600000, 0x000000071a800000|  0%| F|  |TAMS 0x000000071a600000, 0x000000071a600000| Untracked 
| 155|0x000000071a800000, 0x000000071a800000, 0x000000071aa00000|  0%| F|  |TAMS 0x000000071a800000, 0x000000071a800000| Untracked 
| 156|0x000000071aa00000, 0x000000071aa00000, 0x000000071ac00000|  0%| F|  |TAMS 0x000000071aa00000, 0x000000071aa00000| Untracked 
| 157|0x000000071ac00000, 0x000000071ac00000, 0x000000071ae00000|  0%| F|  |TAMS 0x000000071ac00000, 0x000000071ac00000| Untracked 
| 158|0x000000071ae00000, 0x000000071ae00000, 0x000000071b000000|  0%| F|  |TAMS 0x000000071ae00000, 0x000000071ae00000| Untracked 
| 159|0x000000071b000000, 0x000000071b000000, 0x000000071b200000|  0%| F|  |TAMS 0x000000071b000000, 0x000000071b000000| Untracked 
| 160|0x000000071b200000, 0x000000071b200000, 0x000000071b400000|  0%| F|  |TAMS 0x000000071b200000, 0x000000071b200000| Untracked 
| 161|0x000000071b400000, 0x000000071b400000, 0x000000071b600000|  0%| F|  |TAMS 0x000000071b400000, 0x000000071b400000| Untracked 
| 162|0x000000071b600000, 0x000000071b600000, 0x000000071b800000|  0%| F|  |TAMS 0x000000071b600000, 0x000000071b600000| Untracked 
| 163|0x000000071b800000, 0x000000071b800000, 0x000000071ba00000|  0%| F|  |TAMS 0x000000071b800000, 0x000000071b800000| Untracked 
| 164|0x000000071ba00000, 0x000000071ba00000, 0x000000071bc00000|  0%| F|  |TAMS 0x000000071ba00000, 0x000000071ba00000| Untracked 
| 165|0x000000071bc00000, 0x000000071bc00000, 0x000000071be00000|  0%| F|  |TAMS 0x000000071bc00000, 0x000000071bc00000| Untracked 
| 351|0x0000000733000000, 0x0000000733000000, 0x0000000733200000|  0%| F|  |TAMS 0x0000000733000000, 0x0000000733000000| Untracked 

Card table byte_map: [0x000001f9222e0000,0x000001f922ab0000] _byte_map_base: 0x000001f91eaa7000

Marking Bits (Prev, Next): (CMBitMap*) 0x000001f916ceb7a0, (CMBitMap*) 0x000001f916ceb760
 Prev Bits: [0x000001f9270c0000, 0x000001f92aef8000)
 Next Bits: [0x000001f923280000, 0x000001f9270b8000)

Polling page: 0x000001f9149c0000

Metaspace:

Usage:
  Non-class:     74.93 MB used.
      Class:     12.75 MB used.
       Both:     87.68 MB used.

Virtual space:
  Non-class space:      128.00 MB reserved,      75.62 MB ( 59%) committed,  2 nodes.
      Class space:        1.00 GB reserved,      13.19 MB (  1%) committed,  1 nodes.
             Both:        1.12 GB reserved,      88.81 MB (  8%) committed. 

Chunk freelists:
   Non-Class:  4.28 MB
       Class:  2.96 MB
        Both:  7.23 MB

MaxMetaspaceSize: unlimited
CompressedClassSpaceSize: 1.00 GB
Initial GC threshold: 21.00 MB
Current GC threshold: 148.06 MB
CDS: on
MetaspaceReclaimPolicy: balanced
 - commit_granule_bytes: 65536.
 - commit_granule_words: 8192.
 - virtual_space_node_default_size: 8388608.
 - enlarge_chunks_in_place: 1.
 - new_chunks_are_fully_committed: 0.
 - uncommit_free_chunks: 1.
 - use_allocation_guard: 0.
 - handle_deallocations: 1.


Internal statistics:

num_allocs_failed_limit: 12.
num_arena_births: 1284.
num_arena_deaths: 438.
num_vsnodes_births: 3.
num_vsnodes_deaths: 0.
num_space_committed: 1421.
num_space_uncommitted: 0.
num_chunks_returned_to_freelist: 549.
num_chunks_taken_from_freelist: 4727.
num_chunk_merges: 188.
num_chunk_splits: 3279.
num_chunks_enlarged: 2490.
num_inconsistent_stats: 0.

CodeCache: size=49152Kb used=24449Kb max_used=25171Kb free=24702Kb
 bounds [0x000001f91e7c0000, 0x000001f920090000, 0x000001f9217c0000]
 total_blobs=15198 nmethods=14446 adapters=677
 compilation: enabled
              stopped_count=0, restarted_count=0
 full_count=0

Compilation events (20 events):
Event: 48072.842 Thread 0x000001f92d7bd0e0 14614       1       org.hibernate.sql.results.internal.StandardRowReader::getResultJavaTypes (64 bytes)
Event: 48072.843 Thread 0x000001f92d7bd0e0 nmethod 14614 0x000001f91ffd6390 code [0x000001f91ffd65a0, 0x000001f91ffd69c8]
Event: 48073.125 Thread 0x000001f92d7bd0e0 14615       1       oracle.jdbc.driver.T4CNumberAccessor::<init> (87 bytes)
Event: 48073.127 Thread 0x000001f92d7bd0e0 nmethod 14615 0x000001f91ffd5e90 code [0x000001f91ffd6040, 0x000001f91ffd6268]
Event: 48073.128 Thread 0x000001f92d7bd0e0 14616       1       oracle.jdbc.driver.NumberCommonAccessor::initForDataAccess (18 bytes)
Event: 48073.128 Thread 0x000001f92d7bd0e0 nmethod 14616 0x000001f91ffd5b90 code [0x000001f91ffd5d20, 0x000001f91ffd5e08]
Event: 48073.133 Thread 0x000001f92d7bd0e0 14617       1       oracle.jdbc.driver.NumberCommonAccessor::init (41 bytes)
Event: 48073.134 Thread 0x000001f92d7bd0e0 nmethod 14617 0x000001f91ffd5690 code [0x000001f91ffd5840, 0x000001f91ffd5a58]
Event: 48073.136 Thread 0x000001f92d7bd0e0 14618       1       oracle.jdbc.driver.NumberAccessor::<init> (29 bytes)
Event: 48073.142 Thread 0x000001f92d7bd0e0 nmethod 14618 0x000001f91ffd4f90 code [0x000001f91ffd5140, 0x000001f91ffd5518]
Event: 48073.142 Thread 0x000001f92d7bd0e0 14619       1       oracle.jdbc.driver.NumberCommonAccessor::<init> (29 bytes)
Event: 48073.142 Thread 0x000001f92d7bd0e0 nmethod 14619 0x000001f91ffd4a10 code [0x000001f91ffd4bc0, 0x000001f91ffd4ee8]
Event: 48073.773 Thread 0x000001f92d7bd0e0 14620       1       org.hibernate.tuple.entity.EntityMetamodel::isInherited (5 bytes)
Event: 48073.774 Thread 0x000001f92d7bd0e0 nmethod 14620 0x000001f91ffd4710 code [0x000001f91ffd48a0, 0x000001f91ffd4978]
Event: 48074.703 Thread 0x000001f92d7bd0e0 14621       1       java.lang.ThreadLocal$ThreadLocalMap::<init> (158 bytes)
Event: 48074.706 Thread 0x000001f92d7bd0e0 nmethod 14621 0x000001f91ffd3c10 code [0x000001f91ffd3e00, 0x000001f91ffd43d8]
Event: 48074.709 Thread 0x000001f92d7bd0e0 14622       1       org.hibernate.spi.NavigablePath::getFullPath (22 bytes)
Event: 48074.710 Thread 0x000001f92d7bd0e0 nmethod 14622 0x000001f91ffd3890 code [0x000001f91ffd3a40, 0x000001f91ffd3b48]
Event: 48076.912 Thread 0x000001f92d7bd0e0 14623       1       org.hibernate.persister.entity.AbstractEntityPersister::getNumberOfFetchables (10 bytes)
Event: 48076.915 Thread 0x000001f92d7bd0e0 nmethod 14623 0x000001f91ffd3510 code [0x000001f91ffd36c0, 0x000001f91ffd37a8]

GC Heap History (20 events):
Event: 923.136 GC heap after
{Heap after GC invocations=60 (full 0):
 garbage-first heap   total 342016K, used 112171K [0x0000000707200000, 0x0000000800000000)
  region size 2048K, 1 young (2048K), 1 survivors (2048K)
 Metaspace       used 89744K, committed 90944K, reserved 1179648K
  class space    used 13048K, committed 13504K, reserved 1048576K
}
Event: 924.898 GC heap before
{Heap before GC invocations=60 (full 0):
 garbage-first heap   total 342016K, used 247339K [0x0000000707200000, 0x0000000800000000)
  region size 2048K, 67 young (137216K), 1 survivors (2048K)
 Metaspace       used 89745K, committed 90944K, reserved 1179648K
  class space    used 13048K, committed 13504K, reserved 1048576K
}
Event: 924.909 GC heap after
{Heap after GC invocations=61 (full 0):
 garbage-first heap   total 342016K, used 130714K [0x0000000707200000, 0x0000000800000000)
  region size 2048K, 9 young (18432K), 9 survivors (18432K)
 Metaspace       used 89745K, committed 90944K, reserved 1179648K
  class space    used 13048K, committed 13504K, reserved 1048576K
}
Event: 926.585 GC heap before
{Heap before GC invocations=62 (full 0):
 garbage-first heap   total 342016K, used 219526K [0x0000000707200000, 0x0000000800000000)
  region size 2048K, 69 young (141312K), 9 survivors (18432K)
 Metaspace       used 89733K, committed 90944K, reserved 1179648K
  class space    used 13045K, committed 13504K, reserved 1048576K
}
Event: 926.594 GC heap after
{Heap after GC invocations=63 (full 0):
 garbage-first heap   total 342016K, used 100056K [0x0000000707200000, 0x0000000800000000)
  region size 2048K, 8 young (16384K), 8 survivors (16384K)
 Metaspace       used 89733K, committed 90944K, reserved 1179648K
  class space    used 13045K, committed 13504K, reserved 1048576K
}
Event: 926.609 GC heap before
{Heap before GC invocations=63 (full 0):
 garbage-first heap   total 342016K, used 102104K [0x0000000707200000, 0x0000000800000000)
  region size 2048K, 9 young (18432K), 8 survivors (16384K)
 Metaspace       used 89733K, committed 90944K, reserved 1179648K
  class space    used 13045K, committed 13504K, reserved 1048576K
}
Event: 926.616 GC heap after
{Heap after GC invocations=64 (full 0):
 garbage-first heap   total 342016K, used 91088K [0x0000000707200000, 0x0000000800000000)
  region size 2048K, 1 young (2048K), 1 survivors (2048K)
 Metaspace       used 89733K, committed 90944K, reserved 1179648K
  class space    used 13045K, committed 13504K, reserved 1048576K
}
Event: 1011.240 GC heap before
{Heap before GC invocations=64 (full 0):
 garbage-first heap   total 342016K, used 242640K [0x0000000707200000, 0x0000000800000000)
  region size 2048K, 75 young (153600K), 1 survivors (2048K)
 Metaspace       used 89738K, committed 90944K, reserved 1179648K
  class space    used 13047K, committed 13504K, reserved 1048576K
}
Event: 1011.247 GC heap after
{Heap after GC invocations=65 (full 0):
 garbage-first heap   total 342016K, used 95909K [0x0000000707200000, 0x0000000800000000)
  region size 2048K, 4 young (8192K), 4 survivors (8192K)
 Metaspace       used 89738K, committed 90944K, reserved 1179648K
  class space    used 13047K, committed 13504K, reserved 1048576K
}
Event: 1013.011 GC heap before
{Heap before GC invocations=66 (full 0):
 garbage-first heap   total 342016K, used 245022K [0x0000000707200000, 0x0000000800000000)
  region size 2048K, 79 young (161792K), 4 survivors (8192K)
 Metaspace       used 89738K, committed 90944K, reserved 1179648K
  class space    used 13047K, committed 13504K, reserved 1048576K
}
Event: 1013.024 GC heap after
{Heap after GC invocations=67 (full 0):
 garbage-first heap   total 342016K, used 99950K [0x0000000707200000, 0x0000000800000000)
  region size 2048K, 8 young (16384K), 8 survivors (16384K)
 Metaspace       used 89738K, committed 90944K, reserved 1179648K
  class space    used 13047K, committed 13504K, reserved 1048576K
}
Event: 1013.055 GC heap before
{Heap before GC invocations=67 (full 0):
 garbage-first heap   total 342016K, used 101998K [0x0000000707200000, 0x0000000800000000)
  region size 2048K, 9 young (18432K), 8 survivors (16384K)
 Metaspace       used 89738K, committed 90944K, reserved 1179648K
  class space    used 13047K, committed 13504K, reserved 1048576K
}
Event: 1013.070 GC heap after
{Heap after GC invocations=68 (full 0):
 garbage-first heap   total 342016K, used 98671K [0x0000000707200000, 0x0000000800000000)
  region size 2048K, 2 young (4096K), 2 survivors (4096K)
 Metaspace       used 89738K, committed 90944K, reserved 1179648K
  class space    used 13047K, committed 13504K, reserved 1048576K
}
Event: 1014.849 GC heap before
{Heap before GC invocations=68 (full 0):
 garbage-first heap   total 342016K, used 250223K [0x0000000707200000, 0x0000000800000000)
  region size 2048K, 77 young (157696K), 2 survivors (4096K)
 Metaspace       used 89738K, committed 90944K, reserved 1179648K
  class space    used 13047K, committed 13504K, reserved 1048576K
}
Event: 1014.857 GC heap after
{Heap after GC invocations=69 (full 0):
 garbage-first heap   total 342016K, used 112604K [0x0000000707200000, 0x0000000800000000)
  region size 2048K, 9 young (18432K), 9 survivors (18432K)
 Metaspace       used 89738K, committed 90944K, reserved 1179648K
  class space    used 13047K, committed 13504K, reserved 1048576K
}
Event: 48070.083 GC heap before
{Heap before GC invocations=70 (full 0):
 garbage-first heap   total 342016K, used 243676K [0x0000000707200000, 0x0000000800000000)
  region size 2048K, 79 young (161792K), 9 survivors (18432K)
 Metaspace       used 89789K, committed 90944K, reserved 1179648K
  class space    used 13056K, committed 13504K, reserved 1048576K
}
Event: 48070.237 GC heap after
{Heap after GC invocations=71 (full 0):
 garbage-first heap   total 342016K, used 93051K [0x0000000707200000, 0x0000000800000000)
  region size 2048K, 4 young (8192K), 4 survivors (8192K)
 Metaspace       used 89789K, committed 90944K, reserved 1179648K
  class space    used 13056K, committed 13504K, reserved 1048576K
}
Event: 48070.427 GC heap before
{Heap before GC invocations=71 (full 0):
 garbage-first heap   total 342016K, used 101243K [0x0000000707200000, 0x0000000800000000)
  region size 2048K, 8 young (16384K), 4 survivors (8192K)
 Metaspace       used 89789K, committed 90944K, reserved 1179648K
  class space    used 13056K, committed 13504K, reserved 1048576K
}
Event: 48070.448 GC heap after
{Heap after GC invocations=72 (full 0):
 garbage-first heap   total 342016K, used 89563K [0x0000000707200000, 0x0000000800000000)
  region size 2048K, 1 young (2048K), 1 survivors (2048K)
 Metaspace       used 89789K, committed 90944K, reserved 1179648K
  class space    used 13056K, committed 13504K, reserved 1048576K
}
Event: 48077.371 GC heap before
{Heap before GC invocations=72 (full 0):
 garbage-first heap   total 342016K, used 255451K [0x0000000707200000, 0x0000000800000000)
  region size 2048K, 82 young (167936K), 1 survivors (2048K)
 Metaspace       used 89789K, committed 90944K, reserved 1179648K
  class space    used 13056K, committed 13504K, reserved 1048576K
}

Dll operation events (14 events):
Event: 0.006 Loaded shared library C:\Users\Lenovo\.jdks\corretto-17.0.16\bin\java.dll
Event: 0.016 Loaded shared library C:\Users\Lenovo\.jdks\corretto-17.0.16\bin\jsvml.dll
Event: 0.087 Loaded shared library C:\Users\Lenovo\.jdks\corretto-17.0.16\bin\zip.dll
Event: 0.089 Loaded shared library C:\Users\Lenovo\.jdks\corretto-17.0.16\bin\instrument.dll
Event: 0.092 Loaded shared library C:\Users\Lenovo\.jdks\corretto-17.0.16\bin\net.dll
Event: 0.093 Loaded shared library C:\Users\Lenovo\.jdks\corretto-17.0.16\bin\nio.dll
Event: 0.094 Loaded shared library C:\Users\Lenovo\.jdks\corretto-17.0.16\bin\zip.dll
Event: 0.244 Loaded shared library C:\Program Files\JetBrains\IntelliJ IDEA 2022.2\bin\breakgen64.dll
Event: 0.249 Loaded shared library C:\Users\Lenovo\.jdks\corretto-17.0.16\bin\jimage.dll
Event: 0.252 Loaded shared library C:\Users\Lenovo\.jdks\corretto-17.0.16\bin\extnet.dll
Event: 0.264 Loaded shared library C:\Users\Lenovo\.jdks\corretto-17.0.16\bin\management.dll
Event: 0.273 Loaded shared library C:\Users\Lenovo\.jdks\corretto-17.0.16\bin\management_ext.dll
Event: 1.706 Loaded shared library C:\Users\Lenovo\.jdks\corretto-17.0.16\bin\sunmscapi.dll
Event: 3.530 Loaded shared library C:\Users\Lenovo\.jdks\corretto-17.0.16\bin\verify.dll

Deoptimization events (14 events):
Event: 2.756 Thread 0x000001f916c81ac0 DEOPT PACKING pc=0x000001f91effc78c sp=0x0000003c144fcf30
Event: 2.756 Thread 0x000001f916c81ac0 DEOPT UNPACKING pc=0x000001f91e817143 sp=0x0000003c144fc3e8 mode 0
Event: 2.886 Thread 0x000001f916c81ac0 DEOPT PACKING pc=0x000001f91f171c95 sp=0x0000003c144fda70
Event: 2.886 Thread 0x000001f916c81ac0 DEOPT UNPACKING pc=0x000001f91e817143 sp=0x0000003c144fd018 mode 0
Event: 3.831 Thread 0x000001f916c81ac0 DEOPT PACKING pc=0x000001f91ed90589 sp=0x0000003c144fd7a0
Event: 3.831 Thread 0x000001f916c81ac0 DEOPT UNPACKING pc=0x000001f91e817143 sp=0x0000003c144fcc30 mode 3
Event: 3.831 Thread 0x000001f9745f29b0 DEOPT PACKING pc=0x000001f91ece629f sp=0x0000003c171ff2a0
Event: 3.831 Thread 0x000001f9745f29b0 DEOPT UNPACKING pc=0x000001f91e817143 sp=0x0000003c171fe6f8 mode 3
Event: 4.925 Thread 0x000001f916c81ac0 DEOPT PACKING pc=0x000001f91ee2bacc sp=0x0000003c144fc180
Event: 4.925 Thread 0x000001f916c81ac0 DEOPT UNPACKING pc=0x000001f91e817143 sp=0x0000003c144fb6d8 mode 0
Event: 4.992 Thread 0x000001f916c81ac0 DEOPT PACKING pc=0x000001f91ed9217a sp=0x0000003c144fc350
Event: 4.992 Thread 0x000001f916c81ac0 DEOPT UNPACKING pc=0x000001f91e817143 sp=0x0000003c144fb858 mode 3
Event: 623.152 Thread 0x000001f975ae4cb0 DEOPT PACKING pc=0x000001f91fb53608 sp=0x0000003c17ffa9e0
Event: 623.153 Thread 0x000001f975ae4cb0 DEOPT UNPACKING pc=0x000001f91e817143 sp=0x0000003c17ff9f90 mode 3

Classes loaded (20 events):
Event: 21.856 Loading class java/util/concurrent/Semaphore$Sync done
Event: 21.856 Loading class java/util/concurrent/Semaphore$NonfairSync done
Event: 21.856 Loading class sun/nio/ch/SelectionKeyImpl
Event: 21.857 Loading class java/nio/channels/spi/AbstractSelectionKey
Event: 21.857 Loading class java/nio/channels/SelectionKey
Event: 21.857 Loading class java/nio/channels/SelectionKey done
Event: 21.857 Loading class java/nio/channels/spi/AbstractSelectionKey done
Event: 21.857 Loading class sun/nio/ch/SelectionKeyImpl done
Event: 21.857 Loading class java/lang/invoke/ConstantBootstraps
Event: 21.858 Loading class java/lang/invoke/ConstantBootstraps done
Event: 21.905 Loading class sun/nio/cs/ISO_8859_1$Decoder
Event: 21.905 Loading class sun/nio/cs/ISO_8859_1$Decoder done
Event: 21.911 Loading class java/util/ArrayList$SubList$2
Event: 21.911 Loading class java/util/ArrayList$SubList$2 done
Event: 22.047 Loading class java/math/BigDecimal$StringBuilderHelper
Event: 22.047 Loading class java/math/BigDecimal$StringBuilderHelper done
Event: 51.209 Loading class java/math/MathContext
Event: 51.210 Loading class java/math/MathContext done
Event: 623.140 Loading class java/util/concurrent/atomic/Striped64$Cell
Event: 623.146 Loading class java/util/concurrent/atomic/Striped64$Cell done

Classes unloaded (20 events):
Event: 147.000 Thread 0x000001f92d7953a0 Unloading class 0x000001f92f007c00 'jdk/internal/reflect/GeneratedConstructorAccessor1'
Event: 147.000 Thread 0x000001f92d7953a0 Unloading class 0x000001f92f007400 'java/lang/invoke/LambdaForm$MH+0x000001f92f007400'
Event: 147.000 Thread 0x000001f92d7953a0 Unloading class 0x000001f92f007000 'java/lang/invoke/LambdaForm$MH+0x000001f92f007000'
Event: 147.000 Thread 0x000001f92d7953a0 Unloading class 0x000001f92f006c00 'java/lang/invoke/LambdaForm$MH+0x000001f92f006c00'
Event: 147.000 Thread 0x000001f92d7953a0 Unloading class 0x000001f92f006800 'java/lang/invoke/LambdaForm$MH+0x000001f92f006800'
Event: 147.000 Thread 0x000001f92d7953a0 Unloading class 0x000001f92f006400 'java/lang/invoke/LambdaForm$MH+0x000001f92f006400'
Event: 147.000 Thread 0x000001f92d7953a0 Unloading class 0x000001f92f006000 'java/lang/invoke/LambdaForm$MH+0x000001f92f006000'
Event: 147.000 Thread 0x000001f92d7953a0 Unloading class 0x000001f92f005000 'java/lang/invoke/LambdaForm$MH+0x000001f92f005000'
Event: 147.000 Thread 0x000001f92d7953a0 Unloading class 0x000001f92f004c00 'java/lang/invoke/LambdaForm$MH+0x000001f92f004c00'
Event: 147.000 Thread 0x000001f92d7953a0 Unloading class 0x000001f92f004400 'java/lang/invoke/LambdaForm$MH+0x000001f92f004400'
Event: 147.000 Thread 0x000001f92d7953a0 Unloading class 0x000001f92f003800 'java/lang/invoke/LambdaForm$MH+0x000001f92f003800'
Event: 147.000 Thread 0x000001f92d7953a0 Unloading class 0x000001f92f003000 'java/lang/invoke/LambdaForm$MH+0x000001f92f003000'
Event: 147.000 Thread 0x000001f92d7953a0 Unloading class 0x000001f92f002800 'java/lang/invoke/LambdaForm$MH+0x000001f92f002800'
Event: 147.000 Thread 0x000001f92d7953a0 Unloading class 0x000001f92f002000 'java/lang/invoke/LambdaForm$MH+0x000001f92f002000'
Event: 924.937 Thread 0x000001f92d7953a0 Unloading class 0x000001f92fb24400 'java/lang/invoke/LambdaForm$MH+0x000001f92fb24400'
Event: 924.937 Thread 0x000001f92d7953a0 Unloading class 0x000001f92fb28c00 'java/lang/invoke/LambdaForm$MH+0x000001f92fb28c00'
Event: 924.937 Thread 0x000001f92d7953a0 Unloading class 0x000001f92fb2ac00 'java/lang/invoke/LambdaForm$MH+0x000001f92fb2ac00'
Event: 924.937 Thread 0x000001f92d7953a0 Unloading class 0x000001f92fb2bc00 'java/lang/invoke/LambdaForm$MH+0x000001f92fb2bc00'
Event: 924.937 Thread 0x000001f92d7953a0 Unloading class 0x000001f92fb3c400 'java/lang/invoke/LambdaForm$MH+0x000001f92fb3c400'
Event: 924.937 Thread 0x000001f92d7953a0 Unloading class 0x000001f92fbcc400 'java/lang/invoke/LambdaForm$MH+0x000001f92fbcc400'

Classes redefined (0 events):
No events

Internal exceptions (20 events):
Event: 5.717 Thread 0x000001f916c81ac0 Exception <a 'java/lang/NoSuchMethodError'{0x000000070c2e7e40}: 'void java.lang.invoke.DirectMethodHandle$Holder.invokeVirtual(java.lang.Object, java.lang.Object, long)'> (0x000000070c2e7e40) 
thrown [s\src\hotspot\share\interpreter\linkResolver.cpp, line 759]
Event: 5.779 Thread 0x000001f916c81ac0 Exception <a 'java/lang/IncompatibleClassChangeError'{0x000000070e4e9340}: Found class java.lang.Object, but interface was expected> (0x000000070e4e9340) 
thrown [s\src\hotspot\share\interpreter\linkResolver.cpp, line 826]
Event: 5.806 Thread 0x000001f916c81ac0 Exception <a 'java/lang/NoSuchMethodError'{0x000000070df7a868}: 'java.lang.Object java.lang.invoke.DirectMethodHandle$Holder.newInvokeSpecial(java.lang.Object, java.lang.Object, java.lang.Object, java.lang.Object, java.lang.Object, java.lang.Object, java.lang.Object, java.lang.Object, java.lang.Object)'> (0x000000070df7a868) 
thrown [s\src\hotspot\share\interpreter\linkResolver.cpp, line 759]
Event: 5.806 Thread 0x000001f916c81ac0 Exception <a 'java/lang/NoSuchMethodError'{0x000000070df7f560}: 'java.lang.Object java.lang.invoke.Invokers$Holder.linkToTargetMethod(java.lang.Object, java.lang.Object, java.lang.Object, java.lang.Object, java.lang.Object, java.lang.Object, java.lang.Object, java.lang.Object, java.lang.Object)'> (0x000000070df7f560) 
thrown [s\src\hotspot\share\interpreter\linkResolver.cpp, line 759]
Event: 5.966 Thread 0x000001f916c81ac0 Exception <a 'java/lang/NoSuchMethodError'{0x000000070c87f730}: 'int java.lang.invoke.DirectMethodHandle$Holder.invokeStatic(java.lang.Object, java.lang.Object, java.lang.Object, java.lang.Object, java.lang.Object)'> (0x000000070c87f730) 
thrown [s\src\hotspot\share\interpreter\linkResolver.cpp, line 759]
Event: 5.997 Thread 0x000001f916c81ac0 Exception <a 'java/lang/NoSuchMethodError'{0x000000070c2c3be0}: 'double java.lang.invoke.DirectMethodHandle$Holder.invokeStatic(java.lang.Object, java.lang.Object)'> (0x000000070c2c3be0) 
thrown [s\src\hotspot\share\interpreter\linkResolver.cpp, line 759]
Event: 6.013 Thread 0x000001f96f745540 Exception <a 'java/lang/NoSuchMethodError'{0x0000000716ae0528}: 'long java.lang.invoke.DirectMethodHandle$Holder.invokeStatic(java.lang.Object, java.lang.Object, java.lang.Object)'> (0x0000000716ae0528) 
thrown [s\src\hotspot\share\interpreter\linkResolver.cpp, line 759]
Event: 6.205 Thread 0x000001f916c81ac0 Exception <a 'java/lang/NoSuchMethodError'{0x000000070e5094c0}: 'void java.lang.invoke.DirectMethodHandle$Holder.invokeStatic(java.lang.Object, java.lang.Object, double)'> (0x000000070e5094c0) 
thrown [s\src\hotspot\share\interpreter\linkResolver.cpp, line 759]
Event: 6.208 Thread 0x000001f916c81ac0 Exception <a 'java/lang/NoSuchMethodError'{0x000000070e55da58}: 'double java.lang.invoke.DirectMethodHandle$Holder.invokeStatic(java.lang.Object, java.lang.Object, java.lang.Object)'> (0x000000070e55da58) 
thrown [s\src\hotspot\share\interpreter\linkResolver.cpp, line 759]
Event: 6.218 Thread 0x000001f916c81ac0 Exception <a 'java/lang/IncompatibleClassChangeError'{0x000000070e25d598}: Found class java.lang.Object, but interface was expected> (0x000000070e25d598) 
thrown [s\src\hotspot\share\interpreter\linkResolver.cpp, line 826]
Event: 6.220 Thread 0x000001f916c81ac0 Exception <a 'java/lang/NoSuchMethodError'{0x000000070e285950}: 'java.lang.Object java.lang.invoke.DirectMethodHandle$Holder.newInvokeSpecial(java.lang.Object, java.lang.Object, int, java.lang.Object, java.lang.Object)'> (0x000000070e285950) 
thrown [s\src\hotspot\share\interpreter\linkResolver.cpp, line 759]
Event: 6.241 Thread 0x000001f916c81ac0 Exception <a 'java/lang/NoSuchMethodError'{0x000000070e07f380}: 'double java.lang.invoke.DirectMethodHandle$Holder.invokeVirtual(java.lang.Object, java.lang.Object)'> (0x000000070e07f380) 
thrown [s\src\hotspot\share\interpreter\linkResolver.cpp, line 759]
Event: 21.877 Thread 0x000001f975ae7530 Exception <a 'java/lang/NoSuchMethodError'{0x000000070f4065d0}: 'java.lang.Object java.lang.invoke.DirectMethodHandle$Holder.invokeSpecial(java.lang.Object, java.lang.Object, java.lang.Object, java.lang.Object, java.lang.Object, long)'> (0x000000070f4065d0) 
thrown [s\src\hotspot\share\interpreter\linkResolver.cpp, line 759]
Event: 21.877 Thread 0x000001f975ae7530 Exception <a 'java/lang/NoSuchMethodError'{0x000000070f40a010}: 'java.lang.Object java.lang.invoke.Invokers$Holder.linkToTargetMethod(java.lang.Object, java.lang.Object, java.lang.Object, long, java.lang.Object)'> (0x000000070f40a010) 
thrown [s\src\hotspot\share\interpreter\linkResolver.cpp, line 759]
Event: 21.911 Thread 0x000001f975ae7530 Exception <a 'java/lang/NoSuchMethodError'{0x000000070f214f70}: 'java.lang.Object java.lang.invoke.DirectMethodHandle$Holder.invokeStatic(java.lang.Object, int, int)'> (0x000000070f214f70) 
thrown [s\src\hotspot\share\interpreter\linkResolver.cpp, line 759]
Event: 22.023 Thread 0x000001f975ae7530 Exception <a 'java/lang/IncompatibleClassChangeError'{0x000000070ea44380}: Found class java.lang.Object, but interface was expected> (0x000000070ea44380) 
thrown [s\src\hotspot\share\interpreter\linkResolver.cpp, line 826]
Event: 22.036 Thread 0x000001f975ae7530 Exception <a 'java/lang/NoSuchMethodError'{0x000000070e6287d8}: 'java.lang.Object java.lang.invoke.DirectMethodHandle$Holder.newInvokeSpecial(java.lang.Object, java.lang.Object, java.lang.Object, long)'> (0x000000070e6287d8) 
thrown [s\src\hotspot\share\interpreter\linkResolver.cpp, line 759]
Event: 22.036 Thread 0x000001f975ae7530 Exception <a 'java/lang/NoSuchMethodError'{0x000000070e62cdb0}: 'java.lang.Object java.lang.invoke.DirectMethodHandle$Holder.invokeSpecial(java.lang.Object, java.lang.Object, java.lang.Object, java.lang.Object, long)'> (0x000000070e62cdb0) 
thrown [s\src\hotspot\share\interpreter\linkResolver.cpp, line 759]
Event: 22.036 Thread 0x000001f975ae7530 Exception <a 'java/lang/NoSuchMethodError'{0x000000070e630a38}: 'java.lang.Object java.lang.invoke.Invokers$Holder.linkToTargetMethod(java.lang.Object, java.lang.Object, long, java.lang.Object)'> (0x000000070e630a38) 
thrown [s\src\hotspot\share\interpreter\linkResolver.cpp, line 759]
Event: 36.432 Thread 0x000001f975ae7f50 Exception <a 'java/lang/NoSuchMethodError'{0x000000070d936330}: 'java.lang.Object java.lang.invoke.DirectMethodHandle$Holder.invokeInterface(java.lang.Object, java.lang.Object, java.lang.Object, java.lang.Object)'> (0x000000070d936330) 
thrown [s\src\hotspot\share\interpreter\linkResolver.cpp, line 759]

VM Operations (20 events):
Event: 47916.697 Executing VM operation: Cleanup done
Event: 47942.807 Executing VM operation: Cleanup
Event: 47942.807 Executing VM operation: Cleanup done
Event: 48068.147 Executing VM operation: Cleanup
Event: 48068.147 Executing VM operation: Cleanup done
Event: 48070.082 Executing VM operation: G1CollectForAllocation
Event: 48070.238 Executing VM operation: G1CollectForAllocation done
Event: 48070.238 Executing VM operation: HandshakeAllThreads
Event: 48070.238 Executing VM operation: HandshakeAllThreads done
Event: 48070.427 Executing VM operation: G1CollectForAllocation
Event: 48070.448 Executing VM operation: G1CollectForAllocation done
Event: 48072.449 Executing VM operation: Cleanup
Event: 48072.449 Executing VM operation: Cleanup done
Event: 48073.449 Executing VM operation: Cleanup
Event: 48073.450 Executing VM operation: Cleanup done
Event: 48074.450 Executing VM operation: Cleanup
Event: 48074.450 Executing VM operation: Cleanup done
Event: 48076.461 Executing VM operation: Cleanup
Event: 48076.461 Executing VM operation: Cleanup done
Event: 48077.359 Executing VM operation: G1CollectForAllocation

Memory protections (0 events):
No events

Nmethod flushes (20 events):
Event: 5.079 Thread 0x000001f92d7bdae0 flushing  nmethod 0x000001f91f3ff010
Event: 5.079 Thread 0x000001f92d7bdae0 flushing  nmethod 0x000001f91f408a90
Event: 5.079 Thread 0x000001f92d7bdae0 flushing  nmethod 0x000001f91f40a190
Event: 5.079 Thread 0x000001f92d7bdae0 flushing  nmethod 0x000001f91f40a990
Event: 5.079 Thread 0x000001f92d7bdae0 flushing  nmethod 0x000001f91f41b210
Event: 5.079 Thread 0x000001f92d7bdae0 flushing  nmethod 0x000001f91f41de10
Event: 5.079 Thread 0x000001f92d7bdae0 flushing  nmethod 0x000001f91f426310
Event: 5.079 Thread 0x000001f92d7bdae0 flushing  nmethod 0x000001f91f42b390
Event: 5.079 Thread 0x000001f92d7bdae0 flushing  nmethod 0x000001f91f430f90
Event: 5.079 Thread 0x000001f92d7bdae0 flushing  nmethod 0x000001f91f436a10
Event: 5.079 Thread 0x000001f92d7bdae0 flushing  nmethod 0x000001f91f43fb10
Event: 5.079 Thread 0x000001f92d7bdae0 flushing  nmethod 0x000001f91f442010
Event: 5.079 Thread 0x000001f92d7bdae0 flushing  nmethod 0x000001f91f44b990
Event: 5.079 Thread 0x000001f92d7bdae0 flushing  nmethod 0x000001f91f45b510
Event: 5.079 Thread 0x000001f92d7bdae0 flushing  nmethod 0x000001f91f45bd90
Event: 5.080 Thread 0x000001f92d7bdae0 flushing  nmethod 0x000001f91f5d7790
Event: 5.080 Thread 0x000001f92d7bdae0 flushing  nmethod 0x000001f91f5e0190
Event: 5.080 Thread 0x000001f92d7bdae0 flushing  nmethod 0x000001f91f5e0790
Event: 5.080 Thread 0x000001f92d7bdae0 flushing  nmethod 0x000001f91f5e8910
Event: 5.080 Thread 0x000001f92d7bdae0 flushing  nmethod 0x000001f91f637090

Events (20 events):
Event: 48067.992 Thread 0x000001f975ae3870 Thread added: 0x000001f9745f1a80
Event: 48068.012 Thread 0x000001f9745f1a80 Thread exited: 0x000001f9745f1a80
Event: 48072.280 Thread 0x000001f975ae1500 Thread added: 0x000001f9745f1a80
Event: 48072.297 Thread 0x000001f975ae3360 Thread added: 0x000001f976122bf0
Event: 48072.304 Thread 0x000001f975ae7530 Thread added: 0x000001f9761226e0
Event: 48072.313 Thread 0x000001f976122bf0 Thread exited: 0x000001f976122bf0
Event: 48072.314 Thread 0x000001f9745f1a80 Thread exited: 0x000001f9745f1a80
Event: 48072.324 Thread 0x000001f9761226e0 Thread exited: 0x000001f9761226e0
Event: 48072.333 Thread 0x000001f975ae1a10 Thread added: 0x000001f9745f1a80
Event: 48072.334 Thread 0x000001f975ae4cb0 Thread added: 0x000001f976126dc0
Event: 48072.376 Thread 0x000001f976126dc0 Thread exited: 0x000001f976126dc0
Event: 48072.396 Thread 0x000001f9745f1a80 Thread exited: 0x000001f9745f1a80
Event: 48073.757 Thread 0x000001f975ae8970 Thread added: 0x000001f9745f1a80
Event: 48073.773 Thread 0x000001f9745f1a80 Thread exited: 0x000001f9745f1a80
Event: 48074.704 Thread 0x000001f975ae4290 Thread added: 0x000001f9745f1a80
Event: 48074.705 Thread 0x000001f9745f1a80 Thread exited: 0x000001f9745f1a80
Event: 48075.806 Thread 0x000001f975ae3870 Thread added: 0x000001f9745f1a80
Event: 48075.872 Thread 0x000001f9745f1a80 Thread exited: 0x000001f9745f1a80
Event: 48076.829 Thread 0x000001f975ae1500 Thread added: 0x000001f9745f1a80
Event: 48076.910 Thread 0x000001f9745f1a80 Thread exited: 0x000001f9745f1a80


Dynamic libraries:
0x00007ff76cd10000 - 0x00007ff76cd1e000 	C:\Users\Lenovo\.jdks\corretto-17.0.16\bin\java.exe
0x00007ffcead30000 - 0x00007ffceaf28000 	C:\Windows\SYSTEM32\ntdll.dll
0x00007ffcea8f0000 - 0x00007ffcea9b2000 	C:\Windows\System32\KERNEL32.DLL
0x00007ffce8a50000 - 0x00007ffce8d46000 	C:\Windows\System32\KERNELBASE.dll
0x00007ffce84c0000 - 0x00007ffce85c0000 	C:\Windows\System32\ucrtbase.dll
0x00007ffce32e0000 - 0x00007ffce32f7000 	C:\Users\Lenovo\.jdks\corretto-17.0.16\bin\jli.dll
0x00007ffce3370000 - 0x00007ffce338b000 	C:\Users\Lenovo\.jdks\corretto-17.0.16\bin\VCRUNTIME140.dll
0x00007ffceab40000 - 0x00007ffceace1000 	C:\Windows\System32\USER32.dll
0x00007ffce86f0000 - 0x00007ffce8712000 	C:\Windows\System32\win32u.dll
0x00007ffce7760000 - 0x00007ffce79fb000 	C:\Windows\WinSxS\amd64_microsoft.windows.common-controls_6595b64144ccf1df_6.0.19041.6456_none_60b8a6cb71f64256\COMCTL32.dll
0x00007ffcea300000 - 0x00007ffcea32b000 	C:\Windows\System32\GDI32.dll
0x00007ffce87d0000 - 0x00007ffce88e9000 	C:\Windows\System32\gdi32full.dll
0x00007ffcea420000 - 0x00007ffcea4be000 	C:\Windows\System32\msvcrt.dll
0x00007ffce85c0000 - 0x00007ffce865d000 	C:\Windows\System32\msvcp_win.dll
0x00007ffcea4c0000 - 0x00007ffcea4ef000 	C:\Windows\System32\IMM32.DLL
0x00007ffce6730000 - 0x00007ffce673c000 	C:\Users\Lenovo\.jdks\corretto-17.0.16\bin\vcruntime140_1.dll
0x00007ffccec30000 - 0x00007ffccecbd000 	C:\Users\Lenovo\.jdks\corretto-17.0.16\bin\msvcp140.dll
0x00007ffc9cf40000 - 0x00007ffc9dbac000 	C:\Users\Lenovo\.jdks\corretto-17.0.16\bin\server\jvm.dll
0x00007ffcea660000 - 0x00007ffcea711000 	C:\Windows\System32\ADVAPI32.dll
0x00007ffcea720000 - 0x00007ffcea7bf000 	C:\Windows\System32\sechost.dll
0x00007ffceaa20000 - 0x00007ffceab40000 	C:\Windows\System32\RPCRT4.dll
0x00007ffce8440000 - 0x00007ffce8467000 	C:\Windows\System32\bcrypt.dll
0x00007ffcea330000 - 0x00007ffcea39b000 	C:\Windows\System32\WS2_32.dll
0x00007ffce7fb0000 - 0x00007ffce7ffb000 	C:\Windows\SYSTEM32\POWRPROF.dll
0x00007ffce5a30000 - 0x00007ffce5a57000 	C:\Windows\SYSTEM32\WINMM.dll
0x00007ffce5000000 - 0x00007ffce500a000 	C:\Windows\SYSTEM32\VERSION.dll
0x00007ffce7af0000 - 0x00007ffce7b02000 	C:\Windows\SYSTEM32\UMPDC.dll
0x00007ffce5da0000 - 0x00007ffce5db2000 	C:\Windows\SYSTEM32\kernel.appcore.dll
0x00007ffce6100000 - 0x00007ffce610a000 	C:\Users\Lenovo\.jdks\corretto-17.0.16\bin\jimage.dll
0x00007ffce7da0000 - 0x00007ffce7fa1000 	C:\Windows\SYSTEM32\DBGHELP.DLL
0x00007ffce7ce0000 - 0x00007ffce7d14000 	C:\Windows\SYSTEM32\dbgcore.DLL
0x00007ffce8660000 - 0x00007ffce86e2000 	C:\Windows\System32\bcryptPrimitives.dll
0x00007ffce3360000 - 0x00007ffce336e000 	C:\Users\Lenovo\.jdks\corretto-17.0.16\bin\instrument.dll
0x00007ffcd2d60000 - 0x00007ffcd2d85000 	C:\Users\Lenovo\.jdks\corretto-17.0.16\bin\java.dll
0x00007ffcbeaf0000 - 0x00007ffcbebc7000 	C:\Users\Lenovo\.jdks\corretto-17.0.16\bin\jsvml.dll
0x00007ffce9510000 - 0x00007ffce9c80000 	C:\Windows\System32\SHELL32.dll
0x00007ffce5190000 - 0x00007ffce5935000 	C:\Windows\SYSTEM32\windows.storage.dll
0x00007ffce91b0000 - 0x00007ffce9504000 	C:\Windows\System32\combase.dll
0x00007ffce76c0000 - 0x00007ffce76eb000 	C:\Windows\SYSTEM32\Wldp.dll
0x00007ffce8ee0000 - 0x00007ffce8fad000 	C:\Windows\System32\OLEAUT32.dll
0x00007ffce9100000 - 0x00007ffce91ad000 	C:\Windows\System32\SHCORE.dll
0x00007ffcea2a0000 - 0x00007ffcea2fb000 	C:\Windows\System32\shlwapi.dll
0x00007ffce82f0000 - 0x00007ffce8314000 	C:\Windows\SYSTEM32\profapi.dll
0x00007ffccefc0000 - 0x00007ffccefd8000 	C:\Users\Lenovo\.jdks\corretto-17.0.16\bin\zip.dll
0x00007ffccf000000 - 0x00007ffccf019000 	C:\Users\Lenovo\.jdks\corretto-17.0.16\bin\net.dll
0x00007ffce3ab0000 - 0x00007ffce3bba000 	C:\Windows\SYSTEM32\WINHTTP.dll
0x00007ffce75f0000 - 0x00007ffce765a000 	C:\Windows\system32\mswsock.dll
0x00007ffccefe0000 - 0x00007ffcceff6000 	C:\Users\Lenovo\.jdks\corretto-17.0.16\bin\nio.dll
0x00007ffccef70000 - 0x00007ffccef8a000 	C:\Program Files\JetBrains\IntelliJ IDEA 2022.2\bin\breakgen64.dll
0x00007ffce1800000 - 0x00007ffce1809000 	C:\Users\Lenovo\.jdks\corretto-17.0.16\bin\extnet.dll
0x00007ffce7140000 - 0x00007ffce720a000 	C:\Windows\SYSTEM32\DNSAPI.dll
0x00007ffce7100000 - 0x00007ffce713b000 	C:\Windows\SYSTEM32\IPHLPAPI.DLL
0x00007ffce90f0000 - 0x00007ffce90f8000 	C:\Windows\System32\NSI.dll
0x00007ffce0940000 - 0x00007ffce094a000 	C:\Windows\System32\rasadhlp.dll
0x00007ffce00b0000 - 0x00007ffce0130000 	C:\Windows\System32\fwpuclnt.dll
0x00007ffcdc370000 - 0x00007ffcdc379000 	C:\Users\Lenovo\.jdks\corretto-17.0.16\bin\management.dll
0x00007ffcd29c0000 - 0x00007ffcd29cb000 	C:\Users\Lenovo\.jdks\corretto-17.0.16\bin\management_ext.dll
0x00007ffcea650000 - 0x00007ffcea658000 	C:\Windows\System32\PSAPI.DLL
0x00007ffce8130000 - 0x00007ffce8148000 	C:\Windows\SYSTEM32\CRYPTSP.dll
0x00007ffce6da0000 - 0x00007ffce6dd8000 	C:\Windows\system32\rsaenh.dll
0x00007ffce82b0000 - 0x00007ffce82de000 	C:\Windows\SYSTEM32\USERENV.dll
0x00007ffce7680000 - 0x00007ffce768c000 	C:\Windows\SYSTEM32\CRYPTBASE.dll
0x00007ffce0990000 - 0x00007ffce09a7000 	C:\Windows\SYSTEM32\dhcpcsvc6.DLL
0x00007ffce0970000 - 0x00007ffce098d000 	C:\Windows\SYSTEM32\dhcpcsvc.DLL
0x00007ffcce880000 - 0x00007ffcce897000 	C:\Windows\system32\napinsp.dll
0x00007ffcce860000 - 0x00007ffcce87b000 	C:\Windows\system32\pnrpnsp.dll
0x00007ffce3d00000 - 0x00007ffce3d1d000 	C:\Windows\system32\wshbth.dll
0x00007ffce3bc0000 - 0x00007ffce3bdd000 	C:\Windows\system32\NLAapi.dll
0x00007ffcce840000 - 0x00007ffcce852000 	C:\Windows\System32\winrnr.dll
0x00007ffcd20a0000 - 0x00007ffcd20ae000 	C:\Users\Lenovo\.jdks\corretto-17.0.16\bin\sunmscapi.dll
0x00007ffce88f0000 - 0x00007ffce8a4d000 	C:\Windows\System32\CRYPT32.dll
0x00007ffce7730000 - 0x00007ffce7757000 	C:\Windows\SYSTEM32\ncrypt.dll
0x00007ffce76f0000 - 0x00007ffce772b000 	C:\Windows\SYSTEM32\NTASN1.dll
0x00007ffcd24b0000 - 0x00007ffcd24c0000 	C:\Users\Lenovo\.jdks\corretto-17.0.16\bin\verify.dll
0x00007ffce7d40000 - 0x00007ffce7d47000 	C:\Windows\system32\wshunix.dll

dbghelp: loaded successfully - version: 4.0.5 - missing functions: none
symbol engine: initialized successfully - sym options: 0x614 - pdb path: .;C:\Users\Lenovo\.jdks\corretto-17.0.16\bin;C:\Windows\SYSTEM32;C:\Windows\WinSxS\amd64_microsoft.windows.common-controls_6595b64144ccf1df_6.0.19041.6456_none_60b8a6cb71f64256;C:\Users\Lenovo\.jdks\corretto-17.0.16\bin\server;C:\Program Files\JetBrains\IntelliJ IDEA 2022.2\bin

VM Arguments:
jvm_args: -XX:TieredStopAtLevel=1 -Dspring.output.ansi.enabled=always -Dcom.sun.management.jmxremote -Dspring.jmx.enabled=true -Dspring.liveBeansView.mbeanDomain -Dspring.application.admin.enabled=true -javaagent:C:\Program Files\JetBrains\IntelliJ IDEA 2022.2\lib\idea_rt.jar=50186:C:\Program Files\JetBrains\IntelliJ IDEA 2022.2\bin -Dfile.encoding=UTF-8 
java_command: com.tn.arabsoft.RemboursementFraisMedicaux.RemboursementFraisMedicauxApplication
java_class_path (initial): D:\Project\Spring\mutuelle\backend-mutuelle\RemboursementFraisMedicaux\target\classes;C:\Users\Lenovo\.m2\repository\org\springframework\boot\spring-boot-starter-actuator\3.3.4\spring-boot-starter-actuator-3.3.4.jar;C:\Users\Lenovo\.m2\repository\org\springframework\boot\spring-boot-starter\3.3.4\spring-boot-starter-3.3.4.jar;C:\Users\Lenovo\.m2\repository\org\springframework\boot\spring-boot\3.3.4\spring-boot-3.3.4.jar;C:\Users\Lenovo\.m2\repository\org\springframework\boot\spring-boot-autoconfigure\3.3.4\spring-boot-autoconfigure-3.3.4.jar;C:\Users\Lenovo\.m2\repository\org\springframework\boot\spring-boot-starter-logging\3.3.4\spring-boot-starter-logging-3.3.4.jar;C:\Users\Lenovo\.m2\repository\ch\qos\logback\logback-classic\1.5.8\logback-classic-1.5.8.jar;C:\Users\Lenovo\.m2\repository\ch\qos\logback\logback-core\1.5.8\logback-core-1.5.8.jar;C:\Users\Lenovo\.m2\repository\org\apache\logging\log4j\log4j-to-slf4j\2.23.1\log4j-to-slf4j-2.23.1.jar;C:\Users\Lenovo\.m2\repository\org\apache\logging\log4j\log4j-api\2.23.1\log4j-api-2.23.1.jar;C:\Users\Lenovo\.m2\repository\org\slf4j\jul-to-slf4j\2.0.16\jul-to-slf4j-2.0.16.jar;C:\Users\Lenovo\.m2\repository\jakarta\annotation\jakarta.annotation-api\2.1.1\jakarta.annotation-api-2.1.1.jar;C:\Users\Lenovo\.m2\repository\org\yaml\snakeyaml\2.2\snakeyaml-2.2.jar;C:\Users\Lenovo\.m2\repository\org\springframework\boot\spring-boot-actuator-autoconfigure\3.3.4\spring-boot-actuator-autoconfigure-3.3.4.jar;C:\Users\Lenovo\.m2\repository\org\springframework\boot\spring-boot-actuator\3.3.4\spring-boot-actuator-3.3.4.jar;C:\Users\Lenovo\.m2\repository\com\fasterxml\jackson\datatype\jackson-datatype-jsr310\2.17.2\jackson-datatype-jsr310-2.17.2.jar;C:\Users\Lenovo\.m2\repository\io\micrometer\micrometer-observation\1.13.4\micrometer-observation-1.13.4.jar;C:\Users\Lenovo\.m2\repository\io\micrometer\micrometer-commons\1.13.4\micrometer-commons-1.13.4.jar;C:\Users\Lenovo\.m2\repository\io\micrometer\microme
Launcher Type: SUN_STANDARD

[Global flags]
     intx CICompilerCount                          = 4                                         {product} {ergonomic}
     uint ConcGCThreads                            = 3                                         {product} {ergonomic}
     uint G1ConcRefinementThreads                  = 10                                        {product} {ergonomic}
   size_t G1HeapRegionSize                         = 2097152                                   {product} {ergonomic}
    uintx GCDrainStackTargetSize                   = 64                                        {product} {ergonomic}
   size_t InitialHeapSize                          = 262144000                                 {product} {ergonomic}
     bool ManagementServer                         = true                                      {product} {command line}
   size_t MarkStackSize                            = 4194304                                   {product} {ergonomic}
   size_t MaxHeapSize                              = 4175429632                                {product} {ergonomic}
   size_t MaxNewSize                               = 2503999488                                {product} {ergonomic}
   size_t MinHeapDeltaBytes                        = 2097152                                   {product} {ergonomic}
   size_t MinHeapSize                              = 8388608                                   {product} {ergonomic}
    uintx NonProfiledCodeHeapSize                  = 0                                      {pd product} {ergonomic}
     bool ProfileInterpreter                       = false                                  {pd product} {command line}
    uintx ProfiledCodeHeapSize                     = 0                                      {pd product} {ergonomic}
   size_t SoftMaxHeapSize                          = 4175429632                             {manageable} {ergonomic}
     intx TieredStopAtLevel                        = 1                                         {product} {command line}
     bool UseCompressedClassPointers               = true                           {product lp64_product} {ergonomic}
     bool UseCompressedOops                        = true                           {product lp64_product} {ergonomic}
     bool UseG1GC                                  = true                                      {product} {ergonomic}
     bool UseLargePagesIndividualAllocation        = false                                  {pd product} {ergonomic}

Logging:
Log output configuration:
 #0: stdout all=warning uptime,level,tags
 #1: stderr all=off uptime,level,tags

Environment Variables:
JAVA_HOME=C:\Program Files\Java\jdk-17
PATH=C:\FORMS6P\bin;C:\Program Files\Common Files\Oracle\Java\javapath;D:\ORACLE\ORACLE11G\bin;C:\Windows\system32;C:\Windows;C:\Windows\System32\Wbem;C:\Windows\System32\WindowsPowerShell\v1.0\;C:\Windows\System32\OpenSSH\;C:\Program Files\nodejs\;C:\Program Files\Git\cmd;C:\FORMS6P\jdk\bin;C:\Program Files\cursor\resources\app\bin;C:\Users\Lenovo\AppData\Local\Microsoft\WindowsApps;C:\Users\Lenovo\AppData\Local\Programs\Microsoft VS Code\bin;C:\Program Files\Java\jdk-17\bin;C:\Oracle\Middleware\jdk1.7.0_80\bin;C:\Users\Lenovo\AppData\Roaming\npm;C:\Users\Lenovo\AppData\Local\GitHubDesktop\bin
USERNAME=Lenovo
OS=Windows_NT
PROCESSOR_IDENTIFIER=Intel64 Family 6 Model 186 Stepping 2, GenuineIntel
TMP=C:\Users\Lenovo\AppData\Local\Temp
TEMP=C:\Users\Lenovo\AppData\Local\Temp



Periodic native trim disabled


---------------  S Y S T E M  ---------------

OS:
 Windows 10 , 64 bit Build 19041 (10.0.19041.5915)
OS uptime: 4 days 14:40 hours

CPU: total 12 (initial active 12) (6 cores per cpu, 2 threads per core) family 6 model 186 stepping 2 microcode 0x5105, cx8, cmov, fxsr, ht, mmx, 3dnowpref, sse, sse2, sse3, ssse3, sse4.1, sse4.2, popcnt, lzcnt, tsc, tscinvbit, avx, avx2, aes, erms, clmul, bmi1, bmi2, adx, sha, fma, vzeroupper, clflush, clflushopt, clwb
Processor Information for all 12 processors :
  Max Mhz: 2200, Current Mhz: 2200, Mhz Limit: 2200

Memory: 4k page, system-wide physical 15926M (247M free)
TotalPageFile size 46368M (AvailPageFile size 206M)
current process WorkingSet (physical memory assigned to process): 284M, peak: 477M
current process commit charge ("private bytes"): 588M, peak: 971M

vm_info: OpenJDK 64-Bit Server VM (17.0.16+8-LTS) for windows-amd64 JRE (17.0.16+8-LTS), built on Jul  9 2025 19:25:12 by "Administrator" with MS VC++ 16.10 / 16.11 (VS2019)

END.
