#
# There is insufficient memory for the Java Runtime Environment to continue.
# Native memory allocation (mmap) failed to map 406847488 bytes. Error detail: G1 virtual space
# Possible reasons:
#   The system is out of physical RAM or swap space
#   This process is running with CompressedOops enabled, and the Java Heap may be blocking the growth of the native heap
# Possible solutions:
#   Reduce memory load on the system
#   Increase physical memory or swap space
#   Check if swap backing store is full
#   Decrease Java heap size (-Xmx/-Xms)
#   Decrease number of Java threads
#   Decrease Java thread stack sizes (-Xss)
#   Set larger code cache with -XX:ReservedCodeCacheSize=
#   JVM is running with Unscaled Compressed Oops mode in which the Java heap is
#     placed in the first 4GB address space. The Java Heap base address is the
#     maximum limit for the native heap growth. Please use -XX:HeapBaseMinAddress
#     to set the Java Heap base and to place the Java Heap above 4GB virtual address.
# This output file may be truncated or incomplete.
#
#  Out of Memory Error (os_windows.cpp:3618), pid=18900, tid=17796
#
# JRE version: OpenJDK Runtime Environment Corretto-17.0.17.10.1 (17.0.17+10) (build 17.0.17+10-LTS)
# Java VM: OpenJDK 64-Bit Server VM Corretto-17.0.17.10.1 (17.0.17+10-LTS, mixed mode, emulated-client, sharing, tiered, compressed oops, compressed class ptrs, g1 gc, windows-amd64)
# No core dump will be written. Minidumps are not enabled by default on client versions of Windows
#

---------------  S U M M A R Y ------------

Command Line: -XX:TieredStopAtLevel=1 -Dspring.output.ansi.enabled=always -Dcom.sun.management.jmxremote -Dspring.jmx.enabled=true -Dspring.liveBeansView.mbeanDomain -Dspring.application.admin.enabled=true -javaagent:C:\Program Files\JetBrains\IntelliJ IDEA 2022.2\lib\idea_rt.jar=55211:C:\Program Files\JetBrains\IntelliJ IDEA 2022.2\bin -Dfile.encoding=UTF-8 com.arabsoft.reports.ReportsApplication

Host: Intel(R) Core(TM) i3-14100, 8 cores, 7G,  Windows 10 , 64 bit Build 19041 (10.0.19041.5915)
Time: Fri Nov 28 13:58:36 2025 Paris, Madrid elapsed time: 21045.495018 seconds (0d 5h 50m 45s)

---------------  T H R E A D  ---------------

Current thread (0x00000208bd567f40):  VMThread "VM Thread" [stack: 0x000000124ea00000,0x000000124eb00000] [id=17796]

Stack: [0x000000124ea00000,0x000000124eb00000]
Native frames: (J=compiled Java code, j=interpreted, Vv=VM code, C=native code)
V  [jvm.dll+0x68afd9]
V  [jvm.dll+0x841c09]
V  [jvm.dll+0x843978]
V  [jvm.dll+0x844003]
V  [jvm.dll+0x24ce4f]
V  [jvm.dll+0x687e39]
V  [jvm.dll+0x67ce4a]
V  [jvm.dll+0x30d100]
V  [jvm.dll+0x30cfa2]
V  [jvm.dll+0x3144f9]
V  [jvm.dll+0x366799]
V  [jvm.dll+0x3669cd]
V  [jvm.dll+0x2e421a]
V  [jvm.dll+0x2e2611]
V  [jvm.dll+0x2e1dac]
V  [jvm.dll+0x325e0b]
V  [jvm.dll+0x84887d]
V  [jvm.dll+0x849593]
V  [jvm.dll+0x849ac4]
V  [jvm.dll+0x849ea8]
V  [jvm.dll+0x849f9e]
V  [jvm.dll+0x7f187c]
V  [jvm.dll+0x689ee7]
C  [ucrtbase.dll+0x21bb2]
C  [KERNEL32.DLL+0x17374]
C  [ntdll.dll+0x4cc91]

VM_Operation (0x00000012509fe720): G1CollectForAllocation, mode: safepoint, requested by thread 0x00000208847bb9b0


---------------  P R O C E S S  ---------------

Threads class SMR info:
_java_thread_list=0x000002088b1623f0, length=42, elements={
0x00000208bd56f550, 0x00000208bd5701d0, 0x00000208bd586700, 0x00000208bd587380,
0x00000208bd588eb0, 0x00000208bd589870, 0x00000208bd58c240, 0x00000208bd58cc40,
0x00000208bd555660, 0x00000208ff4d2c80, 0x00000208ff4d3560, 0x00000208ff658820,
0x00000208847bc3d0, 0x00000208847bb9b0, 0x00000208847baa80, 0x00000208847bd300,
0x00000208847bd810, 0x00000208847ba570, 0x00000208860bee10, 0x00000208860bf320,
0x00000208860c0c70, 0x00000208860bc590, 0x00000208860bdee0, 0x00000208860bcaa0,
0x00000208860c1690, 0x00000208860c2ad0, 0x00000208860c2fe0, 0x00000208860c25c0,
0x00000208860c1ba0, 0x00000208860bf830, 0x00000208860bd9d0, 0x00000208860be3f0,
0x00000208860c20b0, 0x00000208860bfd40, 0x00000208860c34f0, 0x00000208860c0250,
0x00000208860bc080, 0x00000208860c3a00, 0x00000208860bcfb0, 0x00000208860bd4c0,
0x00000208847ba060, 0x000002088b52e250
}

Java Threads: ( => current thread )
  0x00000208bd56f550 JavaThread "Reference Handler" daemon [_thread_blocked, id=24512, stack(0x000000124eb00000,0x000000124ec00000)]
  0x00000208bd5701d0 JavaThread "Finalizer" daemon [_thread_blocked, id=13352, stack(0x000000124ec00000,0x000000124ed00000)]
  0x00000208bd586700 JavaThread "Signal Dispatcher" daemon [_thread_blocked, id=24556, stack(0x000000124ed00000,0x000000124ee00000)]
  0x00000208bd587380 JavaThread "Attach Listener" daemon [_thread_blocked, id=24228, stack(0x000000124ee00000,0x000000124ef00000)]
  0x00000208bd588eb0 JavaThread "Service Thread" daemon [_thread_blocked, id=20008, stack(0x000000124ef00000,0x000000124f000000)]
  0x00000208bd589870 JavaThread "Monitor Deflation Thread" daemon [_thread_blocked, id=8364, stack(0x000000124f000000,0x000000124f100000)]
  0x00000208bd58c240 JavaThread "C1 CompilerThread0" daemon [_thread_blocked, id=21844, stack(0x000000124f100000,0x000000124f200000)]
  0x00000208bd58cc40 JavaThread "Sweeper thread" daemon [_thread_blocked, id=19860, stack(0x000000124f200000,0x000000124f300000)]
  0x00000208bd555660 JavaThread "Common-Cleaner" daemon [_thread_blocked, id=8480, stack(0x000000124f500000,0x000000124f600000)]
  0x00000208ff4d2c80 JavaThread "Monitor Ctrl-Break" daemon [_thread_in_native, id=5780, stack(0x000000124f300000,0x000000124f400000)]
  0x00000208ff4d3560 JavaThread "Notification Thread" daemon [_thread_blocked, id=13368, stack(0x000000124f400000,0x000000124f500000)]
  0x00000208ff658820 JavaThread "RMI TCP Accept-0" daemon [_thread_in_native, id=9096, stack(0x000000124f700000,0x000000124f800000)]
  0x00000208847bc3d0 JavaThread "Catalina-utility-1" [_thread_blocked, id=1760, stack(0x0000001250800000,0x0000001250900000)]
  0x00000208847bb9b0 JavaThread "Catalina-utility-2" [_thread_blocked, id=7876, stack(0x0000001250900000,0x0000001250a00000)]
  0x00000208847baa80 JavaThread "container-0" [_thread_blocked, id=2984, stack(0x0000001250a00000,0x0000001250b00000)]
  0x00000208847bd300 JavaThread "oracle.jdbc.driver.BlockSource.ThreadedCachingBlockSource.BlockReleaser" daemon [_thread_blocked, id=10368, stack(0x0000001250b00000,0x0000001250c00000)]
  0x00000208847bd810 JavaThread "InterruptTimer" daemon [_thread_blocked, id=8768, stack(0x0000001250c00000,0x0000001250d00000)]
  0x00000208847ba570 JavaThread "HikariPool-1 housekeeper" daemon [_thread_blocked, id=18068, stack(0x0000001250e00000,0x0000001250f00000)]
  0x00000208860bee10 JavaThread "spring.cloud.inetutils" daemon [_thread_blocked, id=23876, stack(0x0000001251000000,0x0000001251100000)]
  0x00000208860bf320 JavaThread "File Watcher" daemon [_thread_blocked, id=20168, stack(0x0000001251100000,0x0000001251200000)]
  0x00000208860c0c70 JavaThread "spectator-gauge-polling-0" daemon [_thread_blocked, id=18120, stack(0x0000001251200000,0x0000001251300000)]
  0x00000208860bc590 JavaThread "AsyncResolver-bootstrap-%d" daemon [_thread_blocked, id=12656, stack(0x0000001251300000,0x0000001251400000)]
  0x00000208860bdee0 JavaThread "DiscoveryClient-%d" daemon [_thread_blocked, id=7256, stack(0x0000001251400000,0x0000001251500000)]
  0x00000208860bcaa0 JavaThread "DiscoveryClient-%d" daemon [_thread_blocked, id=6196, stack(0x0000001251500000,0x0000001251600000)]
  0x00000208860c1690 JavaThread "DiscoveryClient-InstanceInfoReplicator-%d" daemon [_thread_blocked, id=13096, stack(0x0000001251600000,0x0000001251700000)]
  0x00000208860c2ad0 JavaThread "http-nio-8011-exec-1" daemon [_thread_blocked, id=19236, stack(0x0000001251700000,0x0000001251800000)]
  0x00000208860c2fe0 JavaThread "http-nio-8011-exec-2" daemon [_thread_blocked, id=24096, stack(0x0000001251800000,0x0000001251900000)]
  0x00000208860c25c0 JavaThread "http-nio-8011-exec-3" daemon [_thread_blocked, id=12784, stack(0x0000001251900000,0x0000001251a00000)]
  0x00000208860c1ba0 JavaThread "http-nio-8011-exec-4" daemon [_thread_blocked, id=7520, stack(0x0000001251a00000,0x0000001251b00000)]
  0x00000208860bf830 JavaThread "http-nio-8011-exec-5" daemon [_thread_blocked, id=22932, stack(0x0000001251b00000,0x0000001251c00000)]
  0x00000208860bd9d0 JavaThread "http-nio-8011-exec-6" daemon [_thread_blocked, id=24020, stack(0x0000001251c00000,0x0000001251d00000)]
  0x00000208860be3f0 JavaThread "http-nio-8011-exec-7" daemon [_thread_blocked, id=13068, stack(0x0000001251d00000,0x0000001251e00000)]
  0x00000208860c20b0 JavaThread "http-nio-8011-exec-8" daemon [_thread_blocked, id=10216, stack(0x0000001251e00000,0x0000001251f00000)]
  0x00000208860bfd40 JavaThread "http-nio-8011-exec-9" daemon [_thread_blocked, id=13448, stack(0x0000001251f00000,0x0000001252000000)]
  0x00000208860c34f0 JavaThread "http-nio-8011-exec-10" daemon [_thread_blocked, id=10952, stack(0x0000001252000000,0x0000001252100000)]
  0x00000208860c0250 JavaThread "http-nio-8011-Poller" daemon [_thread_in_native, id=1508, stack(0x0000001252100000,0x0000001252200000)]
  0x00000208860bc080 JavaThread "http-nio-8011-Acceptor" daemon [_thread_in_native, id=23356, stack(0x0000001252200000,0x0000001252300000)]
  0x00000208860c3a00 JavaThread "DestroyJavaVM" [_thread_blocked, id=14852, stack(0x000000124e400000,0x000000124e500000)]
  0x00000208860bcfb0 JavaThread "DiscoveryClient-CacheRefreshExecutor-%d" daemon [_thread_blocked, id=22084, stack(0x0000001250200000,0x0000001250300000)]
  0x00000208860bd4c0 JavaThread "DiscoveryClient-HeartbeatExecutor-%d" daemon [_thread_blocked, id=24360, stack(0x0000001250300000,0x0000001250400000)]
  0x00000208847ba060 JavaThread "AsyncResolver-bootstrap-executor-%d" daemon [_thread_blocked, id=12972, stack(0x000000124e300000,0x000000124e400000)]
  0x000002088b52e250 JavaThread "Java2D Disposer" daemon [_thread_blocked, id=4732, stack(0x0000001250100000,0x0000001250200000)]

Other Threads:
=>0x00000208bd567f40 VMThread "VM Thread" [stack: 0x000000124ea00000,0x000000124eb00000] [id=17796]
  0x00000208ff5e35d0 WatcherThread [stack: 0x000000124f800000,0x000000124f900000] [id=21772]
  0x00000208ab658f00 GCTaskThread "GC Thread#0" [stack: 0x000000124e500000,0x000000124e600000] [id=12704]
  0x00000208ff6480a0 GCTaskThread "GC Thread#1" [stack: 0x000000124f900000,0x000000124fa00000] [id=24448]
  0x00000208ff6b6d50 GCTaskThread "GC Thread#2" [stack: 0x000000124fa00000,0x000000124fb00000] [id=10212]
  0x00000208ff6b7010 GCTaskThread "GC Thread#3" [stack: 0x000000124fb00000,0x000000124fc00000] [id=8952]
  0x00000208ff6b72d0 GCTaskThread "GC Thread#4" [stack: 0x000000124fc00000,0x000000124fd00000] [id=18520]
  0x00000208ff6b7590 GCTaskThread "GC Thread#5" [stack: 0x000000124fd00000,0x000000124fe00000] [id=16632]
  0x00000208ff6bbc60 GCTaskThread "GC Thread#6" [stack: 0x000000124fe00000,0x000000124ff00000] [id=20052]
  0x00000208ff6bbf20 GCTaskThread "GC Thread#7" [stack: 0x000000124ff00000,0x0000001250000000] [id=18368]
  0x00000208ab669250 ConcurrentGCThread "G1 Main Marker" [stack: 0x000000124e600000,0x000000124e700000] [id=24052]
  0x00000208ab669c70 ConcurrentGCThread "G1 Conc#0" [stack: 0x000000124e700000,0x000000124e800000] [id=13132]
  0x000002088475e450 ConcurrentGCThread "G1 Conc#1" [stack: 0x0000001250700000,0x0000001250800000] [id=5164]
  0x00000208ab69e590 ConcurrentGCThread "G1 Refine#0" [stack: 0x000000124e800000,0x000000124e900000] [id=22560]
  0x00000208ff6393a0 ConcurrentGCThread "G1 Refine#1" [stack: 0x0000001250000000,0x0000001250100000] [id=11916]
  0x00000208bd420500 ConcurrentGCThread "G1 Service" [stack: 0x000000124e900000,0x000000124ea00000] [id=12476]

Threads with active compile tasks:

VM state: at safepoint (normal execution)

VM Mutex/Monitor currently owned by a thread:  ([mutex/lock_event])
[0x00000208ab5f5bc0] Threads_lock - owner thread: 0x00000208bd567f40
[0x00000208ab5f6ca0] Heap_lock - owner thread: 0x00000208847bb9b0

Heap address: 0x0000000086000000, size: 1952 MB, Compressed Oops mode: 32-bit

CDS archive(s) mapped at: [0x00000208be000000-0x00000208bebb0000-0x00000208bebb0000), size 12255232, SharedBaseAddress: 0x00000208be000000, ArchiveRelocationMode: 1.
Compressed class space mapped at: 0x00000208bf000000-0x00000208ff000000, reserved size: 1073741824
Narrow klass base: 0x00000208be000000, Narrow klass shift: 0, Narrow klass range: 0x100000000

GC Precious Log:
 CPUs: 8 total, 8 available
 Memory: 7806M
 Large Page Support: Disabled
 NUMA Support: Disabled
 Compressed Oops: Enabled (32-bit)
 Heap Region Size: 1M
 Heap Min Capacity: 8M
 Heap Initial Capacity: 122M
 Heap Max Capacity: 1952M
 Pre-touch: Disabled
 Parallel Workers: 8
 Concurrent Workers: 2
 Concurrent Refinement Workers: 8
 Periodic GC: Disabled

Heap:
 garbage-first heap   total 198656K, used 73117K [0x0000000086000000, 0x0000000100000000)
  region size 1024K, 2 young (2048K), 2 survivors (2048K)
 Metaspace       used 102313K, committed 103040K, reserved 1179648K
  class space    used 14295K, committed 14592K, reserved 1048576K

Heap Regions: E=young(eden), S=young(survivor), O=old, HS=humongous(starts), HC=humongous(continues), CS=collection set, F=free, OA=open archive, CA=closed archive, TAMS=top-at-mark-start (previous, next)
|   0|0x0000000086000000, 0x0000000086100000, 0x0000000086100000|100%|HS|  |TAMS 0x0000000086100000, 0x0000000086100000| Complete 
|   1|0x0000000086100000, 0x0000000086200000, 0x0000000086200000|100%|HS|  |TAMS 0x0000000086200000, 0x0000000086200000| Complete 
|   2|0x0000000086200000, 0x0000000086300000, 0x0000000086300000|100%| O|  |TAMS 0x0000000086300000, 0x0000000086300000| Untracked 
|   3|0x0000000086300000, 0x0000000086400000, 0x0000000086400000|100%| O|  |TAMS 0x0000000086400000, 0x0000000086400000| Untracked 
|   4|0x0000000086400000, 0x0000000086500000, 0x0000000086500000|100%| O|  |TAMS 0x0000000086500000, 0x0000000086500000| Untracked 
|   5|0x0000000086500000, 0x0000000086600000, 0x0000000086600000|100%| O|  |TAMS 0x0000000086600000, 0x0000000086600000| Untracked 
|   6|0x0000000086600000, 0x0000000086700000, 0x0000000086700000|100%| O|  |TAMS 0x0000000086700000, 0x0000000086700000| Untracked 
|   7|0x0000000086700000, 0x0000000086800000, 0x0000000086800000|100%| O|  |TAMS 0x0000000086800000, 0x0000000086800000| Untracked 
|   8|0x0000000086800000, 0x0000000086900000, 0x0000000086900000|100%| O|  |TAMS 0x0000000086900000, 0x0000000086900000| Untracked 
|   9|0x0000000086900000, 0x0000000086a00000, 0x0000000086a00000|100%| O|  |TAMS 0x0000000086a00000, 0x0000000086a00000| Untracked 
|  10|0x0000000086a00000, 0x0000000086b00000, 0x0000000086b00000|100%| O|  |TAMS 0x0000000086b00000, 0x0000000086b00000| Untracked 
|  11|0x0000000086b00000, 0x0000000086c00000, 0x0000000086c00000|100%| O|  |TAMS 0x0000000086c00000, 0x0000000086c00000| Untracked 
|  12|0x0000000086c00000, 0x0000000086d00000, 0x0000000086d00000|100%| O|  |TAMS 0x0000000086d00000, 0x0000000086d00000| Untracked 
|  13|0x0000000086d00000, 0x0000000086e00000, 0x0000000086e00000|100%| O|  |TAMS 0x0000000086e00000, 0x0000000086e00000| Untracked 
|  14|0x0000000086e00000, 0x0000000086f00000, 0x0000000086f00000|100%| O|  |TAMS 0x0000000086f00000, 0x0000000086f00000| Untracked 
|  15|0x0000000086f00000, 0x0000000087000000, 0x0000000087000000|100%| O|  |TAMS 0x0000000087000000, 0x0000000087000000| Untracked 
|  16|0x0000000087000000, 0x0000000087100000, 0x0000000087100000|100%| O|  |TAMS 0x0000000087100000, 0x0000000087100000| Untracked 
|  17|0x0000000087100000, 0x0000000087200000, 0x0000000087200000|100%| O|  |TAMS 0x0000000087200000, 0x0000000087200000| Untracked 
|  18|0x0000000087200000, 0x0000000087300000, 0x0000000087300000|100%| O|  |TAMS 0x0000000087300000, 0x0000000087300000| Untracked 
|  19|0x0000000087300000, 0x0000000087400000, 0x0000000087400000|100%| O|  |TAMS 0x0000000087400000, 0x0000000087400000| Untracked 
|  20|0x0000000087400000, 0x0000000087500000, 0x0000000087500000|100%| O|  |TAMS 0x0000000087500000, 0x0000000087500000| Untracked 
|  21|0x0000000087500000, 0x0000000087600000, 0x0000000087600000|100%| O|  |TAMS 0x0000000087600000, 0x0000000087600000| Untracked 
|  22|0x0000000087600000, 0x0000000087700000, 0x0000000087700000|100%| O|  |TAMS 0x0000000087700000, 0x0000000087700000| Untracked 
|  23|0x0000000087700000, 0x0000000087800000, 0x0000000087800000|100%| O|  |TAMS 0x0000000087800000, 0x0000000087800000| Untracked 
|  24|0x0000000087800000, 0x0000000087900000, 0x0000000087900000|100%| O|  |TAMS 0x0000000087900000, 0x0000000087900000| Untracked 
|  25|0x0000000087900000, 0x0000000087a00000, 0x0000000087a00000|100%| O|  |TAMS 0x0000000087a00000, 0x0000000087a00000| Untracked 
|  26|0x0000000087a00000, 0x0000000087b00000, 0x0000000087b00000|100%| O|  |TAMS 0x0000000087b00000, 0x0000000087b00000| Untracked 
|  27|0x0000000087b00000, 0x0000000087c00000, 0x0000000087c00000|100%| O|  |TAMS 0x0000000087c00000, 0x0000000087c00000| Untracked 
|  28|0x0000000087c00000, 0x0000000087d00000, 0x0000000087d00000|100%| O|  |TAMS 0x0000000087d00000, 0x0000000087d00000| Untracked 
|  29|0x0000000087d00000, 0x0000000087e00000, 0x0000000087e00000|100%| O|  |TAMS 0x0000000087e00000, 0x0000000087e00000| Untracked 
|  30|0x0000000087e00000, 0x0000000087f00000, 0x0000000087f00000|100%| O|  |TAMS 0x0000000087f00000, 0x0000000087f00000| Untracked 
|  31|0x0000000087f00000, 0x0000000088000000, 0x0000000088000000|100%| O|  |TAMS 0x0000000088000000, 0x0000000088000000| Untracked 
|  32|0x0000000088000000, 0x0000000088100000, 0x0000000088100000|100%| O|  |TAMS 0x0000000088100000, 0x0000000088100000| Untracked 
|  33|0x0000000088100000, 0x0000000088200000, 0x0000000088200000|100%| O|  |TAMS 0x0000000088200000, 0x0000000088200000| Untracked 
|  34|0x0000000088200000, 0x0000000088300000, 0x0000000088300000|100%| O|  |TAMS 0x0000000088300000, 0x0000000088300000| Untracked 
|  35|0x0000000088300000, 0x0000000088400000, 0x0000000088400000|100%| O|  |TAMS 0x0000000088400000, 0x0000000088400000| Untracked 
|  36|0x0000000088400000, 0x0000000088500000, 0x0000000088500000|100%| O|  |TAMS 0x0000000088500000, 0x0000000088500000| Untracked 
|  37|0x0000000088500000, 0x0000000088600000, 0x0000000088600000|100%| O|  |TAMS 0x0000000088600000, 0x0000000088600000| Untracked 
|  38|0x0000000088600000, 0x0000000088700000, 0x0000000088700000|100%| O|  |TAMS 0x0000000088700000, 0x0000000088700000| Untracked 
|  39|0x0000000088700000, 0x0000000088800000, 0x0000000088800000|100%| O|  |TAMS 0x0000000088800000, 0x0000000088800000| Untracked 
|  40|0x0000000088800000, 0x0000000088900000, 0x0000000088900000|100%| O|  |TAMS 0x0000000088900000, 0x0000000088900000| Untracked 
|  41|0x0000000088900000, 0x0000000088a00000, 0x0000000088a00000|100%| O|  |TAMS 0x0000000088a00000, 0x0000000088a00000| Untracked 
|  42|0x0000000088a00000, 0x0000000088b00000, 0x0000000088b00000|100%| O|  |TAMS 0x0000000088b00000, 0x0000000088b00000| Untracked 
|  43|0x0000000088b00000, 0x0000000088c00000, 0x0000000088c00000|100%| O|  |TAMS 0x0000000088c00000, 0x0000000088c00000| Untracked 
|  44|0x0000000088c00000, 0x0000000088d00000, 0x0000000088d00000|100%| O|  |TAMS 0x0000000088d00000, 0x0000000088d00000| Untracked 
|  45|0x0000000088d00000, 0x0000000088e00000, 0x0000000088e00000|100%| O|  |TAMS 0x0000000088e00000, 0x0000000088e00000| Untracked 
|  46|0x0000000088e00000, 0x0000000088f00000, 0x0000000088f00000|100%| O|  |TAMS 0x0000000088f00000, 0x0000000088f00000| Untracked 
|  47|0x0000000088f00000, 0x0000000089000000, 0x0000000089000000|100%| O|  |TAMS 0x0000000089000000, 0x0000000089000000| Untracked 
|  48|0x0000000089000000, 0x0000000089100000, 0x0000000089100000|100%| O|  |TAMS 0x0000000089100000, 0x0000000089100000| Untracked 
|  49|0x0000000089100000, 0x0000000089200000, 0x0000000089200000|100%| O|  |TAMS 0x0000000089200000, 0x0000000089200000| Untracked 
|  50|0x0000000089200000, 0x0000000089300000, 0x0000000089300000|100%| O|  |TAMS 0x0000000089300000, 0x0000000089300000| Untracked 
|  51|0x0000000089300000, 0x0000000089400000, 0x0000000089400000|100%| O|  |TAMS 0x0000000089400000, 0x0000000089400000| Untracked 
|  52|0x0000000089400000, 0x0000000089500000, 0x0000000089500000|100%| O|  |TAMS 0x0000000089400000, 0x0000000089500000| Untracked 
|  53|0x0000000089500000, 0x0000000089600000, 0x0000000089600000|100%| O|  |TAMS 0x0000000089500000, 0x0000000089600000| Untracked 
|  54|0x0000000089600000, 0x0000000089600000, 0x0000000089700000|  0%| F|  |TAMS 0x0000000089600000, 0x0000000089600000| Untracked 
|  55|0x0000000089700000, 0x0000000089800000, 0x0000000089800000|100%| O|  |TAMS 0x0000000089800000, 0x0000000089800000| Untracked 
|  56|0x0000000089800000, 0x0000000089900000, 0x0000000089900000|100%| O|  |TAMS 0x0000000089900000, 0x0000000089900000| Untracked 
|  57|0x0000000089900000, 0x0000000089a00000, 0x0000000089a00000|100%| O|  |TAMS 0x0000000089a00000, 0x0000000089a00000| Untracked 
|  58|0x0000000089a00000, 0x0000000089b00000, 0x0000000089b00000|100%| O|  |TAMS 0x0000000089b00000, 0x0000000089b00000| Untracked 
|  59|0x0000000089b00000, 0x0000000089c00000, 0x0000000089c00000|100%| O|  |TAMS 0x0000000089c00000, 0x0000000089c00000| Untracked 
|  60|0x0000000089c00000, 0x0000000089d00000, 0x0000000089d00000|100%| O|  |TAMS 0x0000000089d00000, 0x0000000089d00000| Untracked 
|  61|0x0000000089d00000, 0x0000000089e00000, 0x0000000089e00000|100%| O|  |TAMS 0x0000000089e00000, 0x0000000089e00000| Untracked 
|  62|0x0000000089e00000, 0x0000000089f00000, 0x0000000089f00000|100%| O|  |TAMS 0x0000000089f00000, 0x0000000089f00000| Untracked 
|  63|0x0000000089f00000, 0x000000008a000000, 0x000000008a000000|100%| O|  |TAMS 0x000000008a000000, 0x000000008a000000| Untracked 
|  64|0x000000008a000000, 0x000000008a100000, 0x000000008a100000|100%| O|  |TAMS 0x000000008a100000, 0x000000008a100000| Untracked 
|  65|0x000000008a100000, 0x000000008a200000, 0x000000008a200000|100%| O|  |TAMS 0x000000008a200000, 0x000000008a200000| Untracked 
|  66|0x000000008a200000, 0x000000008a200000, 0x000000008a300000|  0%| F|  |TAMS 0x000000008a200000, 0x000000008a200000| Untracked 
|  67|0x000000008a300000, 0x000000008a300000, 0x000000008a400000|  0%| F|  |TAMS 0x000000008a300000, 0x000000008a300000| Untracked 
|  68|0x000000008a400000, 0x000000008a500000, 0x000000008a500000|100%| O|  |TAMS 0x000000008a500000, 0x000000008a500000| Untracked 
|  69|0x000000008a500000, 0x000000008a600000, 0x000000008a600000|100%| O|  |TAMS 0x000000008a560c00, 0x000000008a600000| Untracked 
|  70|0x000000008a600000, 0x000000008a700000, 0x000000008a700000|100%| O|  |TAMS 0x000000008a600000, 0x000000008a700000| Untracked 
|  71|0x000000008a700000, 0x000000008a800000, 0x000000008a800000|100%| O|  |TAMS 0x000000008a700000, 0x000000008a800000| Untracked 
|  72|0x000000008a800000, 0x000000008a900000, 0x000000008a900000|100%| O|  |TAMS 0x000000008a800000, 0x000000008a900000| Untracked 
|  73|0x000000008a900000, 0x000000008a952000, 0x000000008aa00000| 32%| O|  |TAMS 0x000000008a900000, 0x000000008a952000| Untracked 
|  74|0x000000008aa00000, 0x000000008aa00000, 0x000000008ab00000|  0%| F|  |TAMS 0x000000008aa00000, 0x000000008aa00000| Untracked 
|  75|0x000000008ab00000, 0x000000008ab00000, 0x000000008ac00000|  0%| F|  |TAMS 0x000000008ab00000, 0x000000008ab00000| Untracked 
|  76|0x000000008ac00000, 0x000000008ac00000, 0x000000008ad00000|  0%| F|  |TAMS 0x000000008ac00000, 0x000000008ac00000| Untracked 
|  77|0x000000008ad00000, 0x000000008ad00000, 0x000000008ae00000|  0%| F|  |TAMS 0x000000008ad00000, 0x000000008ad00000| Untracked 
|  78|0x000000008ae00000, 0x000000008ae00000, 0x000000008af00000|  0%| F|  |TAMS 0x000000008ae00000, 0x000000008ae00000| Untracked 
|  79|0x000000008af00000, 0x000000008af00000, 0x000000008b000000|  0%| F|  |TAMS 0x000000008af00000, 0x000000008af00000| Untracked 
|  80|0x000000008b000000, 0x000000008b000000, 0x000000008b100000|  0%| F|  |TAMS 0x000000008b000000, 0x000000008b000000| Untracked 
|  81|0x000000008b100000, 0x000000008b100000, 0x000000008b200000|  0%| F|  |TAMS 0x000000008b100000, 0x000000008b100000| Untracked 
|  82|0x000000008b200000, 0x000000008b200000, 0x000000008b300000|  0%| F|  |TAMS 0x000000008b200000, 0x000000008b200000| Untracked 
|  83|0x000000008b300000, 0x000000008b300000, 0x000000008b400000|  0%| F|  |TAMS 0x000000008b300000, 0x000000008b300000| Untracked 
|  84|0x000000008b400000, 0x000000008b400000, 0x000000008b500000|  0%| F|  |TAMS 0x000000008b400000, 0x000000008b400000| Untracked 
|  85|0x000000008b500000, 0x000000008b500000, 0x000000008b600000|  0%| F|  |TAMS 0x000000008b500000, 0x000000008b500000| Untracked 
|  86|0x000000008b600000, 0x000000008b600000, 0x000000008b700000|  0%| F|  |TAMS 0x000000008b600000, 0x000000008b600000| Untracked 
|  87|0x000000008b700000, 0x000000008b700000, 0x000000008b800000|  0%| F|  |TAMS 0x000000008b700000, 0x000000008b700000| Untracked 
|  88|0x000000008b800000, 0x000000008b800000, 0x000000008b900000|  0%| F|  |TAMS 0x000000008b800000, 0x000000008b800000| Untracked 
|  89|0x000000008b900000, 0x000000008b900000, 0x000000008ba00000|  0%| F|  |TAMS 0x000000008b900000, 0x000000008b900000| Untracked 
|  90|0x000000008ba00000, 0x000000008ba00000, 0x000000008bb00000|  0%| F|  |TAMS 0x000000008ba00000, 0x000000008ba00000| Untracked 
|  91|0x000000008bb00000, 0x000000008bb00000, 0x000000008bc00000|  0%| F|  |TAMS 0x000000008bb00000, 0x000000008bb00000| Untracked 
|  92|0x000000008bc00000, 0x000000008bc00000, 0x000000008bd00000|  0%| F|  |TAMS 0x000000008bc00000, 0x000000008bc00000| Untracked 
|  93|0x000000008bd00000, 0x000000008bd00000, 0x000000008be00000|  0%| F|  |TAMS 0x000000008bd00000, 0x000000008bd00000| Untracked 
|  94|0x000000008be00000, 0x000000008be00000, 0x000000008bf00000|  0%| F|  |TAMS 0x000000008be00000, 0x000000008be00000| Untracked 
|  95|0x000000008bf00000, 0x000000008bf00000, 0x000000008c000000|  0%| F|  |TAMS 0x000000008bf00000, 0x000000008bf00000| Untracked 
|  96|0x000000008c000000, 0x000000008c000000, 0x000000008c100000|  0%| F|  |TAMS 0x000000008c000000, 0x000000008c000000| Untracked 
|  97|0x000000008c100000, 0x000000008c100000, 0x000000008c200000|  0%| F|  |TAMS 0x000000008c100000, 0x000000008c100000| Untracked 
|  98|0x000000008c200000, 0x000000008c200000, 0x000000008c300000|  0%| F|  |TAMS 0x000000008c200000, 0x000000008c200000| Untracked 
|  99|0x000000008c300000, 0x000000008c300000, 0x000000008c400000|  0%| F|  |TAMS 0x000000008c300000, 0x000000008c300000| Untracked 
| 100|0x000000008c400000, 0x000000008c400000, 0x000000008c500000|  0%| F|  |TAMS 0x000000008c400000, 0x000000008c400000| Untracked 
| 101|0x000000008c500000, 0x000000008c500000, 0x000000008c600000|  0%| F|  |TAMS 0x000000008c500000, 0x000000008c500000| Untracked 
| 102|0x000000008c600000, 0x000000008c600000, 0x000000008c700000|  0%| F|  |TAMS 0x000000008c600000, 0x000000008c600000| Untracked 
| 103|0x000000008c700000, 0x000000008c700000, 0x000000008c800000|  0%| F|  |TAMS 0x000000008c700000, 0x000000008c700000| Untracked 
| 104|0x000000008c800000, 0x000000008c800000, 0x000000008c900000|  0%| F|  |TAMS 0x000000008c800000, 0x000000008c800000| Untracked 
| 105|0x000000008c900000, 0x000000008c915760, 0x000000008ca00000|  8%| S|CS|TAMS 0x000000008c900000, 0x000000008c900000| Complete 
| 106|0x000000008ca00000, 0x000000008cb00000, 0x000000008cb00000|100%| S|CS|TAMS 0x000000008ca00000, 0x000000008ca00000| Complete 
| 107|0x000000008cb00000, 0x000000008cb00000, 0x000000008cc00000|  0%| F|  |TAMS 0x000000008cb00000, 0x000000008cb00000| Untracked 
| 108|0x000000008cc00000, 0x000000008cc00000, 0x000000008cd00000|  0%| F|  |TAMS 0x000000008cc00000, 0x000000008cc00000| Untracked 
| 109|0x000000008cd00000, 0x000000008cd00000, 0x000000008ce00000|  0%| F|  |TAMS 0x000000008cd00000, 0x000000008cd00000| Untracked 
| 110|0x000000008ce00000, 0x000000008ce00000, 0x000000008cf00000|  0%| F|  |TAMS 0x000000008ce00000, 0x000000008ce00000| Untracked 
| 111|0x000000008cf00000, 0x000000008cf00000, 0x000000008d000000|  0%| F|  |TAMS 0x000000008cf00000, 0x000000008cf00000| Untracked 
| 112|0x000000008d000000, 0x000000008d000000, 0x000000008d100000|  0%| F|  |TAMS 0x000000008d000000, 0x000000008d000000| Untracked 
| 113|0x000000008d100000, 0x000000008d100000, 0x000000008d200000|  0%| F|  |TAMS 0x000000008d100000, 0x000000008d100000| Untracked 
| 114|0x000000008d200000, 0x000000008d200000, 0x000000008d300000|  0%| F|  |TAMS 0x000000008d200000, 0x000000008d200000| Untracked 
| 115|0x000000008d300000, 0x000000008d300000, 0x000000008d400000|  0%| F|  |TAMS 0x000000008d300000, 0x000000008d300000| Untracked 
| 116|0x000000008d400000, 0x000000008d400000, 0x000000008d500000|  0%| F|  |TAMS 0x000000008d400000, 0x000000008d400000| Untracked 
| 117|0x000000008d500000, 0x000000008d500000, 0x000000008d600000|  0%| F|  |TAMS 0x000000008d500000, 0x000000008d500000| Untracked 
| 118|0x000000008d600000, 0x000000008d600000, 0x000000008d700000|  0%| F|  |TAMS 0x000000008d600000, 0x000000008d600000| Untracked 
| 119|0x000000008d700000, 0x000000008d700000, 0x000000008d800000|  0%| F|  |TAMS 0x000000008d700000, 0x000000008d700000| Untracked 
| 120|0x000000008d800000, 0x000000008d800000, 0x000000008d900000|  0%| F|  |TAMS 0x000000008d800000, 0x000000008d800000| Untracked 
| 121|0x000000008d900000, 0x000000008d900000, 0x000000008da00000|  0%| F|  |TAMS 0x000000008d900000, 0x000000008d900000| Untracked 
| 122|0x000000008da00000, 0x000000008da00000, 0x000000008db00000|  0%| F|  |TAMS 0x000000008da00000, 0x000000008da00000| Untracked 
| 123|0x000000008db00000, 0x000000008db00000, 0x000000008dc00000|  0%| F|  |TAMS 0x000000008db00000, 0x000000008db00000| Untracked 
| 124|0x000000008dc00000, 0x000000008dc00000, 0x000000008dd00000|  0%| F|  |TAMS 0x000000008dc00000, 0x000000008dc00000| Untracked 
| 125|0x000000008dd00000, 0x000000008dd00000, 0x000000008de00000|  0%| F|  |TAMS 0x000000008dd00000, 0x000000008dd00000| Untracked 
| 126|0x000000008de00000, 0x000000008de00000, 0x000000008df00000|  0%| F|  |TAMS 0x000000008de00000, 0x000000008de00000| Untracked 
| 127|0x000000008df00000, 0x000000008df00000, 0x000000008e000000|  0%| F|  |TAMS 0x000000008df00000, 0x000000008df00000| Untracked 
| 128|0x000000008e000000, 0x000000008e000000, 0x000000008e100000|  0%| F|  |TAMS 0x000000008e000000, 0x000000008e000000| Untracked 
| 129|0x000000008e100000, 0x000000008e100000, 0x000000008e200000|  0%| F|  |TAMS 0x000000008e100000, 0x000000008e100000| Untracked 
| 130|0x000000008e200000, 0x000000008e200000, 0x000000008e300000|  0%| F|  |TAMS 0x000000008e200000, 0x000000008e200000| Untracked 
| 131|0x000000008e300000, 0x000000008e300000, 0x000000008e400000|  0%| F|  |TAMS 0x000000008e300000, 0x000000008e300000| Untracked 
| 132|0x000000008e400000, 0x000000008e400000, 0x000000008e500000|  0%| F|  |TAMS 0x000000008e400000, 0x000000008e400000| Untracked 
| 133|0x000000008e500000, 0x000000008e500000, 0x000000008e600000|  0%| F|  |TAMS 0x000000008e500000, 0x000000008e500000| Untracked 
| 134|0x000000008e600000, 0x000000008e600000, 0x000000008e700000|  0%| F|  |TAMS 0x000000008e600000, 0x000000008e600000| Untracked 
| 135|0x000000008e700000, 0x000000008e700000, 0x000000008e800000|  0%| F|  |TAMS 0x000000008e700000, 0x000000008e700000| Untracked 
| 136|0x000000008e800000, 0x000000008e800000, 0x000000008e900000|  0%| F|  |TAMS 0x000000008e800000, 0x000000008e800000| Untracked 
| 137|0x000000008e900000, 0x000000008e900000, 0x000000008ea00000|  0%| F|  |TAMS 0x000000008e900000, 0x000000008e900000| Untracked 
| 138|0x000000008ea00000, 0x000000008ea00000, 0x000000008eb00000|  0%| F|  |TAMS 0x000000008ea00000, 0x000000008ea00000| Untracked 
| 139|0x000000008eb00000, 0x000000008eb00000, 0x000000008ec00000|  0%| F|  |TAMS 0x000000008eb00000, 0x000000008eb00000| Untracked 
| 140|0x000000008ec00000, 0x000000008ec00000, 0x000000008ed00000|  0%| F|  |TAMS 0x000000008ec00000, 0x000000008ec00000| Untracked 
| 141|0x000000008ed00000, 0x000000008ed00000, 0x000000008ee00000|  0%| F|  |TAMS 0x000000008ed00000, 0x000000008ed00000| Untracked 
| 142|0x000000008ee00000, 0x000000008ee00000, 0x000000008ef00000|  0%| F|  |TAMS 0x000000008ee00000, 0x000000008ee00000| Untracked 
| 143|0x000000008ef00000, 0x000000008ef00000, 0x000000008f000000|  0%| F|  |TAMS 0x000000008ef00000, 0x000000008ef00000| Untracked 
| 144|0x000000008f000000, 0x000000008f000000, 0x000000008f100000|  0%| F|  |TAMS 0x000000008f000000, 0x000000008f000000| Untracked 
| 145|0x000000008f100000, 0x000000008f100000, 0x000000008f200000|  0%| F|  |TAMS 0x000000008f100000, 0x000000008f100000| Untracked 
| 146|0x000000008f200000, 0x000000008f200000, 0x000000008f300000|  0%| F|  |TAMS 0x000000008f200000, 0x000000008f200000| Untracked 
| 147|0x000000008f300000, 0x000000008f300000, 0x000000008f400000|  0%| F|  |TAMS 0x000000008f300000, 0x000000008f300000| Untracked 
| 148|0x000000008f400000, 0x000000008f400000, 0x000000008f500000|  0%| F|  |TAMS 0x000000008f400000, 0x000000008f400000| Untracked 
| 149|0x000000008f500000, 0x000000008f500000, 0x000000008f600000|  0%| F|  |TAMS 0x000000008f500000, 0x000000008f500000| Untracked 
| 150|0x000000008f600000, 0x000000008f600000, 0x000000008f700000|  0%| F|  |TAMS 0x000000008f600000, 0x000000008f600000| Untracked 
| 151|0x000000008f700000, 0x000000008f700000, 0x000000008f800000|  0%| F|  |TAMS 0x000000008f700000, 0x000000008f700000| Untracked 
| 152|0x000000008f800000, 0x000000008f800000, 0x000000008f900000|  0%| F|  |TAMS 0x000000008f800000, 0x000000008f800000| Untracked 
| 153|0x000000008f900000, 0x000000008f900000, 0x000000008fa00000|  0%| F|  |TAMS 0x000000008f900000, 0x000000008f900000| Untracked 
| 154|0x000000008fa00000, 0x000000008fa00000, 0x000000008fb00000|  0%| F|  |TAMS 0x000000008fa00000, 0x000000008fa00000| Untracked 
| 155|0x000000008fb00000, 0x000000008fb00000, 0x000000008fc00000|  0%| F|  |TAMS 0x000000008fb00000, 0x000000008fb00000| Untracked 
| 156|0x000000008fc00000, 0x000000008fc00000, 0x000000008fd00000|  0%| F|  |TAMS 0x000000008fc00000, 0x000000008fc00000| Untracked 
| 157|0x000000008fd00000, 0x000000008fd00000, 0x000000008fe00000|  0%| F|  |TAMS 0x000000008fd00000, 0x000000008fd00000| Untracked 
| 158|0x000000008fe00000, 0x000000008fe00000, 0x000000008ff00000|  0%| F|  |TAMS 0x000000008fe00000, 0x000000008fe00000| Untracked 
| 159|0x000000008ff00000, 0x000000008ff00000, 0x0000000090000000|  0%| F|  |TAMS 0x000000008ff00000, 0x000000008ff00000| Untracked 
| 160|0x0000000090000000, 0x0000000090000000, 0x0000000090100000|  0%| F|  |TAMS 0x0000000090000000, 0x0000000090000000| Untracked 
| 161|0x0000000090100000, 0x0000000090100000, 0x0000000090200000|  0%| F|  |TAMS 0x0000000090100000, 0x0000000090100000| Untracked 
| 162|0x0000000090200000, 0x0000000090200000, 0x0000000090300000|  0%| F|  |TAMS 0x0000000090200000, 0x0000000090200000| Untracked 
| 163|0x0000000090300000, 0x0000000090300000, 0x0000000090400000|  0%| F|  |TAMS 0x0000000090300000, 0x0000000090300000| Untracked 
| 164|0x0000000090400000, 0x0000000090400000, 0x0000000090500000|  0%| F|  |TAMS 0x0000000090400000, 0x0000000090400000| Untracked 
| 165|0x0000000090500000, 0x0000000090500000, 0x0000000090600000|  0%| F|  |TAMS 0x0000000090500000, 0x0000000090500000| Untracked 
| 166|0x0000000090600000, 0x0000000090600000, 0x0000000090700000|  0%| F|  |TAMS 0x0000000090600000, 0x0000000090600000| Untracked 
| 167|0x0000000090700000, 0x0000000090700000, 0x0000000090800000|  0%| F|  |TAMS 0x0000000090700000, 0x0000000090700000| Untracked 
| 168|0x0000000090800000, 0x0000000090800000, 0x0000000090900000|  0%| F|  |TAMS 0x0000000090800000, 0x0000000090800000| Untracked 
| 169|0x0000000090900000, 0x0000000090900000, 0x0000000090a00000|  0%| F|  |TAMS 0x0000000090900000, 0x0000000090900000| Untracked 
| 170|0x0000000090a00000, 0x0000000090a00000, 0x0000000090b00000|  0%| F|  |TAMS 0x0000000090a00000, 0x0000000090a00000| Untracked 
| 171|0x0000000090b00000, 0x0000000090b00000, 0x0000000090c00000|  0%| F|  |TAMS 0x0000000090b00000, 0x0000000090b00000| Untracked 
| 172|0x0000000090c00000, 0x0000000090c00000, 0x0000000090d00000|  0%| F|  |TAMS 0x0000000090c00000, 0x0000000090c00000| Untracked 
| 173|0x0000000090d00000, 0x0000000090d00000, 0x0000000090e00000|  0%| F|  |TAMS 0x0000000090d00000, 0x0000000090d00000| Untracked 
| 174|0x0000000090e00000, 0x0000000090e00000, 0x0000000090f00000|  0%| F|  |TAMS 0x0000000090e00000, 0x0000000090e00000| Untracked 
| 175|0x0000000090f00000, 0x0000000090f00000, 0x0000000091000000|  0%| F|  |TAMS 0x0000000090f00000, 0x0000000090f00000| Untracked 
| 176|0x0000000091000000, 0x0000000091000000, 0x0000000091100000|  0%| F|  |TAMS 0x0000000091000000, 0x0000000091000000| Untracked 
| 177|0x0000000091100000, 0x0000000091100000, 0x0000000091200000|  0%| F|  |TAMS 0x0000000091100000, 0x0000000091100000| Untracked 
| 178|0x0000000091200000, 0x0000000091200000, 0x0000000091300000|  0%| F|  |TAMS 0x0000000091200000, 0x0000000091200000| Untracked 
| 179|0x0000000091300000, 0x0000000091300000, 0x0000000091400000|  0%| F|  |TAMS 0x0000000091300000, 0x0000000091300000| Untracked 
| 180|0x0000000091400000, 0x0000000091400000, 0x0000000091500000|  0%| F|  |TAMS 0x0000000091400000, 0x0000000091400000| Untracked 
| 181|0x0000000091500000, 0x0000000091500000, 0x0000000091600000|  0%| F|  |TAMS 0x0000000091500000, 0x0000000091500000| Untracked 
| 182|0x0000000091600000, 0x0000000091600000, 0x0000000091700000|  0%| F|  |TAMS 0x0000000091600000, 0x0000000091600000| Untracked 
| 183|0x0000000091700000, 0x0000000091700000, 0x0000000091800000|  0%| F|  |TAMS 0x0000000091700000, 0x0000000091700000| Untracked 
| 184|0x0000000091800000, 0x0000000091800000, 0x0000000091900000|  0%| F|  |TAMS 0x0000000091800000, 0x0000000091800000| Untracked 
| 185|0x0000000091900000, 0x0000000091900000, 0x0000000091a00000|  0%| F|  |TAMS 0x0000000091900000, 0x0000000091900000| Untracked 
| 186|0x0000000091a00000, 0x0000000091a00000, 0x0000000091b00000|  0%| F|  |TAMS 0x0000000091a00000, 0x0000000091a00000| Untracked 
| 187|0x0000000091b00000, 0x0000000091b00000, 0x0000000091c00000|  0%| F|  |TAMS 0x0000000091b00000, 0x0000000091b00000| Untracked 
| 188|0x0000000091c00000, 0x0000000091c00000, 0x0000000091d00000|  0%| F|  |TAMS 0x0000000091c00000, 0x0000000091c00000| Untracked 
| 189|0x0000000091d00000, 0x0000000091d00000, 0x0000000091e00000|  0%| F|  |TAMS 0x0000000091d00000, 0x0000000091d00000| Untracked 
| 190|0x0000000091e00000, 0x0000000091e00000, 0x0000000091f00000|  0%| F|  |TAMS 0x0000000091e00000, 0x0000000091e00000| Untracked 
| 191|0x0000000091f00000, 0x0000000091f00000, 0x0000000092000000|  0%| F|  |TAMS 0x0000000091f00000, 0x0000000091f00000| Untracked 
| 192|0x0000000092000000, 0x0000000092000000, 0x0000000092100000|  0%| F|  |TAMS 0x0000000092000000, 0x0000000092000000| Untracked 
| 193|0x0000000092100000, 0x0000000092100000, 0x0000000092200000|  0%| F|  |TAMS 0x0000000092100000, 0x0000000092100000| Untracked 

Card table byte_map: [0x00000208b6640000,0x00000208b6a10000] _byte_map_base: 0x00000208b6210000

Marking Bits (Prev, Next): (CMBitMap*) 0x00000208ab659520, (CMBitMap*) 0x00000208ab659560
 Prev Bits: [0x00000208b6de0000, 0x00000208b8c60000)
 Next Bits: [0x00000208b8c60000, 0x00000208baae0000)

Polling page: 0x00000208a94b0000

Metaspace:

Usage:
  Non-class:     85.95 MB used.
      Class:     13.96 MB used.
       Both:     99.92 MB used.

Virtual space:
  Non-class space:      128.00 MB reserved,      86.38 MB ( 67%) committed,  2 nodes.
      Class space:        1.00 GB reserved,      14.25 MB (  1%) committed,  1 nodes.
             Both:        1.12 GB reserved,     100.62 MB (  9%) committed. 

Chunk freelists:
   Non-Class:  9.24 MB
       Class:  1.74 MB
        Both:  10.98 MB

MaxMetaspaceSize: unlimited
CompressedClassSpaceSize: 1.00 GB
Initial GC threshold: 21.00 MB
Current GC threshold: 167.50 MB
CDS: on
MetaspaceReclaimPolicy: balanced
 - commit_granule_bytes: 65536.
 - commit_granule_words: 8192.
 - virtual_space_node_default_size: 8388608.
 - enlarge_chunks_in_place: 1.
 - new_chunks_are_fully_committed: 0.
 - uncommit_free_chunks: 1.
 - use_allocation_guard: 0.
 - handle_deallocations: 1.


Internal statistics:

num_allocs_failed_limit: 6.
num_arena_births: 1516.
num_arena_deaths: 676.
num_vsnodes_births: 3.
num_vsnodes_deaths: 0.
num_space_committed: 1611.
num_space_uncommitted: 1.
num_chunks_returned_to_freelist: 867.
num_chunks_taken_from_freelist: 5475.
num_chunk_merges: 265.
num_chunk_splits: 3645.
num_chunks_enlarged: 2723.
num_inconsistent_stats: 0.

CodeCache: size=49152Kb used=29309Kb max_used=29873Kb free=19842Kb
 bounds [0x00000208b3160000, 0x00000208b4f00000, 0x00000208b6160000]
 total_blobs=16894 nmethods=15768 adapters=1051
 compilation: enabled
              stopped_count=0, restarted_count=0
 full_count=0

Compilation events (20 events):
Event: 21020.372 Thread 0x00000208bd58c240 nmethod 16210 0x00000208b4bb2910 code [0x00000208b4bb2aa0, 0x00000208b4bb2b78]
Event: 21020.372 Thread 0x00000208bd58c240 16214       1       com.arabsoft.reports.Entities.OffConv::getCod_conv (5 bytes)
Event: 21020.373 Thread 0x00000208bd58c240 nmethod 16214 0x00000208b4bb2610 code [0x00000208b4bb27a0, 0x00000208b4bb2878]
Event: 21020.373 Thread 0x00000208bd58c240 16215       1       com.arabsoft.reports.Entities.OffConv::getCod_off (5 bytes)
Event: 21020.373 Thread 0x00000208bd58c240 nmethod 16215 0x00000208b4bb2310 code [0x00000208b4bb24a0, 0x00000208b4bb2578]
Event: 21020.373 Thread 0x00000208bd58c240 16216       1       com.arabsoft.reports.Entities.OffConv::getLib_off (5 bytes)
Event: 21020.373 Thread 0x00000208bd58c240 nmethod 16216 0x00000208b4bb2010 code [0x00000208b4bb21a0, 0x00000208b4bb2278]
Event: 21020.373 Thread 0x00000208bd58c240 16217       1       com.arabsoft.reports.Entities.OffConv::getDat_off (5 bytes)
Event: 21020.373 Thread 0x0000020886da24a0 nmethod 16208 0x00000208b4bb1390 code [0x00000208b4bb15c0, 0x00000208b4bb1bc8]
Event: 21020.373 Thread 0x0000020886da24a0 16218       1       com.arabsoft.reports.Entities.OffConv::getMnt_off (5 bytes)
Event: 21020.373 Thread 0x00000208bd58c240 nmethod 16217 0x00000208b4bb1090 code [0x00000208b4bb1220, 0x00000208b4bb12f8]
Event: 21020.373 Thread 0x00000208bd58c240 16219       1       com.arabsoft.reports.Entities.OffConv::getCateg_off (5 bytes)
Event: 21020.373 Thread 0x0000020886da24a0 nmethod 16218 0x00000208b4bb0d90 code [0x00000208b4bb0f20, 0x00000208b4bb0ff8]
Event: 21020.373 Thread 0x00000208bd58c240 nmethod 16219 0x00000208b4bb0a90 code [0x00000208b4bb0c20, 0x00000208b4bb0cf8]
Event: 21020.373 Thread 0x00000208bd58c240 16204       1       org.hibernate.sql.results.graph.embeddable.internal.EmbeddableFetchImpl::getFetchContainer (5 bytes)
Event: 21020.373 Thread 0x00000208bd58c240 nmethod 16204 0x00000208b4bb0790 code [0x00000208b4bb0920, 0x00000208b4bb09f8]
Event: 21020.373 Thread 0x0000020886da24a0 16212       1       java.util.GregorianCalendar::internalGetEra (18 bytes)
Event: 21020.374 Thread 0x0000020886da24a0 nmethod 16212 0x00000208b4bb0310 code [0x00000208b4bb04c0, 0x00000208b4bb0638]
Event: 21020.660 Thread 0x00000208bd58c240 16220       1       oracle.jdbc.driver.DynamicByteArray::free (63 bytes)
Event: 21020.661 Thread 0x00000208bd58c240 nmethod 16220 0x00000208b4bafe10 code [0x00000208b4baffc0, 0x00000208b4bb01a8]

GC Heap History (20 events):
Event: 18826.017 GC heap after
{Heap after GC invocations=92 (full 0):
 garbage-first heap   total 198656K, used 61074K [0x0000000086000000, 0x0000000100000000)
  region size 1024K, 2 young (2048K), 2 survivors (2048K)
 Metaspace       used 102179K, committed 103040K, reserved 1179648K
  class space    used 14264K, committed 14592K, reserved 1048576K
}
Event: 20266.410 GC heap before
{Heap before GC invocations=92 (full 0):
 garbage-first heap   total 198656K, used 171666K [0x0000000086000000, 0x0000000100000000)
  region size 1024K, 110 young (112640K), 2 survivors (2048K)
 Metaspace       used 102195K, committed 103040K, reserved 1179648K
  class space    used 14267K, committed 14592K, reserved 1048576K
}
Event: 20266.483 GC heap after
{Heap after GC invocations=93 (full 0):
 garbage-first heap   total 198656K, used 61250K [0x0000000086000000, 0x0000000100000000)
  region size 1024K, 2 young (2048K), 2 survivors (2048K)
 Metaspace       used 102195K, committed 103040K, reserved 1179648K
  class space    used 14267K, committed 14592K, reserved 1048576K
}
Event: 20330.640 GC heap before
{Heap before GC invocations=94 (full 0):
 garbage-first heap   total 198656K, used 170818K [0x0000000086000000, 0x0000000100000000)
  region size 1024K, 110 young (112640K), 2 survivors (2048K)
 Metaspace       used 102269K, committed 103040K, reserved 1179648K
  class space    used 14281K, committed 14592K, reserved 1048576K
}
Event: 20330.771 GC heap after
{Heap after GC invocations=95 (full 0):
 garbage-first heap   total 198656K, used 64473K [0x0000000086000000, 0x0000000100000000)
  region size 1024K, 5 young (5120K), 5 survivors (5120K)
 Metaspace       used 102269K, committed 103040K, reserved 1179648K
  class space    used 14281K, committed 14592K, reserved 1048576K
}
Event: 20330.800 GC heap before
{Heap before GC invocations=95 (full 0):
 garbage-first heap   total 198656K, used 68569K [0x0000000086000000, 0x0000000100000000)
  region size 1024K, 9 young (9216K), 5 survivors (5120K)
 Metaspace       used 102269K, committed 103040K, reserved 1179648K
  class space    used 14281K, committed 14592K, reserved 1048576K
}
Event: 20331.103 GC heap after
{Heap after GC invocations=96 (full 0):
 garbage-first heap   total 198656K, used 65401K [0x0000000086000000, 0x0000000100000000)
  region size 1024K, 2 young (2048K), 2 survivors (2048K)
 Metaspace       used 102269K, committed 103040K, reserved 1179648K
  class space    used 14281K, committed 14592K, reserved 1048576K
}
Event: 20779.310 GC heap before
{Heap before GC invocations=96 (full 0):
 garbage-first heap   total 198656K, used 169849K [0x0000000086000000, 0x0000000100000000)
  region size 1024K, 104 young (106496K), 2 survivors (2048K)
 Metaspace       used 102271K, committed 103040K, reserved 1179648K
  class space    used 14282K, committed 14592K, reserved 1048576K
}
Event: 20779.373 GC heap after
{Heap after GC invocations=97 (full 0):
 garbage-first heap   total 198656K, used 70439K [0x0000000086000000, 0x0000000100000000)
  region size 1024K, 7 young (7168K), 7 survivors (7168K)
 Metaspace       used 102271K, committed 103040K, reserved 1179648K
  class space    used 14282K, committed 14592K, reserved 1048576K
}
Event: 20780.613 GC heap before
{Heap before GC invocations=98 (full 0):
 garbage-first heap   total 198656K, used 86823K [0x0000000086000000, 0x0000000100000000)
  region size 1024K, 23 young (23552K), 7 survivors (7168K)
 Metaspace       used 102248K, committed 103040K, reserved 1179648K
  class space    used 14277K, committed 14592K, reserved 1048576K
}
Event: 20780.625 GC heap after
{Heap after GC invocations=99 (full 0):
 garbage-first heap   total 198656K, used 69751K [0x0000000086000000, 0x0000000100000000)
  region size 1024K, 3 young (3072K), 3 survivors (3072K)
 Metaspace       used 102248K, committed 103040K, reserved 1179648K
  class space    used 14277K, committed 14592K, reserved 1048576K
}
Event: 20780.643 GC heap before
{Heap before GC invocations=99 (full 0):
 garbage-first heap   total 198656K, used 75895K [0x0000000086000000, 0x0000000100000000)
  region size 1024K, 9 young (9216K), 3 survivors (3072K)
 Metaspace       used 102248K, committed 103040K, reserved 1179648K
  class space    used 14277K, committed 14592K, reserved 1048576K
}
Event: 20780.648 GC heap after
{Heap after GC invocations=100 (full 0):
 garbage-first heap   total 198656K, used 70019K [0x0000000086000000, 0x0000000100000000)
  region size 1024K, 1 young (1024K), 1 survivors (1024K)
 Metaspace       used 102248K, committed 103040K, reserved 1179648K
  class space    used 14277K, committed 14592K, reserved 1048576K
}
Event: 20913.534 GC heap before
{Heap before GC invocations=100 (full 0):
 garbage-first heap   total 198656K, used 163203K [0x0000000086000000, 0x0000000100000000)
  region size 1024K, 92 young (94208K), 1 survivors (1024K)
 Metaspace       used 102321K, committed 103040K, reserved 1179648K
  class space    used 14297K, committed 14592K, reserved 1048576K
}
Event: 20913.604 GC heap after
{Heap after GC invocations=101 (full 0):
 garbage-first heap   total 198656K, used 76421K [0x0000000086000000, 0x0000000100000000)
  region size 1024K, 8 young (8192K), 8 survivors (8192K)
 Metaspace       used 102321K, committed 103040K, reserved 1179648K
  class space    used 14297K, committed 14592K, reserved 1048576K
}
Event: 21018.544 GC heap before
{Heap before GC invocations=102 (full 0):
 garbage-first heap   total 198656K, used 160389K [0x0000000086000000, 0x0000000100000000)
  region size 1024K, 91 young (93184K), 8 survivors (8192K)
 Metaspace       used 102309K, committed 103040K, reserved 1179648K
  class space    used 14294K, committed 14592K, reserved 1048576K
}
Event: 21018.569 GC heap after
{Heap after GC invocations=103 (full 0):
 garbage-first heap   total 198656K, used 75394K [0x0000000086000000, 0x0000000100000000)
  region size 1024K, 6 young (6144K), 6 survivors (6144K)
 Metaspace       used 102309K, committed 103040K, reserved 1179648K
  class space    used 14294K, committed 14592K, reserved 1048576K
}
Event: 21018.583 GC heap before
{Heap before GC invocations=103 (full 0):
 garbage-first heap   total 198656K, used 78466K [0x0000000086000000, 0x0000000100000000)
  region size 1024K, 9 young (9216K), 6 survivors (6144K)
 Metaspace       used 102309K, committed 103040K, reserved 1179648K
  class space    used 14294K, committed 14592K, reserved 1048576K
}
Event: 21018.600 GC heap after
{Heap after GC invocations=104 (full 0):
 garbage-first heap   total 198656K, used 73172K [0x0000000086000000, 0x0000000100000000)
  region size 1024K, 2 young (2048K), 2 survivors (2048K)
 Metaspace       used 102309K, committed 103040K, reserved 1179648K
  class space    used 14294K, committed 14592K, reserved 1048576K
}
Event: 21045.434 GC heap before
{Heap before GC invocations=104 (full 0):
 garbage-first heap   total 198656K, used 160212K [0x0000000086000000, 0x0000000100000000)
  region size 1024K, 87 young (89088K), 2 survivors (2048K)
 Metaspace       used 102313K, committed 103040K, reserved 1179648K
  class space    used 14295K, committed 14592K, reserved 1048576K
}

Dll operation events (18 events):
Event: 0.012 Loaded shared library C:\Users\Lenovo\.jdks\corretto-17.0.17\bin\java.dll
Event: 0.027 Loaded shared library C:\Users\Lenovo\.jdks\corretto-17.0.17\bin\jsvml.dll
Event: 0.252 Loaded shared library C:\Users\Lenovo\.jdks\corretto-17.0.17\bin\zip.dll
Event: 0.254 Loaded shared library C:\Users\Lenovo\.jdks\corretto-17.0.17\bin\instrument.dll
Event: 0.264 Loaded shared library C:\Users\Lenovo\.jdks\corretto-17.0.17\bin\net.dll
Event: 0.267 Loaded shared library C:\Users\Lenovo\.jdks\corretto-17.0.17\bin\nio.dll
Event: 0.272 Loaded shared library C:\Users\Lenovo\.jdks\corretto-17.0.17\bin\zip.dll
Event: 1.206 Loaded shared library C:\Users\Lenovo\.jdks\corretto-17.0.17\bin\jimage.dll
Event: 3.506 Loaded shared library C:\Program Files\JetBrains\IntelliJ IDEA 2022.2\bin\breakgen64.dll
Event: 3.517 Loaded shared library C:\Users\Lenovo\.jdks\corretto-17.0.17\bin\extnet.dll
Event: 3.524 Loaded shared library C:\Users\Lenovo\.jdks\corretto-17.0.17\bin\management.dll
Event: 3.537 Loaded shared library C:\Users\Lenovo\.jdks\corretto-17.0.17\bin\management_ext.dll
Event: 3.912 Loaded shared library C:\Users\Lenovo\.jdks\corretto-17.0.17\bin\verify.dll
Event: 5.111 Loaded shared library C:\Users\Lenovo\.jdks\corretto-17.0.17\bin\sunmscapi.dll
Event: 2994.851 Loaded shared library C:\Users\Lenovo\.jdks\corretto-17.0.17\bin\awt.dll
Event: 2995.403 Loaded shared library C:\Users\Lenovo\.jdks\corretto-17.0.17\bin\freetype.dll
Event: 2995.405 Loaded shared library C:\Users\Lenovo\.jdks\corretto-17.0.17\bin\fontmanager.dll
Event: 2997.349 Loaded shared library C:\Users\Lenovo\.jdks\corretto-17.0.17\bin\lcms.dll

Deoptimization events (18 events):
Event: 4.762 Thread 0x00000208841e2020 DEOPT PACKING pc=0x00000208b34f591c sp=0x00000012502fd580
Event: 4.762 Thread 0x00000208841e2020 DEOPT UNPACKING pc=0x00000208b31b7143 sp=0x00000012502fca48 mode 0
Event: 9.874 Thread 0x00000208841e2020 DEOPT PACKING pc=0x00000208b39dc60c sp=0x00000012502fc6f0
Event: 9.874 Thread 0x00000208841e2020 DEOPT UNPACKING pc=0x00000208b31b7143 sp=0x00000012502fbba8 mode 0
Event: 10.095 Thread 0x00000208841e2020 DEOPT PACKING pc=0x00000208b3af38b5 sp=0x00000012502fd230
Event: 10.095 Thread 0x00000208841e2020 DEOPT UNPACKING pc=0x00000208b31b7143 sp=0x00000012502fc7d8 mode 0
Event: 11.267 Thread 0x00000208841e2020 DEOPT PACKING pc=0x00000208b3765081 sp=0x00000012502fde30
Event: 11.267 Thread 0x00000208841e2020 DEOPT UNPACKING pc=0x00000208b31b7143 sp=0x00000012502fd2c0 mode 3
Event: 11.267 Thread 0x00000208847bc3d0 DEOPT PACKING pc=0x00000208b358dd97 sp=0x00000012508fefa0
Event: 11.267 Thread 0x00000208847bc3d0 DEOPT UNPACKING pc=0x00000208b31b7143 sp=0x00000012508fe3f8 mode 3
Event: 13.978 Thread 0x00000208841e2020 DEOPT PACKING pc=0x00000208b3de75f4 sp=0x00000012502fbe20
Event: 13.978 Thread 0x00000208841e2020 DEOPT UNPACKING pc=0x00000208b31b7143 sp=0x00000012502fb2a8 mode 0
Event: 14.796 Thread 0x00000208841e2020 DEOPT PACKING pc=0x00000208b37ff51c sp=0x00000012502fc650
Event: 14.796 Thread 0x00000208841e2020 DEOPT UNPACKING pc=0x00000208b31b7143 sp=0x00000012502fbba8 mode 0
Event: 15.018 Thread 0x00000208841e2020 DEOPT PACKING pc=0x00000208b374f6a2 sp=0x00000012502fc650
Event: 15.018 Thread 0x00000208841e2020 DEOPT UNPACKING pc=0x00000208b31b7143 sp=0x00000012502fbb58 mode 3
Event: 15.020 Thread 0x00000208841e2020 DEOPT PACKING pc=0x00000208b374c39d sp=0x00000012502fc610
Event: 15.020 Thread 0x00000208841e2020 DEOPT UNPACKING pc=0x00000208b31b7143 sp=0x00000012502fbb58 mode 3

Classes loaded (20 events):
Event: 9477.338 Loading class java/text/java$util$Date
Event: 9477.338 Loading class java/text/java$util$Date done
Event: 9477.346 Loading class java/io/java$util$Date
Event: 9477.346 Loading class java/io/java$util$Date done
Event: 9477.353 Loading class java/net/java$util$Date
Event: 9477.353 Loading class java/net/java$util$Date done
Event: 9477.355 Loading class java/lang/java$util$Date
Event: 9477.355 Loading class java/lang/java$util$Date done
Event: 9477.371 Loading class java/util/java$sql$Connection
Event: 9477.371 Loading class java/util/java$sql$Connection done
Event: 9477.375 Loading class java/math/java$sql$Connection
Event: 9477.375 Loading class java/math/java$sql$Connection done
Event: 9477.379 Loading class java/text/java$sql$Connection
Event: 9477.379 Loading class java/text/java$sql$Connection done
Event: 9477.382 Loading class java/io/java$sql$Connection
Event: 9477.383 Loading class java/io/java$sql$Connection done
Event: 9477.387 Loading class java/net/java$sql$Connection
Event: 9477.388 Loading class java/net/java$sql$Connection done
Event: 9477.389 Loading class java/lang/java$sql$Connection
Event: 9477.389 Loading class java/lang/java$sql$Connection done

Classes unloaded (20 events):
Event: 20779.745 Thread 0x00000208bd567f40 Unloading class 0x00000208bf187800 'jdk/internal/reflect/GeneratedMethodAccessor115'
Event: 20779.745 Thread 0x00000208bd567f40 Unloading class 0x00000208bfe45c00 'jdk/internal/reflect/GeneratedMethodAccessor114'
Event: 20779.745 Thread 0x00000208bd567f40 Unloading class 0x00000208bfb3a000 'jdk/internal/reflect/GeneratedConstructorAccessor104'
Event: 20779.745 Thread 0x00000208bd567f40 Unloading class 0x00000208bf188400 'jdk/internal/reflect/GeneratedMethodAccessor113'
Event: 20779.746 Thread 0x00000208bd567f40 Unloading class 0x00000208bf365000 'jdk/internal/reflect/GeneratedMethodAccessor112'
Event: 20779.746 Thread 0x00000208bd567f40 Unloading class 0x00000208bf375000 'jdk/internal/reflect/GeneratedMethodAccessor111'
Event: 20779.746 Thread 0x00000208bd567f40 Unloading class 0x00000208bf376000 'jdk/internal/reflect/GeneratedConstructorAccessor103'
Event: 20779.746 Thread 0x00000208bd567f40 Unloading class 0x00000208bf37c400 'jdk/internal/reflect/GeneratedMethodAccessor110'
Event: 20779.746 Thread 0x00000208bd567f40 Unloading class 0x00000208bf37c800 'jdk/internal/reflect/GeneratedMethodAccessor109'
Event: 20779.746 Thread 0x00000208bd567f40 Unloading class 0x00000208bf470000 'jdk/internal/reflect/GeneratedMethodAccessor108'
Event: 20779.746 Thread 0x00000208bd567f40 Unloading class 0x00000208bfe47000 'jdk/internal/reflect/GeneratedMethodAccessor107'
Event: 20779.746 Thread 0x00000208bd567f40 Unloading class 0x00000208bfe04c00 'jdk/internal/reflect/GeneratedMethodAccessor106'
Event: 20779.746 Thread 0x00000208bd567f40 Unloading class 0x00000208bfd8c400 'jdk/internal/reflect/GeneratedConstructorAccessor102'
Event: 20779.746 Thread 0x00000208bd567f40 Unloading class 0x00000208bfd8d400 'jdk/internal/reflect/GeneratedMethodAccessor105'
Event: 20914.003 Thread 0x00000208bd567f40 Unloading class 0x00000208bf187800 'java/lang/invoke/LambdaForm$MH+0x00000208bf187800'
Event: 20914.003 Thread 0x00000208bd567f40 Unloading class 0x00000208bf120000 'java/lang/invoke/LambdaForm$MH+0x00000208bf120000'
Event: 20914.003 Thread 0x00000208bd567f40 Unloading class 0x00000208bf0d6000 'java/lang/invoke/LambdaForm$MH+0x00000208bf0d6000'
Event: 20914.004 Thread 0x00000208bd567f40 Unloading class 0x00000208bf0d4c00 'java/lang/invoke/LambdaForm$MH+0x00000208bf0d4c00'
Event: 20914.004 Thread 0x00000208bd567f40 Unloading class 0x00000208bf0c0800 'java/lang/invoke/LambdaForm$MH+0x00000208bf0c0800'
Event: 20914.004 Thread 0x00000208bd567f40 Unloading class 0x00000208bf009800 'java/lang/invoke/LambdaForm$MH+0x00000208bf009800'

Classes redefined (0 events):
No events

Internal exceptions (20 events):
Event: 2996.947 Thread 0x00000208860bfd40 Exception <a 'java/lang/ClassNotFoundException'{0x000000008c8ccc30}: sun/net/www/protocol/c/Handler> (0x000000008c8ccc30) 
thrown [s\src\hotspot\share\classfile\systemDictionary.cpp, line 256]
Event: 2997.043 Thread 0x00000208860bfd40 Exception <a 'java/lang/ClassNotFoundException'{0x000000008c5137d0}: presidence_header_1764233785909_933330BeanInfo> (0x000000008c5137d0) 
thrown [s\src\hotspot\share\classfile\systemDictionary.cpp, line 256]
Event: 2997.044 Thread 0x00000208860bfd40 Exception <a 'java/lang/ClassNotFoundException'{0x000000008c520d18}: presidence_header_1764233785909_933330Customizer> (0x000000008c520d18) 
thrown [s\src\hotspot\share\classfile\systemDictionary.cpp, line 256]
Event: 2997.056 Thread 0x000002088b52a080 Exception <a 'java/lang/ClassNotFoundException'{0x000000008c407bf8}: java/util/DateBeanInfo> (0x000000008c407bf8) 
thrown [s\src\hotspot\share\classfile\systemDictionary.cpp, line 256]
Event: 2997.057 Thread 0x000002088b52a080 Exception <a 'java/lang/ClassNotFoundException'{0x000000008c40ad08}: java/util/DateCustomizer> (0x000000008c40ad08) 
thrown [s\src\hotspot\share\classfile\systemDictionary.cpp, line 256]
Event: 2997.064 Thread 0x000002088b52a080 Exception <a 'java/lang/ClassNotFoundException'{0x000000008c4a6ed8}: sun/net/www/protocol/c/Handler> (0x000000008c4a6ed8) 
thrown [s\src\hotspot\share\classfile\systemDictionary.cpp, line 256]
Event: 2997.154 Thread 0x000002088b52dd40 Exception <a 'java/lang/ClassNotFoundException'{0x000000008c1298c0}: net/sf/jasperreports/engine/fill/JRFillFieldBeanInfo> (0x000000008c1298c0) 
thrown [s\src\hotspot\share\classfile\systemDictionary.cpp, line 256]
Event: 2997.155 Thread 0x000002088b52dd40 Exception <a 'java/lang/ClassNotFoundException'{0x000000008c132540}: net/sf/jasperreports/engine/fill/JRFillFieldCustomizer> (0x000000008c132540) 
thrown [s\src\hotspot\share\classfile\systemDictionary.cpp, line 256]
Event: 2997.188 Thread 0x000002088b52dd40 Exception <a 'java/lang/ClassNotFoundException'{0x000000008c005f40}: net/sf/jasperreports/engine/fill/JRFillVariableBeanInfo> (0x000000008c005f40) 
thrown [s\src\hotspot\share\classfile\systemDictionary.cpp, line 256]
Event: 2997.188 Thread 0x000002088b52dd40 Exception <a 'java/lang/ClassNotFoundException'{0x000000008c00ee90}: net/sf/jasperreports/engine/fill/JRFillVariableCustomizer> (0x000000008c00ee90) 
thrown [s\src\hotspot\share\classfile\systemDictionary.cpp, line 256]
Event: 9477.495 Thread 0x00000208860c1ba0 Exception <a 'java/lang/ClassNotFoundException'{0x000000008cf2a1d8}: bord_bs_det_arriv_1764323147689_318211BeanInfo> (0x000000008cf2a1d8) 
thrown [s\src\hotspot\share\classfile\systemDictionary.cpp, line 256]
Event: 9477.496 Thread 0x00000208860c1ba0 Exception <a 'java/lang/ClassNotFoundException'{0x000000008cf36730}: bord_bs_det_arriv_1764323147689_318211Customizer> (0x000000008cf36730) 
thrown [s\src\hotspot\share\classfile\systemDictionary.cpp, line 256]
Event: 9477.502 Thread 0x00000208860c1ba0 Exception <a 'java/lang/ClassNotFoundException'{0x000000008cf67eb0}: bord_bs_det_arriv_visites_1764323147689_318211BeanInfo> (0x000000008cf67eb0) 
thrown [s\src\hotspot\share\classfile\systemDictionary.cpp, line 256]
Event: 9477.502 Thread 0x00000208860c1ba0 Exception <a 'java/lang/ClassNotFoundException'{0x000000008cf74dd0}: bord_bs_det_arriv_visites_1764323147689_318211Customizer> (0x000000008cf74dd0) 
thrown [s\src\hotspot\share\classfile\systemDictionary.cpp, line 256]
Event: 9477.506 Thread 0x00000208860c1ba0 Exception <a 'java/lang/ClassNotFoundException'{0x000000008cfa1e80}: bord_bs_det_arriv_med_1764323147689_318211BeanInfo> (0x000000008cfa1e80) 
thrown [s\src\hotspot\share\classfile\systemDictionary.cpp, line 256]
Event: 9477.506 Thread 0x00000208860c1ba0 Exception <a 'java/lang/ClassNotFoundException'{0x000000008cfaead8}: bord_bs_det_arriv_med_1764323147689_318211Customizer> (0x000000008cfaead8) 
thrown [s\src\hotspot\share\classfile\systemDictionary.cpp, line 256]
Event: 9477.511 Thread 0x00000208860c1ba0 Exception <a 'java/lang/ClassNotFoundException'{0x000000008cfdbdd0}: bord_bs_det_arriv_act_1764323147689_318211BeanInfo> (0x000000008cfdbdd0) 
thrown [s\src\hotspot\share\classfile\systemDictionary.cpp, line 256]
Event: 9477.512 Thread 0x00000208860c1ba0 Exception <a 'java/lang/ClassNotFoundException'{0x000000008cfe89e8}: bord_bs_det_arriv_act_1764323147689_318211Customizer> (0x000000008cfe89e8) 
thrown [s\src\hotspot\share\classfile\systemDictionary.cpp, line 256]
Event: 9477.516 Thread 0x00000208860c1ba0 Exception <a 'java/lang/ClassNotFoundException'{0x000000008ce15898}: bord_bs_det_arriv_app_1764323147689_318211BeanInfo> (0x000000008ce15898) 
thrown [s\src\hotspot\share\classfile\systemDictionary.cpp, line 256]
Event: 9477.517 Thread 0x00000208860c1ba0 Exception <a 'java/lang/ClassNotFoundException'{0x000000008ce224b0}: bord_bs_det_arriv_app_1764323147689_318211Customizer> (0x000000008ce224b0) 
thrown [s\src\hotspot\share\classfile\systemDictionary.cpp, line 256]

VM Operations (20 events):
Event: 20915.254 Executing VM operation: G1PauseCleanup done
Event: 20916.255 Executing VM operation: Cleanup
Event: 20916.255 Executing VM operation: Cleanup done
Event: 20924.346 Executing VM operation: HandshakeAllThreads
Event: 20924.346 Executing VM operation: HandshakeAllThreads done
Event: 20984.469 Executing VM operation: HandshakeAllThreads
Event: 20984.470 Executing VM operation: HandshakeAllThreads done
Event: 21016.595 Executing VM operation: Cleanup
Event: 21016.596 Executing VM operation: Cleanup done
Event: 21018.544 Executing VM operation: G1CollectForAllocation
Event: 21018.569 Executing VM operation: G1CollectForAllocation done
Event: 21018.583 Executing VM operation: G1CollectForAllocation
Event: 21018.601 Executing VM operation: G1CollectForAllocation done
Event: 21019.601 Executing VM operation: Cleanup
Event: 21019.601 Executing VM operation: Cleanup done
Event: 21020.614 Executing VM operation: Cleanup
Event: 21020.614 Executing VM operation: Cleanup done
Event: 21044.607 Executing VM operation: HandshakeAllThreads
Event: 21044.607 Executing VM operation: HandshakeAllThreads done
Event: 21045.434 Executing VM operation: G1CollectForAllocation

Memory protections (0 events):
No events

Nmethod flushes (20 events):
Event: 2994.921 Thread 0x00000208bd58cc40 flushing  nmethod 0x00000208b412de10
Event: 2994.921 Thread 0x00000208bd58cc40 flushing  nmethod 0x00000208b4131490
Event: 2994.921 Thread 0x00000208bd58cc40 flushing  nmethod 0x00000208b41af390
Event: 2994.921 Thread 0x00000208bd58cc40 flushing  nmethod 0x00000208b4249390
Event: 2994.922 Thread 0x00000208bd58cc40 flushing  nmethod 0x00000208b4353710
Event: 2997.286 Thread 0x00000208bd58cc40 flushing  nmethod 0x00000208b3648910
Event: 2997.287 Thread 0x00000208bd58cc40 flushing  nmethod 0x00000208b3881290
Event: 2997.287 Thread 0x00000208bd58cc40 flushing  nmethod 0x00000208b38c5b10
Event: 2997.287 Thread 0x00000208bd58cc40 flushing  nmethod 0x00000208b39ef390
Event: 2997.287 Thread 0x00000208bd58cc40 flushing  nmethod 0x00000208b3ad1390
Event: 2997.289 Thread 0x00000208bd58cc40 flushing  nmethod 0x00000208b3edce10
Event: 2997.289 Thread 0x00000208bd58cc40 flushing  nmethod 0x00000208b407b390
Event: 2997.289 Thread 0x00000208bd58cc40 flushing  nmethod 0x00000208b4092b90
Event: 2997.290 Thread 0x00000208bd58cc40 flushing  nmethod 0x00000208b41d5490
Event: 2997.290 Thread 0x00000208bd58cc40 flushing  nmethod 0x00000208b41f0490
Event: 2997.290 Thread 0x00000208bd58cc40 flushing  nmethod 0x00000208b434ad90
Event: 2997.290 Thread 0x00000208bd58cc40 flushing  nmethod 0x00000208b4359390
Event: 2997.290 Thread 0x00000208bd58cc40 flushing  nmethod 0x00000208b435dd90
Event: 2997.290 Thread 0x00000208bd58cc40 flushing  nmethod 0x00000208b4402110
Event: 2997.290 Thread 0x00000208bd58cc40 flushing  nmethod 0x00000208b451c290

Events (20 events):
Event: 20914.770 Thread 0x00000208860c25c0 Thread added: 0x000002088b52f180
Event: 20914.772 Thread 0x000002088b52f180 Thread exited: 0x000002088b52f180
Event: 20970.100 Thread 0x00000208860bf830 Thread added: 0x000002088b52f180
Event: 20970.155 Thread 0x000002088b52f180 Thread exited: 0x000002088b52f180
Event: 21015.809 Thread 0x00000208860c34f0 Thread added: 0x000002088b52f180
Event: 21015.813 Thread 0x000002088b52f180 Thread exited: 0x000002088b52f180
Event: 21018.176 Thread 0x00000208860bd9d0 Thread added: 0x000002088b52aaa0
Event: 21018.177 Thread 0x000002088b52aaa0 Thread exited: 0x000002088b52aaa0
Event: 21018.739 Thread 0x00000208860bfd40 Thread added: 0x000002088b52b4c0
Event: 21018.740 Thread 0x000002088b52b4c0 Thread exited: 0x000002088b52b4c0
Event: 21018.752 Thread 0x00000208860c2ad0 Thread added: 0x000002088b52f690
Event: 21018.753 Thread 0x000002088b52f690 Thread exited: 0x000002088b52f690
Event: 21019.224 Thread 0x00000208860c25c0 Thread added: 0x000002088b52f180
Event: 21019.226 Thread 0x000002088b52f180 Thread exited: 0x000002088b52f180
Event: 21019.769 Thread 0x00000208860c1ba0 Thread added: 0x000002088b52f180
Event: 21019.770 Thread 0x000002088b52f180 Thread exited: 0x000002088b52f180
Event: 21020.358 Thread 0x00000208860c20b0 Thread added: 0x000002088b52f180
Event: 21020.359 Thread 0x000002088b52f180 Thread exited: 0x000002088b52f180
Event: 21020.370 Thread 0x00000208bd58c240 Thread added: 0x0000020886da24a0
Event: 21025.660 Thread 0x0000020886da24a0 Thread exited: 0x0000020886da24a0


Dynamic libraries:
0x00007ff66e670000 - 0x00007ff66e67e000 	C:\Users\Lenovo\.jdks\corretto-17.0.17\bin\java.exe
0x00007ff877e30000 - 0x00007ff878028000 	C:\Windows\SYSTEM32\ntdll.dll
0x00007ff877210000 - 0x00007ff8772d2000 	C:\Windows\System32\KERNEL32.DLL
0x00007ff8758f0000 - 0x00007ff875be6000 	C:\Windows\System32\KERNELBASE.dll
0x00007ff875d20000 - 0x00007ff875e20000 	C:\Windows\System32\ucrtbase.dll
0x00007ff85c200000 - 0x00007ff85c21e000 	C:\Users\Lenovo\.jdks\corretto-17.0.17\bin\VCRUNTIME140.dll
0x00007ff86b6b0000 - 0x00007ff86b6c8000 	C:\Users\Lenovo\.jdks\corretto-17.0.17\bin\jli.dll
0x00007ff876e80000 - 0x00007ff877021000 	C:\Windows\System32\USER32.dll
0x00007ff875680000 - 0x00007ff8756a2000 	C:\Windows\System32\win32u.dll
0x00007ff8771e0000 - 0x00007ff87720b000 	C:\Windows\System32\GDI32.dll
0x00007ff8754c0000 - 0x00007ff8755d9000 	C:\Windows\System32\gdi32full.dll
0x00007ff859660000 - 0x00007ff8598fb000 	C:\Windows\WinSxS\amd64_microsoft.windows.common-controls_6595b64144ccf1df_6.0.19041.6456_none_60b8a6cb71f64256\COMCTL32.dll
0x00007ff8772e0000 - 0x00007ff87737e000 	C:\Windows\System32\msvcrt.dll
0x00007ff8755e0000 - 0x00007ff87567d000 	C:\Windows\System32\msvcp_win.dll
0x00007ff8768c0000 - 0x00007ff8768ef000 	C:\Windows\System32\IMM32.DLL
0x00007ff8615e0000 - 0x00007ff8615ec000 	C:\Users\Lenovo\.jdks\corretto-17.0.17\bin\vcruntime140_1.dll
0x00007ff849400000 - 0x00007ff849489000 	C:\Users\Lenovo\.jdks\corretto-17.0.17\bin\msvcp140.dll
0x00007ffff75d0000 - 0x00007ffff8244000 	C:\Users\Lenovo\.jdks\corretto-17.0.17\bin\server\jvm.dll
0x00007ff877ba0000 - 0x00007ff877c51000 	C:\Windows\System32\ADVAPI32.dll
0x00007ff875e50000 - 0x00007ff875eef000 	C:\Windows\System32\sechost.dll
0x00007ff8765b0000 - 0x00007ff8766d0000 	C:\Windows\System32\RPCRT4.dll
0x00007ff875e20000 - 0x00007ff875e47000 	C:\Windows\System32\bcrypt.dll
0x00007ff876990000 - 0x00007ff8769fb000 	C:\Windows\System32\WS2_32.dll
0x00007ff874a10000 - 0x00007ff874a5b000 	C:\Windows\SYSTEM32\POWRPROF.dll
0x00007ff869050000 - 0x00007ff869077000 	C:\Windows\SYSTEM32\WINMM.dll
0x00007ff860850000 - 0x00007ff86085a000 	C:\Windows\SYSTEM32\VERSION.dll
0x00007ff874880000 - 0x00007ff874892000 	C:\Windows\SYSTEM32\UMPDC.dll
0x00007ff8734f0000 - 0x00007ff873502000 	C:\Windows\SYSTEM32\kernel.appcore.dll
0x00007ff85c1f0000 - 0x00007ff85c1fa000 	C:\Users\Lenovo\.jdks\corretto-17.0.17\bin\jimage.dll
0x00007ff873040000 - 0x00007ff873241000 	C:\Windows\SYSTEM32\DBGHELP.DLL
0x00007ff84e950000 - 0x00007ff84e984000 	C:\Windows\SYSTEM32\dbgcore.DLL
0x00007ff8756b0000 - 0x00007ff875732000 	C:\Windows\System32\bcryptPrimitives.dll
0x00007ff86d320000 - 0x00007ff86d32f000 	C:\Users\Lenovo\.jdks\corretto-17.0.17\bin\instrument.dll
0x00007ff859980000 - 0x00007ff8599a6000 	C:\Users\Lenovo\.jdks\corretto-17.0.17\bin\java.dll
0x00007ff840410000 - 0x00007ff8404e7000 	C:\Users\Lenovo\.jdks\corretto-17.0.17\bin\jsvml.dll
0x00007ff877380000 - 0x00007ff877af0000 	C:\Windows\System32\SHELL32.dll
0x00007ff873510000 - 0x00007ff873cb5000 	C:\Windows\SYSTEM32\windows.storage.dll
0x00007ff876b20000 - 0x00007ff876e74000 	C:\Windows\System32\combase.dll
0x00007ff874e10000 - 0x00007ff874e3b000 	C:\Windows\SYSTEM32\Wldp.dll
0x00007ff876790000 - 0x00007ff87685d000 	C:\Windows\System32\OLEAUT32.dll
0x00007ff877af0000 - 0x00007ff877b9d000 	C:\Windows\System32\SHCORE.dll
0x00007ff876730000 - 0x00007ff87678b000 	C:\Windows\System32\shlwapi.dll
0x00007ff8753f0000 - 0x00007ff875414000 	C:\Windows\SYSTEM32\profapi.dll
0x00007ff8593e0000 - 0x00007ff8593f8000 	C:\Users\Lenovo\.jdks\corretto-17.0.17\bin\zip.dll
0x00007ff859960000 - 0x00007ff85997b000 	C:\Users\Lenovo\.jdks\corretto-17.0.17\bin\net.dll
0x00007ff86e290000 - 0x00007ff86e39a000 	C:\Windows\SYSTEM32\WINHTTP.dll
0x00007ff874bf0000 - 0x00007ff874c5a000 	C:\Windows\system32\mswsock.dll
0x00007ff859940000 - 0x00007ff859956000 	C:\Users\Lenovo\.jdks\corretto-17.0.17\bin\nio.dll
0x00007ff858e50000 - 0x00007ff858e6a000 	C:\Program Files\JetBrains\IntelliJ IDEA 2022.2\bin\breakgen64.dll
0x00007ff8748f0000 - 0x00007ff8749ba000 	C:\Windows\SYSTEM32\DNSAPI.dll
0x00007ff8748a0000 - 0x00007ff8748db000 	C:\Windows\SYSTEM32\IPHLPAPI.DLL
0x00007ff877de0000 - 0x00007ff877de8000 	C:\Windows\System32\NSI.dll
0x00007ff858e30000 - 0x00007ff858e39000 	C:\Users\Lenovo\.jdks\corretto-17.0.17\bin\extnet.dll
0x00007ff86ab30000 - 0x00007ff86ab3a000 	C:\Windows\System32\rasadhlp.dll
0x00007ff86a2c0000 - 0x00007ff86a340000 	C:\Windows\System32\fwpuclnt.dll
0x00007ff86d310000 - 0x00007ff86d31a000 	C:\Users\Lenovo\.jdks\corretto-17.0.17\bin\management.dll
0x00007ff85bfb0000 - 0x00007ff85bfbc000 	C:\Users\Lenovo\.jdks\corretto-17.0.17\bin\management_ext.dll
0x00007ff876980000 - 0x00007ff876988000 	C:\Windows\System32\PSAPI.DLL
0x00007ff874e50000 - 0x00007ff874e68000 	C:\Windows\SYSTEM32\CRYPTSP.dll
0x00007ff8744c0000 - 0x00007ff8744f8000 	C:\Windows\system32\rsaenh.dll
0x00007ff8753b0000 - 0x00007ff8753de000 	C:\Windows\SYSTEM32\USERENV.dll
0x00007ff874d80000 - 0x00007ff874d8c000 	C:\Windows\SYSTEM32\CRYPTBASE.dll
0x00007ff86f3c0000 - 0x00007ff86f3d7000 	C:\Windows\SYSTEM32\dhcpcsvc6.DLL
0x00007ff86f3a0000 - 0x00007ff86f3bd000 	C:\Windows\SYSTEM32\dhcpcsvc.DLL
0x00007ff851de0000 - 0x00007ff851df7000 	C:\Windows\system32\napinsp.dll
0x00007ff851dc0000 - 0x00007ff851ddb000 	C:\Windows\system32\pnrpnsp.dll
0x00007ff871b30000 - 0x00007ff871b4d000 	C:\Windows\system32\wshbth.dll
0x00007ff86f860000 - 0x00007ff86f87d000 	C:\Windows\system32\NLAapi.dll
0x00007ff851da0000 - 0x00007ff851db2000 	C:\Windows\System32\winrnr.dll
0x00007ff858cd0000 - 0x00007ff858ce0000 	C:\Users\Lenovo\.jdks\corretto-17.0.17\bin\verify.dll
0x00007ff8593d0000 - 0x00007ff8593de000 	C:\Users\Lenovo\.jdks\corretto-17.0.17\bin\sunmscapi.dll
0x00007ff875740000 - 0x00007ff87589d000 	C:\Windows\System32\CRYPT32.dll
0x00007ff874f60000 - 0x00007ff874f87000 	C:\Windows\SYSTEM32\ncrypt.dll
0x00007ff874f20000 - 0x00007ff874f5b000 	C:\Windows\SYSTEM32\NTASN1.dll
0x00007ff84c9f0000 - 0x00007ff84c9f7000 	C:\Windows\system32\wshunix.dll
0x00007ff8293b0000 - 0x00007ff829546000 	C:\Users\Lenovo\.jdks\corretto-17.0.17\bin\awt.dll
0x00007ff871810000 - 0x00007ff8718a4000 	C:\Windows\SYSTEM32\apphelp.dll
0x00007ff872c10000 - 0x00007ff872c3e000 	C:\Windows\system32\DWMAPI.DLL
0x00007ff872a20000 - 0x00007ff872abe000 	C:\Windows\system32\uxtheme.dll
0x00007ff83fbb0000 - 0x00007ff83fc37000 	C:\Users\Lenovo\.jdks\corretto-17.0.17\bin\freetype.dll
0x00007ff833a80000 - 0x00007ff833b70000 	C:\Users\Lenovo\.jdks\corretto-17.0.17\bin\fontmanager.dll
0x00007ff86b4f0000 - 0x00007ff86b532000 	C:\Users\Lenovo\.jdks\corretto-17.0.17\bin\lcms.dll

dbghelp: loaded successfully - version: 4.0.5 - missing functions: none
symbol engine: initialized successfully - sym options: 0x614 - pdb path: .;C:\Users\Lenovo\.jdks\corretto-17.0.17\bin;C:\Windows\SYSTEM32;C:\Windows\WinSxS\amd64_microsoft.windows.common-controls_6595b64144ccf1df_6.0.19041.6456_none_60b8a6cb71f64256;C:\Users\Lenovo\.jdks\corretto-17.0.17\bin\server;C:\Program Files\JetBrains\IntelliJ IDEA 2022.2\bin

VM Arguments:
jvm_args: -XX:TieredStopAtLevel=1 -Dspring.output.ansi.enabled=always -Dcom.sun.management.jmxremote -Dspring.jmx.enabled=true -Dspring.liveBeansView.mbeanDomain -Dspring.application.admin.enabled=true -javaagent:C:\Program Files\JetBrains\IntelliJ IDEA 2022.2\lib\idea_rt.jar=55211:C:\Program Files\JetBrains\IntelliJ IDEA 2022.2\bin -Dfile.encoding=UTF-8 
java_command: com.arabsoft.reports.ReportsApplication
java_class_path (initial): C:\Users\Lenovo\Desktop\Mutuelle\backend-mutuelle\reports\target\classes;C:\Users\Lenovo\.m2\repository\org\springframework\boot\spring-boot-starter-actuator\3.3.7\spring-boot-starter-actuator-3.3.7.jar;C:\Users\Lenovo\.m2\repository\org\springframework\boot\spring-boot-starter\3.3.7\spring-boot-starter-3.3.7.jar;C:\Users\Lenovo\.m2\repository\org\springframework\boot\spring-boot-starter-logging\3.3.7\spring-boot-starter-logging-3.3.7.jar;C:\Users\Lenovo\.m2\repository\ch\qos\logback\logback-classic\1.5.12\logback-classic-1.5.12.jar;C:\Users\Lenovo\.m2\repository\ch\qos\logback\logback-core\1.5.12\logback-core-1.5.12.jar;C:\Users\Lenovo\.m2\repository\org\apache\logging\log4j\log4j-to-slf4j\2.23.1\log4j-to-slf4j-2.23.1.jar;C:\Users\Lenovo\.m2\repository\org\slf4j\jul-to-slf4j\2.0.16\jul-to-slf4j-2.0.16.jar;C:\Users\Lenovo\.m2\repository\jakarta\annotation\jakarta.annotation-api\2.1.1\jakarta.annotation-api-2.1.1.jar;C:\Users\Lenovo\.m2\repository\org\yaml\snakeyaml\2.2\snakeyaml-2.2.jar;C:\Users\Lenovo\.m2\repository\org\springframework\boot\spring-boot-actuator-autoconfigure\3.3.7\spring-boot-actuator-autoconfigure-3.3.7.jar;C:\Users\Lenovo\.m2\repository\org\springframework\boot\spring-boot-actuator\3.3.7\spring-boot-actuator-3.3.7.jar;C:\Users\Lenovo\.m2\repository\io\micrometer\micrometer-observation\1.13.9\micrometer-observation-1.13.9.jar;C:\Users\Lenovo\.m2\repository\io\micrometer\micrometer-commons\1.13.9\micrometer-commons-1.13.9.jar;C:\Users\Lenovo\.m2\repository\io\micrometer\micrometer-jakarta9\1.13.9\micrometer-jakarta9-1.13.9.jar;C:\Users\Lenovo\.m2\repository\io\micrometer\micrometer-core\1.13.9\micrometer-core-1.13.9.jar;C:\Users\Lenovo\.m2\repository\org\hdrhistogram\HdrHistogram\2.2.2\HdrHistogram-2.2.2.jar;C:\Users\Lenovo\.m2\repository\org\latencyutils\LatencyUtils\2.0.3\LatencyUtils-2.0.3.jar;C:\Users\Lenovo\.m2\repository\org\springframework\boot\spring-boot-starter-data-jpa\3.3.7\spring-boot-starter-data-jpa-3.3.7
Launcher Type: SUN_STANDARD

[Global flags]
     intx CICompilerCount                          = 4                                         {product} {ergonomic}
     uint ConcGCThreads                            = 2                                         {product} {ergonomic}
     uint G1ConcRefinementThreads                  = 8                                         {product} {ergonomic}
   size_t G1HeapRegionSize                         = 1048576                                   {product} {ergonomic}
    uintx GCDrainStackTargetSize                   = 64                                        {product} {ergonomic}
   size_t InitialHeapSize                          = 127926272                                 {product} {ergonomic}
     bool ManagementServer                         = true                                      {product} {command line}
   size_t MarkStackSize                            = 4194304                                   {product} {ergonomic}
   size_t MaxHeapSize                              = 2046820352                                {product} {ergonomic}
   size_t MaxNewSize                               = 1227882496                                {product} {ergonomic}
   size_t MinHeapDeltaBytes                        = 1048576                                   {product} {ergonomic}
   size_t MinHeapSize                              = 8388608                                   {product} {ergonomic}
    uintx NonProfiledCodeHeapSize                  = 0                                      {pd product} {ergonomic}
     bool ProfileInterpreter                       = false                                  {pd product} {command line}
    uintx ProfiledCodeHeapSize                     = 0                                      {pd product} {ergonomic}
   size_t SoftMaxHeapSize                          = 2046820352                             {manageable} {ergonomic}
     intx TieredStopAtLevel                        = 1                                         {product} {command line}
     bool UseCompressedClassPointers               = true                           {product lp64_product} {ergonomic}
     bool UseCompressedOops                        = true                           {product lp64_product} {ergonomic}
     bool UseG1GC                                  = true                                      {product} {ergonomic}
     bool UseLargePagesIndividualAllocation        = false                                  {pd product} {ergonomic}

Logging:
Log output configuration:
 #0: stdout all=warning uptime,level,tags
 #1: stderr all=off uptime,level,tags

Environment Variables:
JAVA_HOME=C:\Program Files\Java\jdk-17
PATH=C:\Program Files\Java\jdk-17\bin;D:\ORACLE\ORACLE11G\bin;C:\Python313\Scripts\;C:\Python313\;C:\Program Files\Common Files\Oracle\Java\javapath;C:\Windows\system32;C:\Windows;C:\Windows\System32\Wbem;C:\Windows\System32\WindowsPowerShell\v1.0\;C:\Windows\System32\OpenSSH\;C:\ProgramData\chocolatey\bin;C:\Program Files\Git\cmd;C:\Program Files\Docker\Docker\resources\bin;C:\Program Files\nodejs\;c:\Users\Lenovo\AppData\Local\Programs\Trae\bin;C:\Users\Lenovo\AppData\Local\Microsoft\WindowsApps;C:\Users\Lenovo\AppData\Local\Programs\Microsoft VS Code\bin;C:\Users\Lenovo\AppData\Local\GitHubDesktop\bin;C:\Program Files\Java\jdk-17;C:\Users\Lenovo\AppData\Local\Programs\Windsurf\bin;C:\Users\Lenovo\AppData\Local\PowerToys\;;C:\Program Files\JetBrains\IntelliJ IDEA 2022.2\bin;;C:\Users\Lenovo\AppData\Roaming\npm;C:\Users\Lenovo\AppData\Local\Programs\Antigravity\bin
USERNAME=Lenovo
OS=Windows_NT
PROCESSOR_IDENTIFIER=Intel64 Family 6 Model 191 Stepping 5, GenuineIntel
TMP=C:\Users\Lenovo\AppData\Local\Temp
TEMP=C:\Users\Lenovo\AppData\Local\Temp



Periodic native trim disabled


---------------  S Y S T E M  ---------------

OS:
 Windows 10 , 64 bit Build 19041 (10.0.19041.5915)
OS uptime: 7 days 3:11 hours
Hyper-V role detected

CPU: total 8 (initial active 8) (4 cores per cpu, 2 threads per core) family 6 model 191 stepping 5 microcode 0x32, cx8, cmov, fxsr, ht, mmx, 3dnowpref, sse, sse2, sse3, ssse3, sse4.1, sse4.2, popcnt, lzcnt, tsc, tscinvbit, avx, avx2, aes, erms, clmul, bmi1, bmi2, adx, sha, fma, vzeroupper, clflush, clflushopt, clwb, hv
Processor Information for all 8 processors :
  Max Mhz: 3500, Current Mhz: 3500, Mhz Limit: 3500

Memory: 4k page, system-wide physical 7806M (229M free)
TotalPageFile size 31358M (AvailPageFile size 364M)
current process WorkingSet (physical memory assigned to process): 179M, peak: 337M
current process commit charge ("private bytes"): 471M, peak: 859M

vm_info: OpenJDK 64-Bit Server VM (17.0.17+10-LTS) for windows-amd64 JRE (17.0.17+10-LTS), built on Oct 16 2025 05:23:10 by "Administrator" with unknown MS VC++:1944

END.
